Component: ARM Compiler 5.06 update 4 (build 422) Tool: armlink [4d35d2]

==============================================================================

Section Cross References

    main.o(i.SET_Uart_Choose_BT) refers to flash.o(i.FLASH_EraseSector) for FLASH_EraseSector
    main.o(i.Set_Uart_Choose_PC) refers to flash.o(i.FLASH_EraseSector) for FLASH_EraseSector
    main.o(i.Set_Uart_Choose_PC) refers to flash.o(i.FLASH_Program1LongWord) for FLASH_Program1LongWord
    main.o(i.Set_Uart_Choose_PC1) refers to flash.o(i.FLASH_EraseSector) for FLASH_EraseSector
    main.o(i.Set_Uart_Choose_PC1) refers to flash.o(i.FLASH_Program1LongWord) for FLASH_Program1LongWord
    main.o(i.main) refers to app_updata.o(i.Is_IapMode) for Is_IapMode
    main.o(i.main) refers to app_updata.o(i.BootloaderJumpToApp) for BootloaderJumpToApp
    main.o(i.main) refers to app_updata.o(i.Is_ResetMode) for Is_ResetMode
    main.o(i.main) refers to system_skeaz1284.o(i.SystemInit_A) for SystemInit_A
    main.o(i.main) refers to bsp.o(i.Bsp_Clock_Init) for Bsp_Clock_Init
    main.o(i.main) refers to bsp.o(i.Bsp_SysTick_Init) for Bsp_SysTick_Init
    main.o(i.main) refers to bsp.o(i.Bsp_WDOG_Init) for Bsp_WDOG_Init
    main.o(i.main) refers to gpio.o(i.GPIO_PinInit) for GPIO_PinInit
    main.o(i.main) refers to mw_gpio.o(i.LED_Init) for LED_Init
    main.o(i.main) refers to mw_gpio.o(i.SYS_Power_Ctl) for SYS_Power_Ctl
    main.o(i.main) refers to gpio.o(i.GPIO_PinSet) for GPIO_PinSet
    main.o(i.main) refers to sch_common.o(i.SysWaitMs) for SysWaitMs
    main.o(i.main) refers to bsp.o(i.Bsp_FLASH_Init) for Bsp_FLASH_Init
    main.o(i.main) refers to app_updata.o(i.In_ResetMode) for In_ResetMode
    main.o(i.main) refers to main.o(i.Is_Uart_Choose_PC) for Is_Uart_Choose_PC
    main.o(i.main) refers to main.o(i.Is_Uart_Choose_PC1) for Is_Uart_Choose_PC1
    main.o(i.main) refers to app_updata.o(i.Updata_Init) for Updata_Init
    main.o(i.main) refers to bsp.o(i.Bsp_UART_Init) for Bsp_UART_Init
    main.o(i.main) refers to bsp.o(i.Bsp_Relocation_Int) for Bsp_Relocation_Int
    main.o(i.main) refers to bsp.o(i.FeedDog) for FeedDog
    main.o(i.main) refers to app_updata.o(i.MCU_Updata_pro) for MCU_Updata_pro
    main.o(i.main) refers to task.o(i.SCH_Task_Execute) for SCH_Task_Execute
    main.o(i.main) refers to app_arm.o(i.ArmDataRxPro) for ArmDataRxPro
    main.o(i.main) refers to app_arm.o(.data) for Uart_ARM
    bsp.o(i.Bsp_ADC_Init) refers to mw_adc.o(i.SysAdcInit) for SysAdcInit
    bsp.o(i.Bsp_CAN_Init) refers to mw_can.o(i.SysCanInit) for SysCanInit
    bsp.o(i.Bsp_Clock_Init) refers to sysinit.o(i.sysinit) for sysinit
    bsp.o(i.Bsp_FLASH_Init) refers to mw_flash.o(i.SysFlashInit) for SysFlashInit
    bsp.o(i.Bsp_GPIO_Init) refers to gpio.o(i.GPIO_DeInit) for GPIO_DeInit
    bsp.o(i.Bsp_GPIO_Init) refers to mw_gpio.o(i.GPIOInit) for GPIOInit
    bsp.o(i.Bsp_I2C_Init) refers to mw_i2c.o(i.I2C0Init) for I2C0Init
    bsp.o(i.Bsp_I2C_Init) refers to mw_i2c.o(i.I2C1Init) for I2C1Init
    bsp.o(i.Bsp_PIT_Init) refers to pit.o(i.PIT_Init) for PIT_Init
    bsp.o(i.Bsp_RTC_Init) refers to mw_rtc.o(i.SysRtcInit) for SysRtcInit
    bsp.o(i.Bsp_Relocation_Int) refers to arm_cm0.o(i.write_vtor) for write_vtor
    bsp.o(i.Bsp_SysTick_Close) refers to systick.o(i.systick_disable) for systick_disable
    bsp.o(i.Bsp_TIM_Init) refers to mw_time.o(i.FTM0_PWM_Init) for FTM0_PWM_Init
    bsp.o(i.Bsp_UART_Init) refers to mw_uart.o(i.SysUartInit) for SysUartInit
    bsp.o(i.Bsp_WDOG_Close) refers to wdog.o(i.WDOG_Disable) for WDOG_Disable
    bsp.o(i.Bsp_WDOG_Init) refers to wdog.o(i.WDOG_Init) for WDOG_Init
    bsp.o(i.Bsp_WDOG_Init) refers to wdog.o(i.WDOG_Enable) for WDOG_Enable
    bsp.o(i.FeedDog) refers to wdog.o(i.WDOG_Feed) for WDOG_Feed
    interrupt.o(i.RTC_IRQHandler) refers to mw_rtc.o(i.GetCurrentTime) for GetCurrentTime
    interrupt.o(i.SysTick_Handler) refers to aeabi_sdiv.o(.text) for __aeabi_uidivmod
    interrupt.o(i.SysTick_Handler) refers to system.o(.bss) for Sys
    interrupt.o(i.UART0_IRQHandler) refers to mw_uart.o(i.UART_IntSerive) for UART_IntSerive
    interrupt.o(i.UART1_IRQHandler) refers to mw_uart.o(i.UART_IntSerive) for UART_IntSerive
    interrupt.o(i.UART2_IRQHandler) refers to mw_uart.o(i.UART_IntSerive) for UART_IntSerive
    system.o(i.SysDataInit) refers to sch_common.o(i.sch_memset) for sch_memset
    system.o(i.SysDataInit) refers to system.o(.bss) for .bss
    task.o(i.SCH_Task_Execute) refers to task.o(i.Task_8ms_Pro) for Task_8ms_Pro
    task.o(i.SCH_Task_Execute) refers to task.o(i.Task_100ms_Pro) for Task_100ms_Pro
    task.o(i.SCH_Task_Execute) refers to system.o(.bss) for Sys
    task.o(i.Task_100ms_Pro) refers to aeabi_sdiv.o(.text) for __aeabi_uidivmod
    task.o(i.Task_100ms_Pro) refers to mw_gpio.o(i.LED_Ctl) for LED_Ctl
    task.o(i.Task_100ms_Pro) refers to app_updata.o(i.IAP_Pro) for IAP_Pro
    task.o(i.Task_100ms_Pro) refers to task.o(.data) for .data
[...]
    Removing sim.o(.revsh_text), (4 bytes).
    Removing sim.o(i.SIM_GetStatus), (12 bytes).
    Removing sim.o(i.SIM_ReadID), (32 bytes).
    Removing sim.o(i.SIM_SetClockGating), (24 bytes).
    Removing pmc.o(.rev16_text), (4 bytes).
    Removing pmc.o(.revsh_text), (4 bytes).
    Removing pmc.o(i.PMC_DeInit), (10 bytes).
    Removing pmc.o(i.PMC_Init), (10 bytes).
    Removing pmc.o(i.PMC_SetMode), (48 bytes).
    Removing sch_queue.o(.rev16_text), (4 bytes).
    Removing sch_queue.o(.revsh_text), (4 bytes).
    Removing sch_queue.o(i.Queue_Insert), (88 bytes).
    Removing sch_queue.o(i.Queue_IsEmpty), (14 bytes).
    Removing sch_queue.o(i.Queue_IsFull), (16 bytes).
    Removing sch_common.o(.rev16_text), (4 bytes).
    Removing sch_common.o(.revsh_text), (4 bytes).
    Removing sch_common.o(i.GetAverage_U16), (32 bytes).
    Removing sch_common.o(i.GetAverage_U8), (32 bytes).
    Removing sch_common.o(i.GetCheckData_Add), (26 bytes).
    Removing sch_common.o(i.GetMax), (8 bytes).
    Removing sch_common.o(i.GetMin), (8 bytes).
    Removing sch_common.o(i.IsInArray_U16), (32 bytes).
    Removing sch_common.o(i.IsInArray_U8), (30 bytes).
    Removing sch_common.o(i.IsInData), (22 bytes).
    Removing sch_common.o(i.IsInRange), (20 bytes).
    Removing sch_message.o(.rev16_text), (4 bytes).
    Removing sch_message.o(.revsh_text), (4 bytes).
    Removing sch_message.o(i.ClearAllModeMessage), (20 bytes).
    Removing sch_message.o(i.ClearMessage), (20 bytes).
    Removing sch_message.o(i.InsertMessage), (28 bytes).
    Removing sch_printf.o(.rev16_text), (4 bytes).
    Removing sch_printf.o(.revsh_text), (4 bytes).
    Removing system_skeaz1284.o(.rev16_text), (4 bytes).
    Removing system_skeaz1284.o(.revsh_text), (4 bytes).
    Removing system_skeaz1284.o(i.SystemCoreClockUpdate), (128 bytes).
    Removing system_skeaz1284.o(.data), (4 bytes).

322 unused section(s) (total 12713 bytes) removed from the image.

==============================================================================

Image Symbol Table

    Local Symbols

    Symbol Name                              Value     Ov Type        Size  Object(Section)

    RESET                                    0x00000000   Section      192  startup_skeaz1284.o(RESET)
    ../clib/angel/boardlib.s                 0x00000000   Number         0  boardinit3.o ABSOLUTE
    ../clib/angel/boardlib.s                 0x00000000   Number         0  boardshut.o ABSOLUTE
    ../clib/angel/boardlib.s                 0x00000000   Number         0  boardinit1.o ABSOLUTE
    ../clib/angel/boardlib.s                 0x00000000   Number         0  boardinit2.o ABSOLUTE
    ../clib/angel/handlers.s                 0x00000000   Number         0  __scatter_copy.o ABSOLUTE
    ../clib/angel/handlers.s                 0x00000000   Number         0  __scatter_zi.o ABSOLUTE
    ../clib/angel/kernel.s                   0x00000000   Number         0  __rtentry2.o ABSOLUTE
    ../clib/angel/kernel.s                   0x00000000   Number         0  rtexit.o ABSOLUTE
    ../clib/angel/kernel.s                   0x00000000   Number         0  __rtentry4.o ABSOLUTE
    ../clib/angel/kernel.s                   0x00000000   Number         0  __rtentry.o ABSOLUTE
    ../clib/angel/kernel.s                   0x00000000   Number         0  rtexit2.o ABSOLUTE
    ../clib/angel/rt.s                       0x00000000   Number         0  rt_errno_addr_intlibspace.o ABSOLUTE
    ../clib/angel/rt.s                       0x00000000   Number         0  rt_heap_descriptor_intlibspace.o ABSOLUTE
    ../clib/angel/rt.s                       0x00000000   Number         0  rt_heap_descriptor.o ABSOLUTE
    ../clib/angel/rt.s                       0x00000000   Number         0  rt_errno_addr.o ABSOLUTE
    ../clib/angel/rt.s                       0x00000000   Number         0  rt_raise.o ABSOLUTE
    ../clib/angel/rt.s                       0x00000000   Number         0  rt_div0.o ABSOLUTE
    ../clib/angel/rt.s                       0x00000000   Number         0  aeabi_idiv0_sigfpe.o ABSOLUTE
    ../clib/angel/rt.s                       0x00000000   Number         0  aeabi_idiv0.o ABSOLUTE
    ../clib/angel/scatterp.s                 0x00000000   Number         0  __scatter.o ABSOLUTE
    ../clib/angel/startup.s                  0x00000000   Number         0  __main.o ABSOLUTE
    ../clib/angel/sys.s                      0x00000000   Number         0  indicate_semi.o ABSOLUTE
    ../clib/angel/sys.s                      0x00000000   Number         0  libspace.o ABSOLUTE
    ../clib/angel/sys.s                      0x00000000   Number         0  use_no_semi.o ABSOLUTE
    ../clib/angel/sys.s                      0x00000000   Number         0  sys_stackheap_outer.o ABSOLUTE
    ../clib/angel/sys.s                      0x00000000   Number         0  tempstk.o ABSOLUTE
    ../clib/angel/sys.s                      0x00000000   Number         0  mutex_dummy.o ABSOLUTE
    ../clib/angel/sysapp.c                   0x00000000   Number         0  sys_wrch.o ABSOLUTE
    ../clib/angel/sysapp.c                   0x00000000   Number         0  sys_command.o ABSOLUTE
    ../clib/angel/sysapp.c                   0x00000000   Number         0  sys_exit.o ABSOLUTE
    ../clib/angel/sysapp.c                   0x00000000   Number         0  sys_io.o ABSOLUTE
    ../clib/armsys.c                         0x00000000   Number         0  no_argv.o ABSOLUTE
    ../clib/armsys.c                         0x00000000   Number         0  argv_veneer.o ABSOLUTE
    ../clib/armsys.c                         0x00000000   Number         0  _get_argv.o ABSOLUTE
    ../clib/armsys.c                         0x00000000   Number         0  _get_argv_nomalloc.o ABSOLUTE
    ../clib/assert.c                         0x00000000   Number         0  assert_stdio.o ABSOLUTE
    ../clib/division.s                       0x00000000   Number         0  aeabi_sdiv.o ABSOLUTE
    ../clib/division.s                       0x00000000   Number         0  aeabi_sdiv_div0.o ABSOLUTE
    ../clib/heap1.c                          0x00000000   Number         0  h1_free.o ABSOLUTE
    ../clib/heap1.c                          0x00000000   Number         0  h1_alloc.o ABSOLUTE
    ../clib/heap1.c                          0x00000000   Number         0  h1_init.o ABSOLUTE
    ../clib/heap1.c                          0x00000000   Number         0  h1_extend.o ABSOLUTE
    ../clib/heap1.c                          0x00000000   Number         0  h1_init_mt.o ABSOLUTE
    ../clib/heap1.c                          0x00000000   Number         0  h1_extend_mt.o ABSOLUTE
    ../clib/heap1.c                          0x00000000   Number         0  h1_free_mt.o ABSOLUTE
    ../clib/heap1.c                          0x00000000   Number         0  h1_alloc_mt.o ABSOLUTE
    ../clib/heap1.c                          0x00000000   Number         0  h1_final.o ABSOLUTE
    ../clib/heap1.c                          0x00000000   Number         0  h1_final_mt.o ABSOLUTE
    ../clib/heap2.c                          0x00000000   Number         0  fdtree.o ABSOLUTE
    ../clib/heap2.c                          0x00000000   Number         0  heap2.o ABSOLUTE
    ../clib/heap2.c                          0x00000000   Number         0  heap2mt.o ABSOLUTE
    ../clib/heapalloc.c                      0x00000000   Number         0  term_alloc.o ABSOLUTE
    ../clib/heapalloc.c                      0x00000000   Number         0  hrguard.o ABSOLUTE
    ../clib/heapalloc.c                      0x00000000   Number         0  heapstubs.o ABSOLUTE
    ../clib/heapalloc.c                      0x00000000   Number         0  free.o ABSOLUTE
    ../clib/heapalloc.c                      0x00000000   Number         0  maybetermalloc1.o ABSOLUTE
    ../clib/heapalloc.c                      0x00000000   Number         0  maybetermalloc2.o ABSOLUTE
    ../clib/heapalloc.c                      0x00000000   Number         0  maybetermalloc2.o ABSOLUTE
    ../clib/heapalloc.c                      0x00000000   Number         0  maybetermalloc1.o ABSOLUTE
    ../clib/heapalloc.c                      0x00000000   Number         0  init_alloc.o ABSOLUTE
    ../clib/heapalloc.c                      0x00000000   Number         0  hguard.o ABSOLUTE
    ../clib/heapalloc.c                      0x00000000   Number         0  malloc.o ABSOLUTE
    ../clib/heapaux.c                        0x00000000   Number         0  heapauxi.o ABSOLUTE
    ../clib/heapaux.c                        0x00000000   Number         0  heapauxa.o ABSOLUTE
    ../clib/libinit.s                        0x00000000   Number         0  libinit2.o ABSOLUTE
    ../clib/libinit.s                        0x00000000   Number         0  libshutdown2.o ABSOLUTE
    ../clib/libinit.s                        0x00000000   Number         0  libshutdown.o ABSOLUTE
    ../clib/libinit.s                        0x00000000   Number         0  libinit.o ABSOLUTE
    ../clib/memcpset.c                       0x00000000   Number         0  rt_memcpy.o ABSOLUTE
    ../clib/memcpset.c                       0x00000000   Number         0  rt_memclr.o ABSOLUTE
    ../clib/memcpset.c                       0x00000000   Number         0  rt_memcpy.o ABSOLUTE
    ../clib/misc.s                           0x00000000   Number         0  printf_stubs.o ABSOLUTE
    ../clib/printf.c                         0x00000000   Number         0  _printf_hex_int_ptr.o ABSOLUTE
    ../clib/printf.c                         0x00000000   Number         0  _printf_hex_ll_ptr.o ABSOLUTE
    ../clib/printf.c                         0x00000000   Number         0  _printf_hex_int_ll_ptr.o ABSOLUTE
    ../clib/printf.c                         0x00000000   Number         0  _printf_intcommon.o ABSOLUTE
    ../clib/printf.c                         0x00000000   Number         0  _printf_char_file.o ABSOLUTE
    ../clib/printf.c                         0x00000000   Number         0  __printf_ss.o ABSOLUTE
    ../clib/printf.c                         0x00000000   Number         0  __printf_flags_ss.o ABSOLUTE
    ../clib/printf.c                         0x00000000   Number         0  __printf_wp.o ABSOLUTE
    ../clib/printf.c                         0x00000000   Number         0  _printf_hex_ptr.o ABSOLUTE
    ../clib/printf.c                         0x00000000   Number         0  _printf_hex_int_ll.o ABSOLUTE
    ../clib/printf.c                         0x00000000   Number         0  _printf_hex_int.o ABSOLUTE
    ../clib/printf.c                         0x00000000   Number         0  _printf_hex_ll.o ABSOLUTE
    ../clib/printf.c                         0x00000000   Number         0  __printf.o ABSOLUTE
    ../clib/printf.c                         0x00000000   Number         0  noretval__2printf.o ABSOLUTE
    ../clib/printf.c                         0x00000000   Number         0  __2printf.o ABSOLUTE
    ../clib/printf.c                         0x00000000   Number         0  __printf_flags_wp.o ABSOLUTE
    ../clib/printf.c                         0x00000000   Number         0  _printf_pad.o ABSOLUTE
    ../clib/printf.c                         0x00000000   Number         0  __printf_ss_wp.o ABSOLUTE
    ../clib/printf.c                         0x00000000   Number         0  __printf_flags_ss_wp.o ABSOLUTE
    ../clib/printf.c                         0x00000000   Number         0  _printf_char_common.o ABSOLUTE
    ../clib/printf.c                         0x00000000   Number         0  __printf_nopercent.o ABSOLUTE
    ../clib/printf.c                         0x00000000   Number         0  _printf_char_file_locked.o ABSOLUTE
    ../clib/printf.c                         0x00000000   Number         0  __printf_flags.o ABSOLUTE
    ../clib/printf_percent.s                 0x00000000   Number         0  _printf_percent_end.o ABSOLUTE
    ../clib/printf_percent.s                 0x00000000   Number         0  _printf_percent.o ABSOLUTE
    ../clib/printf_percent.s                 0x00000000   Number         0  _printf_x.o ABSOLUTE
    ../clib/signal.c                         0x00000000   Number         0  __raise.o ABSOLUTE
    ../clib/signal.c                         0x00000000   Number         0  defsig_fpe_inner.o ABSOLUTE
    ../clib/signal.c                         0x00000000   Number         0  defsig_general.o ABSOLUTE
    ../clib/signal.c                         0x00000000   Number         0  defsig_rtmem_outer.o ABSOLUTE
    ../clib/signal.c                         0x00000000   Number         0  defsig_rtmem_formal.o ABSOLUTE
    ../clib/signal.c                         0x00000000   Number         0  defsig_exit.o ABSOLUTE
    ../clib/signal.c                         0x00000000   Number         0  defsig_rtred_inner.o ABSOLUTE
    ../clib/signal.c                         0x00000000   Number         0  defsig_rtred_outer.o ABSOLUTE
    ../clib/signal.c                         0x00000000   Number         0  defsig_fpe_formal.o ABSOLUTE
    ../clib/signal.c                         0x00000000   Number         0  defsig_fpe_outer.o ABSOLUTE
    ../clib/signal.c                         0x00000000   Number         0  defsig_abrt_inner.o ABSOLUTE
    ../clib/signal.c                         0x00000000   Number         0  defsig_stak_inner.o ABSOLUTE
    ../clib/signal.c                         0x00000000   Number         0  defsig_pvfn_inner.o ABSOLUTE
    ../clib/signal.c                         0x00000000   Number         0  defsig_cppl_inner.o ABSOLUTE
    ../clib/signal.c                         0x00000000   Number         0  defsig_segv_inner.o ABSOLUTE
    ../clib/signal.c                         0x00000000   Number         0  defsig_other.o ABSOLUTE
    ../clib/signal.c                         0x00000000   Number         0  defsig_rtred_formal.o ABSOLUTE
    ../clib/signal.c                         0x00000000   Number         0  defsig_rtmem_inner.o ABSOLUTE
    ../clib/signal.s                         0x00000000   Number         0  defsig.o ABSOLUTE
    ../clib/stdio.c                          0x00000000   Number         0  fflush_locked.o ABSOLUTE
    ../clib/stdio.c                          0x00000000   Number         0  fputs_locked.o ABSOLUTE
    ../clib/stdio.c                          0x00000000   Number         0  ftell.o ABSOLUTE
    ../clib/stdio.c                          0x00000000   Number         0  fputs.o ABSOLUTE
    ../clib/stdio.c                          0x00000000   Number         0  fflush.o ABSOLUTE
    ../clib/stdio.c                          0x00000000   Number         0  fwritefast_locked.o ABSOLUTE
    ../clib/stdio.c                          0x00000000   Number         0  fwritefast.o ABSOLUTE
    ../clib/stdio.c                          0x00000000   Number         0  stdio.o ABSOLUTE
    ../clib/stdio.c                          0x00000000   Number         0  fseek.o ABSOLUTE
    ../clib/stdio.c                          0x00000000   Number         0  fopen_locked.o ABSOLUTE
    ../clib/stdio.c                          0x00000000   Number         0  setvbuf_locked.o ABSOLUTE
    ../clib/stdio.c                          0x00000000   Number         0  fclose.o ABSOLUTE
    ../clib/stdio.c                          0x00000000   Number         0  fopen.o ABSOLUTE
    ../clib/stdio.c                          0x00000000   Number         0  streamlock.o ABSOLUTE
    ../clib/stdio.c                          0x00000000   Number         0  setvbuf.o ABSOLUTE
    ../clib/stdio.c                          0x00000000   Number         0  flsbuf.o ABSOLUTE
    ../clib/stdio.c                          0x00000000   Number         0  stdio_streams.o ABSOLUTE
    ../clib/stdio.c                          0x00000000   Number         0  initio_locked.o ABSOLUTE
    ../clib/stdio.c                          0x00000000   Number         0  ferror_locked.o ABSOLUTE
    ../clib/stdio.c                          0x00000000   Number         0  fputc_locked.o ABSOLUTE
    ../clib/stdio.c                          0x00000000   Number         0  initio.o ABSOLUTE
    ../clib/stdio.c                          0x00000000   Number         0  fputc.o ABSOLUTE
    ../clib/stdio.c                          0x00000000   Number         0  ferror.o ABSOLUTE
    ../clib/stdlib.c                         0x00000000   Number         0  exit.o ABSOLUTE
    ../clib/string.c                         0x00000000   Number         0  strlen.o ABSOLUTE
    ../clib/wchar.c                          0x00000000   Number         0  flsbuf_fwide.o ABSOLUTE
    ../fplib/cfplib/fpinit.c                 0x00000000   Number         0  fpinit.o ABSOLUTE
    ..\Source\App\app_arm.c                  0x00000000   Number         0  app_arm.o ABSOLUTE
    ..\Source\App\app_updata.c               0x00000000   Number         0  app_updata.o ABSOLUTE
    ..\Source\App\app_voltage.c              0x00000000   Number         0  app_voltage.o ABSOLUTE
    ..\Source\App\bsp.c                      0x00000000   Number         0  bsp.o ABSOLUTE
    ..\Source\App\interrupt.c                0x00000000   Number         0  interrupt.o ABSOLUTE
    ..\Source\App\main.c                     0x00000000   Number         0  main.o ABSOLUTE
    ..\Source\App\mw_adc.c                   0x00000000   Number         0  mw_adc.o ABSOLUTE
    ..\Source\App\mw_can.c                   0x00000000   Number         0  mw_can.o ABSOLUTE
    ..\Source\App\mw_flash.c                 0x00000000   Number         0  mw_flash.o ABSOLUTE
    ..\Source\App\mw_gpio.c                  0x00000000   Number         0  mw_gpio.o ABSOLUTE
    ..\Source\App\mw_i2c.c                   0x00000000   Number         0  mw_i2c.o ABSOLUTE
    ..\Source\App\mw_rtc.c                   0x00000000   Number         0  mw_rtc.o ABSOLUTE
    ..\Source\App\mw_time.c                  0x00000000   Number         0  mw_time.o ABSOLUTE
    ..\Source\App\mw_uart.c                  0x00000000   Number         0  mw_uart.o ABSOLUTE
    ..\Source\App\system.c                   0x00000000   Number         0  system.o ABSOLUTE
    ..\Source\App\task.c                     0x00000000   Number         0  task.o ABSOLUTE
    ..\Source\Sch\sch_common.c               0x00000000   Number         0  sch_common.o ABSOLUTE
    ..\Source\Sch\sch_message.c              0x00000000   Number         0  sch_message.o ABSOLUTE
    ..\Source\Sch\sch_printf.c               0x00000000   Number         0  sch_printf.o ABSOLUTE
    ..\Source\Sch\sch_queue.c                0x00000000   Number         0  sch_queue.o ABSOLUTE
    ..\Source\cpu\arm_cm0.c                  0x00000000   Number         0  arm_cm0.o ABSOLUTE
    ..\Source\cpu\sysinit.c                  0x00000000   Number         0  sysinit.o ABSOLUTE
    ..\Source\cpu\systick.c                  0x00000000   Number         0  systick.o ABSOLUTE
    ..\Source\drivers\PMC\pmc.c              0x00000000   Number         0  pmc.o ABSOLUTE
    ..\Source\drivers\adc\adc.c              0x00000000   Number         0  adc.o ABSOLUTE
    ..\Source\drivers\can\mscan.c            0x00000000   Number         0  mscan.o ABSOLUTE
    ..\Source\drivers\ftm\ftm.c              0x00000000   Number         0  ftm.o ABSOLUTE
    ..\Source\drivers\gpio\gpio.c            0x00000000   Number         0  gpio.o ABSOLUTE
    ..\Source\drivers\ics\ics.c              0x00000000   Number         0  ics.o ABSOLUTE
    ..\Source\drivers\nvm\flash.c            0x00000000   Number         0  flash.o ABSOLUTE
    ..\Source\drivers\pit\pit.c              0x00000000   Number         0  pit.o ABSOLUTE
    ..\Source\drivers\rtc\rtc.c              0x00000000   Number         0  rtc.o ABSOLUTE
    ..\Source\drivers\sim\sim.c              0x00000000   Number         0  sim.o ABSOLUTE
    ..\Source\drivers\uart\uart.c            0x00000000   Number         0  uart.o ABSOLUTE
    ..\Source\drivers\wdog\wdog.c            0x00000000   Number         0  wdog.o ABSOLUTE
    ..\\Source\\App\\app_arm.c               0x00000000   Number         0  app_arm.o ABSOLUTE
    ..\\Source\\App\\app_updata.c            0x00000000   Number         0  app_updata.o ABSOLUTE
    ..\\Source\\App\\app_voltage.c           0x00000000   Number         0  app_voltage.o ABSOLUTE
    ..\\Source\\App\\bsp.c                   0x00000000   Number         0  bsp.o ABSOLUTE
    ..\\Source\\App\\interrupt.c             0x00000000   Number         0  interrupt.o ABSOLUTE
    ..\\Source\\App\\main.c                  0x00000000   Number         0  main.o ABSOLUTE
    ..\\Source\\App\\mw_adc.c                0x00000000   Number         0  mw_adc.o ABSOLUTE
    ..\\Source\\App\\mw_can.c                0x00000000   Number         0  mw_can.o ABSOLUTE
    ..\\Source\\App\\mw_flash.c              0x00000000   Number         0  mw_flash.o ABSOLUTE
    ..\\Source\\App\\mw_gpio.c               0x00000000   Number         0  mw_gpio.o ABSOLUTE
    ..\\Source\\App\\mw_i2c.c                0x00000000   Number         0  mw_i2c.o ABSOLUTE
    ..\\Source\\App\\mw_rtc.c                0x00000000   Number         0  mw_rtc.o ABSOLUTE
    ..\\Source\\App\\mw_time.c               0x00000000   Number         0  mw_time.o ABSOLUTE
    ..\\Source\\App\\mw_uart.c               0x00000000   Number         0  mw_uart.o ABSOLUTE
    ..\\Source\\App\\system.c                0x00000000   Number         0  system.o ABSOLUTE
    ..\\Source\\App\\task.c                  0x00000000   Number         0  task.o ABSOLUTE
    ..\\Source\\Sch\\sch_common.c            0x00000000   Number         0  sch_common.o ABSOLUTE
    ..\\Source\\Sch\\sch_message.c           0x00000000   Number         0  sch_message.o ABSOLUTE
    ..\\Source\\Sch\\sch_printf.c            0x00000000   Number         0  sch_printf.o ABSOLUTE
    ..\\Source\\Sch\\sch_queue.c             0x00000000   Number         0  sch_queue.o ABSOLUTE
    ..\\Source\\cpu\\arm_cm0.c               0x00000000   Number         0  arm_cm0.o ABSOLUTE
    ..\\Source\\cpu\\sysinit.c               0x00000000   Number         0  sysinit.o ABSOLUTE
    ..\\Source\\cpu\\systick.c               0x00000000   Number         0  systick.o ABSOLUTE
    ..\\Source\\drivers\\PMC\\pmc.c          0x00000000   Number         0  pmc.o ABSOLUTE
    ..\\Source\\drivers\\adc\\adc.c          0x00000000   Number         0  adc.o ABSOLUTE
    ..\\Source\\drivers\\can\\mscan.c        0x00000000   Number         0  mscan.o ABSOLUTE
    ..\\Source\\drivers\\ftm\\ftm.c          0x00000000   Number         0  ftm.o ABSOLUTE
    ..\\Source\\drivers\\gpio\\gpio.c        0x00000000   Number         0  gpio.o ABSOLUTE
    ..\\Source\\drivers\\ics\\ics.c          0x00000000   Number         0  ics.o ABSOLUTE
    ..\\Source\\drivers\\nvm\\flash.c        0x00000000   Number         0  flash.o ABSOLUTE
    ..\\Source\\drivers\\pit\\pit.c          0x00000000   Number         0  pit.o ABSOLUTE
    ..\\Source\\drivers\\rtc\\rtc.c          0x00000000   Number         0  rtc.o ABSOLUTE
    ..\\Source\\drivers\\sim\\sim.c          0x00000000   Number         0  sim.o ABSOLUTE
    ..\\Source\\drivers\\uart\\uart.c        0x00000000   Number         0  uart.o ABSOLUTE
    ..\\Source\\drivers\\wdog\\wdog.c        0x00000000   Number         0  wdog.o ABSOLUTE
    RTE\Device\SKEAZ128xxx4\startup_SKEAZ1284.s 0x00000000   Number         0  startup_skeaz1284.o ABSOLUTE
    RTE\Device\SKEAZ128xxx4\system_SKEAZ1284.c 0x00000000   Number         0  system_skeaz1284.o ABSOLUTE
    RTE\\Device\\SKEAZ128xxx4\\system_SKEAZ1284.c 0x00000000   Number         0  system_skeaz1284.o ABSOLUTE
    dc.s                                     0x00000000   Number         0  dc.o ABSOLUTE
    !!!main                                  0x000000c0   Section        8  __main.o(!!!main)
    !!!scatter                               0x000000c8   Section       60  __scatter.o(!!!scatter)
    !!handler_copy                           0x00000104   Section       26  __scatter_copy.o(!!handler_copy)
    !!handler_zi                             0x00000120   Section       28  __scatter_zi.o(!!handler_zi)
    .ARM.Collect$$libinit$$00000000          0x0000013c   Section        2  libinit.o(.ARM.Collect$$libinit$$00000000)
    .ARM.Collect$$libinit$$00000002          0x0000013e   Section        0  libinit2.o(.ARM.Collect$$libinit$$00000002)
    .ARM.Collect$$libinit$$00000004          0x0000013e   Section        0  libinit2.o(.ARM.Collect$$libinit$$00000004)
    .ARM.Collect$$libinit$$0000000A          0x0000013e   Section        0  libinit2.o(.ARM.Collect$$libinit$$0000000A)
    .ARM.Collect$$libinit$$0000000C          0x0000013e   Section        0  libinit2.o(.ARM.Collect$$libinit$$0000000C)
    .ARM.Collect$$libinit$$0000000E          0x0000013e   Section        0  libinit2.o(.ARM.Collect$$libinit$$0000000E)
    .ARM.Collect$$libinit$$00000011          0x0000013e   Section        0  libinit2.o(.ARM.Collect$$libinit$$00000011)
    .ARM.Collect$$libinit$$00000013          0x0000013e   Section        0  libinit2.o(.ARM.Collect$$libinit$$00000013)
    .ARM.Collect$$libinit$$00000015          0x0000013e   Section        0  libinit2.o(.ARM.Collect$$libinit$$00000015)
    .ARM.Collect$$libinit$$00000017          0x0000013e   Section        0  libinit2.o(.ARM.Collect$$libinit$$00000017)
    .ARM.Collect$$libinit$$00000019          0x0000013e   Section        0  libinit2.o(.ARM.Collect$$libinit$$00000019)
    .ARM.Collect$$libinit$$0000001B          0x0000013e   Section        0  libinit2.o(.ARM.Collect$$libinit$$0000001B)
    .ARM.Collect$$libinit$$0000001D          0x0000013e   Section        0  libinit2.o(.ARM.Collect$$libinit$$0000001D)
    .ARM.Collect$$libinit$$0000001F          0x0000013e   Section        0  libinit2.o(.ARM.Collect$$libinit$$0000001F)
    .ARM.Collect$$libinit$$00000021          0x0000013e   Section        0  libinit2.o(.ARM.Collect$$libinit$$00000021)
    .ARM.Collect$$libinit$$00000023          0x0000013e   Section        0  libinit2.o(.ARM.Collect$$libinit$$00000023)
    .ARM.Collect$$libinit$$00000025          0x0000013e   Section        0  libinit2.o(.ARM.Collect$$libinit$$00000025)
    .ARM.Collect$$libinit$$0000002C          0x0000013e   Section        0  libinit2.o(.ARM.Collect$$libinit$$0000002C)
    .ARM.Collect$$libinit$$0000002E          0x0000013e   Section        0  libinit2.o(.ARM.Collect$$libinit$$0000002E)
    .ARM.Collect$$libinit$$00000030          0x0000013e   Section        0  libinit2.o(.ARM.Collect$$libinit$$00000030)
    .ARM.Collect$$libinit$$00000032          0x0000013e   Section        0  libinit2.o(.ARM.Collect$$libinit$$00000032)
    .ARM.Collect$$libinit$$00000033          0x0000013e   Section        2  libinit2.o(.ARM.Collect$$libinit$$00000033)
    .ARM.Collect$$libshutdown$$00000000      0x00000140   Section        2  libshutdown.o(.ARM.Collect$$libshutdown$$00000000)
    .ARM.Collect$$libshutdown$$00000002      0x00000142   Section        0  libshutdown2.o(.ARM.Collect$$libshutdown$$00000002)
    .ARM.Collect$$libshutdown$$00000004      0x00000142   Section        0  libshutdown2.o(.ARM.Collect$$libshutdown$$00000004)
    .ARM.Collect$$libshutdown$$00000007      0x00000142   Section        0  libshutdown2.o(.ARM.Collect$$libshutdown$$00000007)
    .ARM.Collect$$libshutdown$$0000000A      0x00000142   Section        0  libshutdown2.o(.ARM.Collect$$libshutdown$$0000000A)
    .ARM.Collect$$libshutdown$$0000000C      0x00000142   Section        0  libshutdown2.o(.ARM.Collect$$libshutdown$$0000000C)
    .ARM.Collect$$libshutdown$$0000000F      0x00000142   Section        0  libshutdown2.o(.ARM.Collect$$libshutdown$$0000000F)
    .ARM.Collect$$libshutdown$$00000010      0x00000142   Section        2  libshutdown2.o(.ARM.Collect$$libshutdown$$00000010)
    .ARM.Collect$$rtentry$$00000000          0x00000144   Section        0  __rtentry.o(.ARM.Collect$$rtentry$$00000000)
    .ARM.Collect$$rtentry$$00000002          0x00000144   Section        0  __rtentry2.o(.ARM.Collect$$rtentry$$00000002)
    .ARM.Collect$$rtentry$$00000004          0x00000144   Section        6  __rtentry4.o(.ARM.Collect$$rtentry$$00000004)
    .ARM.Collect$$rtentry$$00000009          0x0000014a   Section        0  __rtentry2.o(.ARM.Collect$$rtentry$$00000009)
    .ARM.Collect$$rtentry$$0000000A          0x0000014a   Section        4  __rtentry2.o(.ARM.Collect$$rtentry$$0000000A)
    .ARM.Collect$$rtentry$$0000000C          0x0000014e   Section        0  __rtentry2.o(.ARM.Collect$$rtentry$$0000000C)
    .ARM.Collect$$rtentry$$0000000D          0x0000014e   Section        8  __rtentry2.o(.ARM.Collect$$rtentry$$0000000D)
    .ARM.Collect$$rtexit$$00000000           0x00000156   Section        2  rtexit.o(.ARM.Collect$$rtexit$$00000000)
    .ARM.Collect$$rtexit$$00000002           0x00000158   Section        0  rtexit2.o(.ARM.Collect$$rtexit$$00000002)
    .ARM.Collect$$rtexit$$00000003           0x00000158   Section        4  rtexit2.o(.ARM.Collect$$rtexit$$00000003)
    .ARM.Collect$$rtexit$$00000004           0x0000015c   Section        6  rtexit2.o(.ARM.Collect$$rtexit$$00000004)
    .text                                    0x00000164   Section       64  startup_skeaz1284.o(.text)
    .text                                    0x000001a4   Section        0  rt_memclr.o(.text)
    .text                                    0x000001e4   Section      346  aeabi_sdiv.o(.text)
    .text                                    0x0000033e   Section        0  heapauxi.o(.text)
    .text                                    0x00000344   Section       62  sys_stackheap_outer.o(.text)
    .text                                    0x00000382   Section        0  exit.o(.text)
    .text                                    0x00000394   Section        8  libspace.o(.text)
    .text                                    0x0000039c   Section        2  use_no_semi.o(.text)
    .text                                    0x0000039e   Section        0  indicate_semi.o(.text)
    .text                                    0x000003a0   Section        0  sys_exit.o(.text)
    i.ADC_IRQHandler                         0x000003ac   Section        0  interrupt.o(i.ADC_IRQHandler)
    i.Arm_ACK                                0x000003b0   Section        0  app_arm.o(i.Arm_ACK)
    i.BootloaderJumpToApp                    0x000003ec   Section        0  app_updata.o(i.BootloaderJumpToApp)
    i.Queue_Cnt                              0x000003fc   Section        0  sch_queue.o(i.Queue_Cnt)
    .ARM.__at_0x400                          0x00000400   Section       16  startup_skeaz1284.o(.ARM.__at_0x400)
    i.ArmDataAnalyse                         0x00000410   Section        0  app_arm.o(i.ArmDataAnalyse)
    i.ArmDataRxPro                           0x00000508   Section        0  app_arm.o(i.ArmDataRxPro)
    i.Bsp_Clock_Init                         0x000005bc   Section        0  bsp.o(i.Bsp_Clock_Init)
    i.Bsp_FLASH_Init                         0x000005c4   Section        0  bsp.o(i.Bsp_FLASH_Init)
    i.Bsp_Relocation_Int                     0x000005cc   Section        0  bsp.o(i.Bsp_Relocation_Int)
    i.Bsp_SysTick_Init                       0x000005d8   Section        0  bsp.o(i.Bsp_SysTick_Init)
    i.Bsp_UART_Init                          0x00000610   Section        0  bsp.o(i.Bsp_UART_Init)
    i.Bsp_WDOG_Init                          0x00000630   Section        0  bsp.o(i.Bsp_WDOG_Init)
    i.FEI_to_FBE_OSC                         0x00000664   Section        0  ics.o(i.FEI_to_FBE_OSC)
    i.FEI_to_FEE                             0x000006b8   Section        0  ics.o(i.FEI_to_FEE)
    i.FEI_to_FEE_OSC                         0x000006f4   Section        0  ics.o(i.FEI_to_FEE_OSC)
    i.FLASH_EraseSector                      0x00000730   Section        0  flash.o(i.FLASH_EraseSector)
    i.FLASH_Init                             0x00000798   Section        0  flash.o(i.FLASH_Init)
    i.FLASH_LaunchCMD                        0x00000804   Section        0  flash.o(i.FLASH_LaunchCMD)
    i.FLASH_Program1LongWord                 0x0000082c   Section        0  flash.o(i.FLASH_Program1LongWord)
    i.FLASH_Program2LongWords                0x000008ac   Section        0  flash.o(i.FLASH_Program2LongWords)
    i.FeedDog                                0x00000940   Section        0  bsp.o(i.FeedDog)
    i.Flash_Program_U8                       0x00000948   Section        0  mw_flash.o(i.Flash_Program_U8)
    i.GPIO_PinClear                          0x000009e0   Section        0  gpio.o(i.GPIO_PinClear)
    i.GPIO_PinInit                           0x00000a10   Section        0  gpio.o(i.GPIO_PinInit)
    i.GPIO_PinSet                            0x00000ba8   Section        0  gpio.o(i.GPIO_PinSet)
    i.GetCheckData_Xor                       0x00000bd8   Section        0  sch_common.o(i.GetCheckData_Xor)
    i.GetClockDay                            0x00000bf0   Section        0  mw_rtc.o(i.GetClockDay)
    i.GetCurrentTime                         0x00000c68   Section        0  mw_rtc.o(i.GetCurrentTime)
    i.GetMaxDay                              0x00000ce4   Section        0  mw_rtc.o(i.GetMaxDay)
    i.GetMessage                             0x00000d14   Section        0  sch_message.o(i.GetMessage)
    i.IAP_Pro                                0x00000d28   Section        0  app_updata.o(i.IAP_Pro)
    i.ICS_Init                               0x00000d5c   Section        0  ics.o(i.ICS_Init)
    i.ICS_SetClkDivider                      0x00000da4   Section        0  ics.o(i.ICS_SetClkDivider)
    i.ICS_Trim                               0x00000dfc   Section        0  ics.o(i.ICS_Trim)
    i.IRQ_IRQHandler                         0x00000e1c   Section        0  interrupt.o(i.IRQ_IRQHandler)
    i.In_IapMode                             0x00000e2c   Section        0  app_updata.o(i.In_IapMode)
    i.In_ResetMode                           0x00000e48   Section        0  app_updata.o(i.In_ResetMode)
    i.Is_IapMode                             0x00000e64   Section        0  app_updata.o(i.Is_IapMode)
    i.Is_ResetMode                           0x00000e84   Section        0  app_updata.o(i.Is_ResetMode)
    i.Is_Uart_Choose_PC                      0x00000e9c   Section        0  main.o(i.Is_Uart_Choose_PC)
    i.Is_Uart_Choose_PC1                     0x00000eb4   Section        0  main.o(i.Is_Uart_Choose_PC1)
    i.KBI0_IRQHandler                        0x00000ecc   Section        0  interrupt.o(i.KBI0_IRQHandler)
    i.LED_Ctl                                0x00000ee4   Section        0  mw_gpio.o(i.LED_Ctl)
    i.LED_Init                               0x00000efa   Section        0  mw_gpio.o(i.LED_Init)
    i.M2A_TxService                          0x00000f08   Section        0  app_arm.o(i.M2A_TxService)
    i.MCU_Updata_pro                         0x00000fe0   Section        0  app_updata.o(i.MCU_Updata_pro)
    i.NVIC_SetPriority                       0x000010d4   Section        0  mw_uart.o(i.NVIC_SetPriority)
    NVIC_SetPriority                         0x000010d5   Thumb Code    60  mw_uart.o(i.NVIC_SetPriority)
    i.OSC_Init                               0x00001118   Section        0  ics.o(i.OSC_Init)
    i.Out_IapMode                            0x00001158   Section        0  app_updata.o(i.Out_IapMode)
    i.PostMessage                            0x00001164   Section        0  sch_message.o(i.PostMessage)
    i.Queue_In                               0x00001180   Section        0  sch_queue.o(i.Queue_In)
    i.Queue_Init                             0x000011d4   Section        0  sch_queue.o(i.Queue_Init)
    i.Queue_Out                              0x000011f0   Section        0  sch_queue.o(i.Queue_Out)
    i.RTC_IRQHandler                         0x00001240   Section        0  interrupt.o(i.RTC_IRQHandler)
    i.SCH_Task_Execute                       0x00001258   Section        0  task.o(i.SCH_Task_Execute)
    i.SIM_Init                               0x0000129c   Section        0  sim.o(i.SIM_Init)
    i.SYS_Power_Ctl                          0x00001314   Section        0  mw_gpio.o(i.SYS_Power_Ctl)
    i.SysFlashInit                           0x00001340   Section        0  mw_flash.o(i.SysFlashInit)
    i.SysTick_Handler                        0x00001350   Section        0  interrupt.o(i.SysTick_Handler)
    i.SysUartInit                            0x000013ac   Section        0  mw_uart.o(i.SysUartInit)
    i.SysWait1Us                             0x00001460   Section        0  sch_common.o(i.SysWait1Us)
    i.SysWaitMs                              0x0000147c   Section        0  sch_common.o(i.SysWaitMs)
    i.SysWaitUs                              0x00001492   Section        0  sch_common.o(i.SysWaitUs)
    i.SystemInit                             0x000014a2   Section        0  system_skeaz1284.o(i.SystemInit)
    i.SystemInit_A                           0x000014a4   Section        0  system_skeaz1284.o(i.SystemInit_A)
    i.TASK_Arm_Pro                           0x000014f8   Section        0  app_arm.o(i.TASK_Arm_Pro)
    i.Task_100ms_Pro                         0x00001500   Section        0  task.o(i.Task_100ms_Pro)
    i.Task_8ms_Pro                           0x0000153c   Section        0  task.o(i.Task_8ms_Pro)
    i.UART0_IRQHandler                       0x00001550   Section        0  interrupt.o(i.UART0_IRQHandler)
    i.UART1_IRQHandler                       0x0000155a   Section        0  interrupt.o(i.UART1_IRQHandler)
    i.UART2_IRQHandler                       0x00001564   Section        0  interrupt.o(i.UART2_IRQHandler)
    i.UART_CheckFlag                         0x0000156e   Section        0  uart.o(i.UART_CheckFlag)
    i.UART_DisableInterrupt                  0x0000157e   Section        0  uart.o(i.UART_DisableInterrupt)
    i.UART_EnableInterrupt                   0x000015d4   Section        0  uart.o(i.UART_EnableInterrupt)
    i.UART_GetChar                           0x00001626   Section        0  uart.o(i.UART_GetChar)
    i.UART_GetFlags                          0x00001630   Section        0  uart.o(i.UART_GetFlags)
    i.UART_Init                              0x0000163c   Section        0  uart.o(i.UART_Init)
    i.UART_IntSerive                         0x000016a8   Section        0  mw_uart.o(i.UART_IntSerive)
    i.UART_PutChar                           0x000016ec   Section        0  uart.o(i.UART_PutChar)
    i.UartBufCnt                             0x000016f8   Section        0  mw_uart.o(i.UartBufCnt)
    i.UartBufInit                            0x00001714   Section        0  mw_uart.o(i.UartBufInit)
    i.UartGetFromBuf                         0x00001730   Section        0  mw_uart.o(i.UartGetFromBuf)
    i.UartPutToBuf                           0x00001750   Section        0  mw_uart.o(i.UartPutToBuf)
    i.UartRxCnt                              0x00001770   Section        0  mw_uart.o(i.UartRxCnt)
    i.UartRxData                             0x0000177a   Section        0  mw_uart.o(i.UartRxData)
    i.UartSendData8                          0x00001788   Section        0  mw_uart.o(i.UartSendData8)
    i.UartTxCnt                              0x0000179c   Section        0  mw_uart.o(i.UartTxCnt)
    i.UartTxData                             0x000017a6   Section        0  mw_uart.o(i.UartTxData)
    i.UartTxIntDis                           0x000017e0   Section        0  mw_uart.o(i.UartTxIntDis)
    i.UartTxIntEn                            0x000017f4   Section        0  mw_uart.o(i.UartTxIntEn)
    i.Uart_Rx_DataPro                        0x00001808   Section        0  mw_uart.o(i.Uart_Rx_DataPro)
    i.Uart_Tx_DataPro                        0x00001816   Section        0  mw_uart.o(i.Uart_Tx_DataPro)
    i.Updata_Init                            0x0000184c   Section        0  app_updata.o(i.Updata_Init)
    i.WDOG_Enable                            0x00001860   Section        0  wdog.o(i.WDOG_Enable)
    i.WDOG_Feed                              0x00001880   Section        0  wdog.o(i.WDOG_Feed)
    i.WDOG_Init                              0x0000189c   Section        0  wdog.o(i.WDOG_Init)
    i.main                                   0x00001914   Section        0  main.o(i.main)
    i.sch_memcpy                             0x000019a8   Section        0  sch_common.o(i.sch_memcpy)
    i.sch_memset                             0x000019be   Section        0  sch_common.o(i.sch_memset)
    i.sysinit                                0x000019d0   Section        0  sysinit.o(i.sysinit)
    i.u8_TO_u32                              0x00001a3c   Section        0  mw_flash.o(i.u8_TO_u32)
    i.write_vtor                             0x00001a54   Section        0  arm_cm0.o(i.write_vtor)
    .constdata                               0x00001a60   Section       32  mw_uart.o(.constdata)
    .constdata                               0x00001a80   Section       12  mw_rtc.o(.constdata)
    .data                                    0x1ffff000   Section        2  task.o(.data)
    Timer                                    0x1ffff000   Data           2  task.o(.data)
    .data                                    0x1ffff004   Section       16  mw_uart.o(.data)
    .data                                    0x1ffff014   Section       16  mw_uart.o(.data)
    .data                                    0x1ffff024   Section       16  mw_uart.o(.data)
    .data                                    0x1ffff034   Section       16  mw_uart.o(.data)
    .data                                    0x1ffff044   Section       16  mw_uart.o(.data)
    .data                                    0x1ffff054   Section       16  mw_uart.o(.data)
    .data                                    0x1ffff064   Section       12  mw_uart.o(.data)
    .data                                    0x1ffff070   Section        1  app_arm.o(.data)
    .data                                    0x1ffff071   Section        8  mw_rtc.o(.data)
    gTm100msCount                            0x1ffff071   Data           1  mw_rtc.o(.data)
    .data                                    0x1ffff07a   Section        4  sysinit.o(.data)
    .data                                    0x1ffff080   Section      128  sch_message.o(.data)
    .bss                                     0x1ffff100   Section       24  system.o(.bss)
    .bss                                     0x1ffff118   Section      128  mw_uart.o(.bss)
    .bss                                     0x1ffff198   Section      256  mw_uart.o(.bss)
    .bss                                     0x1ffff298   Section      128  mw_uart.o(.bss)
    .bss                                     0x1ffff318   Section      256  mw_uart.o(.bss)
    .bss                                     0x1ffff418   Section      128  mw_uart.o(.bss)
    .bss                                     0x1ffff498   Section      256  mw_uart.o(.bss)
    .bss                                     0x1ffff598   Section      190  app_arm.o(.bss)
    .bss                                     0x1ffff658   Section      152  app_updata.o(.bss)
    .bss                                     0x1ffff6f0   Section      320  sch_message.o(.bss)
    .bss                                     0x1ffff830   Section       96  libspace.o(.bss)
    HEAP                                     0x1ffff890   Section        0  startup_skeaz1284.o(HEAP)
    STACK                                    0x1ffff890   Section      256  startup_skeaz1284.o(STACK)
    Heap_Mem                                 0x1ffff890   Data           0  startup_skeaz1284.o(HEAP)
    Stack_Mem                                0x1ffff890   Data         256  startup_skeaz1284.o(STACK)
    __initial_sp                             0x1ffff990   Data           0  startup_skeaz1284.o(STACK)

    Global Symbols

    Symbol Name                              Value     Ov Type        Size  Object(Section)

    BuildAttributes$$THM_ISAv3M$S$PE$A:L22$X:L11$S22$IEEE1$IW$USESV6$~STKCKD$USESV7$~SHL$OTIME$ROPI$EBA8$UX$STANDARDLIB$REQ8$PRES8$EABIv2 0x00000000   Number         0  anon$$obj.o ABSOLUTE
    __ARM_use_no_argv                        0x00000000   Number         0  main.o ABSOLUTE
    __Vectors                                0x00000000   Data           4  startup_skeaz1284.o(RESET)
    _printf_flags                            0x00000000   Number         0  printf_stubs.o ABSOLUTE
    _printf_return_value                     0x00000000   Number         0  printf_stubs.o ABSOLUTE
    _printf_sizespec                         0x00000000   Number         0  printf_stubs.o ABSOLUTE
    _printf_widthprec                        0x00000000   Number         0  printf_stubs.o ABSOLUTE
    __ARM_exceptions_init                     - Undefined Weak Reference
    __alloca_initialize                       - Undefined Weak Reference
    __arm_preinit_                            - Undefined Weak Reference
    __cpp_initialize__aeabi_                  - Undefined Weak Reference
    __cxa_finalize                            - Undefined Weak Reference
    __rt_locale                               - Undefined Weak Reference
    __sigvec_lookup                           - Undefined Weak Reference
    __user_heap_extent                        - Undefined Weak Reference
    _atexit_init                              - Undefined Weak Reference
    _call_atexit_fns                          - Undefined Weak Reference
    _clock_init                               - Undefined Weak Reference
    _fp_trap_init                             - Undefined Weak Reference
    _fp_trap_shutdown                         - Undefined Weak Reference
    _get_lc_collate                           - Undefined Weak Reference
    _get_lc_ctype                             - Undefined Weak Reference
    _get_lc_monetary                          - Undefined Weak Reference
    _get_lc_numeric                           - Undefined Weak Reference
    _get_lc_time                              - Undefined Weak Reference
    _getenv_init                              - Undefined Weak Reference
    _handle_redirection                       - Undefined Weak Reference
    _mutex_acquire                            - Undefined Weak Reference
    _mutex_free                               - Undefined Weak Reference
    _mutex_release                            - Undefined Weak Reference
    _printf_truncate_unsigned                 - Undefined Weak Reference
    _rand_init                                - Undefined Weak Reference
    _signal_finish                            - Undefined Weak Reference
    _signal_init                              - Undefined Weak Reference
    __Vectors_End                            0x000000c0   Data           0  startup_skeaz1284.o(RESET)
    __Vectors_Size                           0x000000c0   Number         0  startup_skeaz1284.o ABSOLUTE
    __main                                   0x000000c1   Thumb Code     8  __main.o(!!!main)
    __scatterload                            0x000000c9   Thumb Code     0  __scatter.o(!!!scatter)
    __scatterload_rt2                        0x000000c9   Thumb Code    52  __scatter.o(!!!scatter)
    __scatterload_rt2_thumb_only             0x000000c9   Thumb Code     0  __scatter.o(!!!scatter)
    __scatterload_null                       0x000000d9   Thumb Code     0  __scatter.o(!!!scatter)
    __scatterload_copy                       0x00000105   Thumb Code    26  __scatter_copy.o(!!handler_copy)
    __scatterload_zeroinit                   0x00000121   Thumb Code    28  __scatter_zi.o(!!handler_zi)
    __rt_lib_init                            0x0000013d   Thumb Code     0  libinit.o(.ARM.Collect$$libinit$$00000000)
    __rt_lib_init_alloca_1                   0x0000013f   Thumb Code     0  libinit2.o(.ARM.Collect$$libinit$$0000002E)
    __rt_lib_init_argv_1                     0x0000013f   Thumb Code     0  libinit2.o(.ARM.Collect$$libinit$$0000002C)
    __rt_lib_init_atexit_1                   0x0000013f   Thumb Code     0  libinit2.o(.ARM.Collect$$libinit$$0000001B)
    __rt_lib_init_clock_1                    0x0000013f   Thumb Code     0  libinit2.o(.ARM.Collect$$libinit$$00000021)
    __rt_lib_init_cpp_1                      0x0000013f   Thumb Code     0  libinit2.o(.ARM.Collect$$libinit$$00000032)
    __rt_lib_init_exceptions_1               0x0000013f   Thumb Code     0  libinit2.o(.ARM.Collect$$libinit$$00000030)
    __rt_lib_init_fp_1                       0x0000013f   Thumb Code     0  libinit2.o(.ARM.Collect$$libinit$$00000002)
    __rt_lib_init_fp_trap_1                  0x0000013f   Thumb Code     0  libinit2.o(.ARM.Collect$$libinit$$0000001F)
    __rt_lib_init_getenv_1                   0x0000013f   Thumb Code     0  libinit2.o(.ARM.Collect$$libinit$$00000023)
    __rt_lib_init_heap_1                     0x0000013f   Thumb Code     0  libinit2.o(.ARM.Collect$$libinit$$0000000A)
    __rt_lib_init_lc_collate_1               0x0000013f   Thumb Code     0  libinit2.o(.ARM.Collect$$libinit$$00000011)
    __rt_lib_init_lc_ctype_1                 0x0000013f   Thumb Code     0  libinit2.o(.ARM.Collect$$libinit$$00000013)
    __rt_lib_init_lc_monetary_1              0x0000013f   Thumb Code     0  libinit2.o(.ARM.Collect$$libinit$$00000015)
    __rt_lib_init_lc_numeric_1               0x0000013f   Thumb Code     0  libinit2.o(.ARM.Collect$$libinit$$00000017)
    __rt_lib_init_lc_time_1                  0x0000013f   Thumb Code     0  libinit2.o(.ARM.Collect$$libinit$$00000019)
    __rt_lib_init_preinit_1                  0x0000013f   Thumb Code     0  libinit2.o(.ARM.Collect$$libinit$$00000004)
    __rt_lib_init_rand_1                     0x0000013f   Thumb Code     0  libinit2.o(.ARM.Collect$$libinit$$0000000E)
    __rt_lib_init_return                     0x0000013f   Thumb Code     0  libinit2.o(.ARM.Collect$$libinit$$00000033)
    __rt_lib_init_signal_1                   0x0000013f   Thumb Code     0  libinit2.o(.ARM.Collect$$libinit$$0000001D)
    __rt_lib_init_stdio_1                    0x0000013f   Thumb Code     0  libinit2.o(.ARM.Collect$$libinit$$00000025)
    __rt_lib_init_user_alloc_1               0x0000013f   Thumb Code     0  libinit2.o(.ARM.Collect$$libinit$$0000000C)
    __rt_lib_shutdown                        0x00000141   Thumb Code     0  libshutdown.o(.ARM.Collect$$libshutdown$$00000000)
    __rt_lib_shutdown_cpp_1                  0x00000143   Thumb Code     0  libshutdown2.o(.ARM.Collect$$libshutdown$$00000002)
    __rt_lib_shutdown_fp_trap_1              0x00000143   Thumb Code     0  libshutdown2.o(.ARM.Collect$$libshutdown$$00000007)
    __rt_lib_shutdown_heap_1                 0x00000143   Thumb Code     0  libshutdown2.o(.ARM.Collect$$libshutdown$$0000000F)
    __rt_lib_shutdown_return                 0x00000143   Thumb Code     0  libshutdown2.o(.ARM.Collect$$libshutdown$$00000010)
    __rt_lib_shutdown_signal_1               0x00000143   Thumb Code     0  libshutdown2.o(.ARM.Collect$$libshutdown$$0000000A)
    __rt_lib_shutdown_stdio_1                0x00000143   Thumb Code     0  libshutdown2.o(.ARM.Collect$$libshutdown$$00000004)
    __rt_lib_shutdown_user_alloc_1           0x00000143   Thumb Code     0  libshutdown2.o(.ARM.Collect$$libshutdown$$0000000C)
    __rt_entry                               0x00000145   Thumb Code     0  __rtentry.o(.ARM.Collect$$rtentry$$00000000)
    __rt_entry_presh_1                       0x00000145   Thumb Code     0  __rtentry2.o(.ARM.Collect$$rtentry$$00000002)
    __rt_entry_sh                            0x00000145   Thumb Code     0  __rtentry4.o(.ARM.Collect$$rtentry$$00000004)
    __rt_entry_li                            0x0000014b   Thumb Code     0  __rtentry2.o(.ARM.Collect$$rtentry$$0000000A)
    __rt_entry_postsh_1                      0x0000014b   Thumb Code     0  __rtentry2.o(.ARM.Collect$$rtentry$$00000009)
    __rt_entry_main                          0x0000014f   Thumb Code     0  __rtentry2.o(.ARM.Collect$$rtentry$$0000000D)
    __rt_entry_postli_1                      0x0000014f   Thumb Code     0  __rtentry2.o(.ARM.Collect$$rtentry$$0000000C)
    __rt_exit                                0x00000157   Thumb Code     0  rtexit.o(.ARM.Collect$$rtexit$$00000000)
    __rt_exit_ls                             0x00000159   Thumb Code     0  rtexit2.o(.ARM.Collect$$rtexit$$00000003)
    __rt_exit_prels_1                        0x00000159   Thumb Code     0  rtexit2.o(.ARM.Collect$$rtexit$$00000002)
    __rt_exit_exit                           0x0000015d   Thumb Code     0  rtexit2.o(.ARM.Collect$$rtexit$$00000004)
    init_data_bss                            0x00000165   Thumb Code     2  startup_skeaz1284.o(.text)
    Reset_Handler                            0x00000167   Thumb Code    12  startup_skeaz1284.o(.text)
    NMI_Handler                              0x00000173   Thumb Code     2  startup_skeaz1284.o(.text)
    HardFault_Handler                        0x00000175   Thumb Code     2  startup_skeaz1284.o(.text)
    SVC_Handler                              0x00000177   Thumb Code     2  startup_skeaz1284.o(.text)
    PendSV_Handler                           0x00000179   Thumb Code     2  startup_skeaz1284.o(.text)
    ACMP0_IRQHandler                         0x0000017d   Thumb Code     0  startup_skeaz1284.o(.text)
    ACMP1_IRQHandler                         0x0000017d   Thumb Code     0  startup_skeaz1284.o(.text)
    DefaultISR                               0x0000017d   Thumb Code     0  startup_skeaz1284.o(.text)
    FTM0_IRQHandler                          0x0000017d   Thumb Code     0  startup_skeaz1284.o(.text)
    FTM1_IRQHandler                          0x0000017d   Thumb Code     0  startup_skeaz1284.o(.text)
    FTM2_IRQHandler                          0x0000017d   Thumb Code     0  startup_skeaz1284.o(.text)
    FTMRE_IRQHandler                         0x0000017d   Thumb Code     0  startup_skeaz1284.o(.text)
    I2C0_IRQHandler                          0x0000017d   Thumb Code     0  startup_skeaz1284.o(.text)
    I2C1_IRQHandler                          0x0000017d   Thumb Code     0  startup_skeaz1284.o(.text)
    ICS_IRQHandler                           0x0000017d   Thumb Code     0  startup_skeaz1284.o(.text)
    KBI1_IRQHandler                          0x0000017d   Thumb Code     0  startup_skeaz1284.o(.text)
    MSCAN_RX_IRQHandler                      0x0000017d   Thumb Code     0  startup_skeaz1284.o(.text)
    MSCAN_TX_IRQHandler                      0x0000017d   Thumb Code     0  startup_skeaz1284.o(.text)
    PIT_CH0_IRQHandler                       0x0000017d   Thumb Code     0  startup_skeaz1284.o(.text)
    PIT_CH1_IRQHandler                       0x0000017d   Thumb Code     0  startup_skeaz1284.o(.text)
    PMC_IRQHandler                           0x0000017d   Thumb Code     0  startup_skeaz1284.o(.text)
    PWT_IRQHandler                           0x0000017d   Thumb Code     0  startup_skeaz1284.o(.text)
    Reserved16_IRQHandler                    0x0000017d   Thumb Code     0  startup_skeaz1284.o(.text)
    Reserved17_IRQHandler                    0x0000017d   Thumb Code     0  startup_skeaz1284.o(.text)
    Reserved18_IRQHandler                    0x0000017d   Thumb Code     0  startup_skeaz1284.o(.text)
    Reserved19_IRQHandler                    0x0000017d   Thumb Code     0  startup_skeaz1284.o(.text)
    Reserved20_IRQHandler                    0x0000017d   Thumb Code     0  startup_skeaz1284.o(.text)
    Reserved42_IRQHandler                    0x0000017d   Thumb Code     0  startup_skeaz1284.o(.text)
    SPI0_IRQHandler                          0x0000017d   Thumb Code     0  startup_skeaz1284.o(.text)
    SPI1_IRQHandler                          0x0000017d   Thumb Code     0  startup_skeaz1284.o(.text)
    WDOG_IRQHandler                          0x0000017d   Thumb Code     0  startup_skeaz1284.o(.text)
    __user_initial_stackheap                 0x00000181   Thumb Code     0  startup_skeaz1284.o(.text)
    _memset_w                                0x000001a5   Thumb Code    26  rt_memclr.o(.text)
    _memset                                  0x000001bf   Thumb Code    30  rt_memclr.o(.text)
    __aeabi_memclr                           0x000001dd   Thumb Code     4  rt_memclr.o(.text)
    __rt_memclr                              0x000001dd   Thumb Code     0  rt_memclr.o(.text)
    __aeabi_memclr4                          0x000001e1   Thumb Code     0  rt_memclr.o(.text)
    __aeabi_memclr8                          0x000001e1   Thumb Code     0  rt_memclr.o(.text)
    __rt_memclr_w                            0x000001e1   Thumb Code     4  rt_memclr.o(.text)
    __aeabi_uidiv                            0x000001e5   Thumb Code     0  aeabi_sdiv.o(.text)
    __aeabi_uidivmod                         0x000001e5   Thumb Code    20  aeabi_sdiv.o(.text)
    __aeabi_idiv                             0x000001f9   Thumb Code     0  aeabi_sdiv.o(.text)
    __aeabi_idivmod                          0x000001f9   Thumb Code   326  aeabi_sdiv.o(.text)
    __use_two_region_memory                  0x0000033f   Thumb Code     2  heapauxi.o(.text)
    __rt_heap_escrow                         0x00000341   Thumb Code     2  heapauxi.o(.text)
    __rt_heap_expand                         0x00000343   Thumb Code     2  heapauxi.o(.text)
    __user_setup_stackheap                   0x00000345   Thumb Code    62  sys_stackheap_outer.o(.text)
    exit                                     0x00000383   Thumb Code    16  exit.o(.text)
    __user_libspace                          0x00000395   Thumb Code     8  libspace.o(.text)
    __user_perproc_libspace                  0x00000395   Thumb Code     0  libspace.o(.text)
    __user_perthread_libspace                0x00000395   Thumb Code     0  libspace.o(.text)
    __I$use$semihosting                      0x0000039d   Thumb Code     0  use_no_semi.o(.text)
    __use_no_semihosting_swi                 0x0000039d   Thumb Code     2  use_no_semi.o(.text)
    __semihosting_library_function           0x0000039f   Thumb Code     0  indicate_semi.o(.text)
    _sys_exit                                0x000003a1   Thumb Code     8  sys_exit.o(.text)
    ADC_IRQHandler                           0x000003ad   Thumb Code     2  interrupt.o(i.ADC_IRQHandler)
    Arm_ACK                                  0x000003b1   Thumb Code    50  app_arm.o(i.Arm_ACK)
    BootloaderJumpToApp                      0x000003ed   Thumb Code    16  app_updata.o(i.BootloaderJumpToApp)
    Queue_Cnt                                0x000003fd   Thumb Code     4  sch_queue.o(i.Queue_Cnt)
    ArmDataAnalyse                           0x00000411   Thumb Code   236  app_arm.o(i.ArmDataAnalyse)
    ArmDataRxPro                             0x00000509   Thumb Code   172  app_arm.o(i.ArmDataRxPro)
    Bsp_Clock_Init                           0x000005bd   Thumb Code     8  bsp.o(i.Bsp_Clock_Init)
    Bsp_FLASH_Init                           0x000005c5   Thumb Code     8  bsp.o(i.Bsp_FLASH_Init)
    Bsp_Relocation_Int                       0x000005cd   Thumb Code    10  bsp.o(i.Bsp_Relocation_Int)
    Bsp_SysTick_Init                         0x000005d9   Thumb Code    38  bsp.o(i.Bsp_SysTick_Init)
    Bsp_UART_Init                            0x00000611   Thumb Code    32  bsp.o(i.Bsp_UART_Init)
    Bsp_WDOG_Init                            0x00000631   Thumb Code    52  bsp.o(i.Bsp_WDOG_Init)
    FEI_to_FBE_OSC                           0x00000665   Thumb Code    78  ics.o(i.FEI_to_FBE_OSC)
    FEI_to_FEE                               0x000006b9   Thumb Code    56  ics.o(i.FEI_to_FEE)
    FEI_to_FEE_OSC                           0x000006f5   Thumb Code    56  ics.o(i.FEI_to_FEE_OSC)
    FLASH_EraseSector                        0x00000731   Thumb Code    96  flash.o(i.FLASH_EraseSector)
    FLASH_Init                               0x00000799   Thumb Code    92  flash.o(i.FLASH_Init)
    FLASH_LaunchCMD                          0x00000805   Thumb Code    30  flash.o(i.FLASH_LaunchCMD)
    FLASH_Program1LongWord                   0x0000082d   Thumb Code   118  flash.o(i.FLASH_Program1LongWord)
    FLASH_Program2LongWords                  0x000008ad   Thumb Code   140  flash.o(i.FLASH_Program2LongWords)
    FeedDog                                  0x00000941   Thumb Code     8  bsp.o(i.FeedDog)
    Flash_Program_U8                         0x00000949   Thumb Code   152  mw_flash.o(i.Flash_Program_U8)
    GPIO_PinClear                            0x000009e1   Thumb Code    42  gpio.o(i.GPIO_PinClear)
    GPIO_PinInit                             0x00000a11   Thumb Code   398  gpio.o(i.GPIO_PinInit)
    GPIO_PinSet                              0x00000ba9   Thumb Code    42  gpio.o(i.GPIO_PinSet)
    GetCheckData_Xor                         0x00000bd9   Thumb Code    24  sch_common.o(i.GetCheckData_Xor)
    GetClockDay                              0x00000bf1   Thumb Code   116  mw_rtc.o(i.GetClockDay)
    GetCurrentTime                           0x00000c69   Thumb Code   118  mw_rtc.o(i.GetCurrentTime)
    GetMaxDay                                0x00000ce5   Thumb Code    34  mw_rtc.o(i.GetMaxDay)
    GetMessage                               0x00000d15   Thumb Code    16  sch_message.o(i.GetMessage)
    IAP_Pro                                  0x00000d29   Thumb Code    42  app_updata.o(i.IAP_Pro)
    ICS_Init                                 0x00000d5d   Thumb Code    68  ics.o(i.ICS_Init)
    ICS_SetClkDivider                        0x00000da5   Thumb Code    74  ics.o(i.ICS_SetClkDivider)
    ICS_Trim                                 0x00000dfd   Thumb Code    26  ics.o(i.ICS_Trim)
    IRQ_IRQHandler                           0x00000e1d   Thumb Code    12  interrupt.o(i.IRQ_IRQHandler)
    In_IapMode                               0x00000e2d   Thumb Code    22  app_updata.o(i.In_IapMode)
    In_ResetMode                             0x00000e49   Thumb Code    22  app_updata.o(i.In_ResetMode)
    Is_IapMode                               0x00000e65   Thumb Code    26  app_updata.o(i.Is_IapMode)
    Is_ResetMode                             0x00000e85   Thumb Code    20  app_updata.o(i.Is_ResetMode)
    Is_Uart_Choose_PC                        0x00000e9d   Thumb Code    20  main.o(i.Is_Uart_Choose_PC)
    Is_Uart_Choose_PC1                       0x00000eb5   Thumb Code    20  main.o(i.Is_Uart_Choose_PC1)
    KBI0_IRQHandler                          0x00000ecd   Thumb Code    16  interrupt.o(i.KBI0_IRQHandler)
    LED_Ctl                                  0x00000ee5   Thumb Code    22  mw_gpio.o(i.LED_Ctl)
    LED_Init                                 0x00000efb   Thumb Code    12  mw_gpio.o(i.LED_Init)
    M2A_TxService                            0x00000f09   Thumb Code   186  app_arm.o(i.M2A_TxService)
    MCU_Updata_pro                           0x00000fe1   Thumb Code   236  app_updata.o(i.MCU_Updata_pro)
    OSC_Init                                 0x00001119   Thumb Code    60  ics.o(i.OSC_Init)
    Out_IapMode                              0x00001159   Thumb Code    12  app_updata.o(i.Out_IapMode)
    PostMessage                              0x00001165   Thumb Code    24  sch_message.o(i.PostMessage)
    Queue_In                                 0x00001181   Thumb Code    84  sch_queue.o(i.Queue_In)
    Queue_Init                               0x000011d5   Thumb Code    28  sch_queue.o(i.Queue_Init)
    Queue_Out                                0x000011f1   Thumb Code    80  sch_queue.o(i.Queue_Out)
    RTC_IRQHandler                           0x00001241   Thumb Code    18  interrupt.o(i.RTC_IRQHandler)
    SCH_Task_Execute                         0x00001259   Thumb Code    62  task.o(i.SCH_Task_Execute)
    SIM_Init                                 0x0000129d   Thumb Code   116  sim.o(i.SIM_Init)
    SYS_Power_Ctl                            0x00001315   Thumb Code    38  mw_gpio.o(i.SYS_Power_Ctl)
    SysFlashInit                             0x00001341   Thumb Code    10  mw_flash.o(i.SysFlashInit)
    SysTick_Handler                          0x00001351   Thumb Code    84  interrupt.o(i.SysTick_Handler)
    SysUartInit                              0x000013ad   Thumb Code   152  mw_uart.o(i.SysUartInit)
    SysWait1Us                               0x00001461   Thumb Code    28  sch_common.o(i.SysWait1Us)
    SysWaitMs                                0x0000147d   Thumb Code    22  sch_common.o(i.SysWaitMs)
    SysWaitUs                                0x00001493   Thumb Code    16  sch_common.o(i.SysWaitUs)
    SystemInit                               0x000014a3   Thumb Code     2  system_skeaz1284.o(i.SystemInit)
    SystemInit_A                             0x000014a5   Thumb Code    64  system_skeaz1284.o(i.SystemInit_A)
    TASK_Arm_Pro                             0x000014f9   Thumb Code     8  app_arm.o(i.TASK_Arm_Pro)
    Task_100ms_Pro                           0x00001501   Thumb Code    52  task.o(i.Task_100ms_Pro)
    Task_8ms_Pro                             0x0000153d   Thumb Code    16  task.o(i.Task_8ms_Pro)
    UART0_IRQHandler                         0x00001551   Thumb Code    10  interrupt.o(i.UART0_IRQHandler)
    UART1_IRQHandler                         0x0000155b   Thumb Code    10  interrupt.o(i.UART1_IRQHandler)
    UART2_IRQHandler                         0x00001565   Thumb Code    10  interrupt.o(i.UART2_IRQHandler)
    UART_CheckFlag                           0x0000156f   Thumb Code    16  uart.o(i.UART_CheckFlag)
    UART_DisableInterrupt                    0x0000157f   Thumb Code    86  uart.o(i.UART_DisableInterrupt)
    UART_EnableInterrupt                     0x000015d5   Thumb Code    82  uart.o(i.UART_EnableInterrupt)
    UART_GetChar                             0x00001627   Thumb Code    10  uart.o(i.UART_GetChar)
    UART_GetFlags                            0x00001631   Thumb Code    12  uart.o(i.UART_GetFlags)
    UART_Init                                0x0000163d   Thumb Code    94  uart.o(i.UART_Init)
    UART_IntSerive                           0x000016a9   Thumb Code    62  mw_uart.o(i.UART_IntSerive)
    UART_PutChar                             0x000016ed   Thumb Code    10  uart.o(i.UART_PutChar)
    UartBufCnt                               0x000016f9   Thumb Code    22  mw_uart.o(i.UartBufCnt)
    UartBufInit                              0x00001715   Thumb Code    22  mw_uart.o(i.UartBufInit)
    UartGetFromBuf                           0x00001731   Thumb Code    28  mw_uart.o(i.UartGetFromBuf)
    UartPutToBuf                             0x00001751   Thumb Code    28  mw_uart.o(i.UartPutToBuf)
    UartRxCnt                                0x00001771   Thumb Code    10  mw_uart.o(i.UartRxCnt)
    UartRxData                               0x0000177b   Thumb Code    14  mw_uart.o(i.UartRxData)
    UartSendData8                            0x00001789   Thumb Code    14  mw_uart.o(i.UartSendData8)
    UartTxCnt                                0x0000179d   Thumb Code    10  mw_uart.o(i.UartTxCnt)
    UartTxData                               0x000017a7   Thumb Code    56  mw_uart.o(i.UartTxData)
    UartTxIntDis                             0x000017e1   Thumb Code    16  mw_uart.o(i.UartTxIntDis)
    UartTxIntEn                              0x000017f5   Thumb Code    16  mw_uart.o(i.UartTxIntEn)
    Uart_Rx_DataPro                          0x00001809   Thumb Code    14  mw_uart.o(i.Uart_Rx_DataPro)
    Uart_Tx_DataPro                          0x00001817   Thumb Code    54  mw_uart.o(i.Uart_Tx_DataPro)
    Updata_Init                              0x0000184d   Thumb Code    14  app_updata.o(i.Updata_Init)
    WDOG_Enable                              0x00001861   Thumb Code    20  wdog.o(i.WDOG_Enable)
    WDOG_Feed                                0x00001881   Thumb Code    16  wdog.o(i.WDOG_Feed)
    WDOG_Init                                0x0000189d   Thumb Code   106  wdog.o(i.WDOG_Init)
    main                                     0x00001915   Thumb Code   142  main.o(i.main)
    sch_memcpy                               0x000019a9   Thumb Code    22  sch_common.o(i.sch_memcpy)
    sch_memset                               0x000019bf   Thumb Code    18  sch_common.o(i.sch_memset)
    sysinit                                  0x000019d1   Thumb Code    98  sysinit.o(i.sysinit)
    u8_TO_u32                                0x00001a3d   Thumb Code    22  mw_flash.o(i.u8_TO_u32)
    write_vtor                               0x00001a55   Thumb Code     6  arm_cm0.o(i.write_vtor)
    UartBufAddr                              0x00001a60   Data          32  mw_uart.o(.constdata)
    bMonthTable                              0x00001a80   Data          12  mw_rtc.o(.constdata)
    Region$$Table$$Base                      0x00001a8c   Number         0  anon$$obj.o(Region$$Table)
    Region$$Table$$Limit                     0x00001aac   Number         0  anon$$obj.o(Region$$Table)
    UART0_TX_QUEUE                           0x1ffff004   Data          16  mw_uart.o(.data)
    UART0_RX_QUEUE                           0x1ffff014   Data          16  mw_uart.o(.data)
    UART1_TX_QUEUE                           0x1ffff024   Data          16  mw_uart.o(.data)
    UART1_RX_QUEUE                           0x1ffff034   Data          16  mw_uart.o(.data)
    UART2_TX_QUEUE                           0x1ffff044   Data          16  mw_uart.o(.data)
    UART2_RX_QUEUE                           0x1ffff054   Data          16  mw_uart.o(.data)
    Uart_Arry                                0x1ffff064   Data          12  mw_uart.o(.data)
    Uart_ARM                                 0x1ffff070   Data           1  app_arm.o(.data)
    Clock                                    0x1ffff072   Data           7  mw_rtc.o(.data)
    global_pass_count                        0x1ffff07a   Data           2  sysinit.o(.data)
    global_fail_count                        0x1ffff07c   Data           2  sysinit.o(.data)
    MESSAGE_QUEUE                            0x1ffff080   Data         128  sch_message.o(.data)
    Sys                                      0x1ffff100   Data          24  system.o(.bss)
    Uart0_TX_buf                             0x1ffff118   Data         128  mw_uart.o(.bss)
    Uart0_RX_buf                             0x1ffff198   Data         256  mw_uart.o(.bss)
    Uart1_TX_buf                             0x1ffff298   Data         128  mw_uart.o(.bss)
    Uart1_RX_buf                             0x1ffff318   Data         256  mw_uart.o(.bss)
    Uart2_TX_buf                             0x1ffff418   Data         128  mw_uart.o(.bss)
    Uart2_RX_buf                             0x1ffff498   Data         256  mw_uart.o(.bss)
    ArmModuel                                0x1ffff598   Data         190  app_arm.o(.bss)
    Iap                                      0x1ffff658   Data         152  app_updata.o(.bss)
    Queue                                    0x1ffff6f0   Data         320  sch_message.o(.bss)
    __libspace_start                         0x1ffff830   Data          96  libspace.o(.bss)
    __temporary_stack_top$libspace           0x1ffff890   Data           0  libspace.o(.bss)



==============================================================================

Memory Map of the image

  Image Entry point : 0x000000c1

  Load Region LR_IROM1 (Base: 0x00000000, Size: 0x00001bac, Max: 0x00004000, ABSOLUTE)

    Execution Region ER_IROM1 (Base: 0x00000000, Size: 0x00001aac, Max: 0x00004000, ABSOLUTE)

    Base Addr    Size         Type   Attr      Idx    E Section Name        Object

    0x00000000   0x000000c0   Data   RO         2742    RESET               startup_skeaz1284.o
    0x000000c0   0x00000008   Code   RO         2859  * !!!main             c_p.l(__main.o)
    0x000000c8   0x0000003c   Code   RO         3216    !!!scatter          c_p.l(__scatter.o)
    0x00000104   0x0000001a   Code   RO         3218    !!handler_copy      c_p.l(__scatter_copy.o)
    0x0000011e   0x00000002   PAD
    0x00000120   0x0000001c   Code   RO         3220    !!handler_zi        c_p.l(__scatter_zi.o)
    0x0000013c   0x00000002   Code   RO         3006    .ARM.Collect$$libinit$$00000000  c_p.l(libinit.o)
    0x0000013e   0x00000000   Code   RO         3008    .ARM.Collect$$libinit$$00000002  c_p.l(libinit2.o)
    0x0000013e   0x00000000   Code   RO         3010    .ARM.Collect$$libinit$$00000004  c_p.l(libinit2.o)
    0x0000013e   0x00000000   Code   RO         3013    .ARM.Collect$$libinit$$0000000A  c_p.l(libinit2.o)
    0x0000013e   0x00000000   Code   RO         3015    .ARM.Collect$$libinit$$0000000C  c_p.l(libinit2.o)
    0x0000013e   0x00000000   Code   RO         3017    .ARM.Collect$$libinit$$0000000E  c_p.l(libinit2.o)
    0x0000013e   0x00000000   Code   RO         3020    .ARM.Collect$$libinit$$00000011  c_p.l(libinit2.o)
    0x0000013e   0x00000000   Code   RO         3022    .ARM.Collect$$libinit$$00000013  c_p.l(libinit2.o)
    0x0000013e   0x00000000   Code   RO         3024    .ARM.Collect$$libinit$$00000015  c_p.l(libinit2.o)
    0x0000013e   0x00000000   Code   RO         3026    .ARM.Collect$$libinit$$00000017  c_p.l(libinit2.o)
    0x0000013e   0x00000000   Code   RO         3028    .ARM.Collect$$libinit$$00000019  c_p.l(libinit2.o)
    0x0000013e   0x00000000   Code   RO         3030    .ARM.Collect$$libinit$$0000001B  c_p.l(libinit2.o)
    0x0000013e   0x00000000   Code   RO         3032    .ARM.Collect$$libinit$$0000001D  c_p.l(libinit2.o)
    0x0000013e   0x00000000   Code   RO         3034    .ARM.Collect$$libinit$$0000001F  c_p.l(libinit2.o)
    0x0000013e   0x00000000   Code   RO         3036    .ARM.Collect$$libinit$$00000021  c_p.l(libinit2.o)
    0x0000013e   0x00000000   Code   RO         3038    .ARM.Collect$$libinit$$00000023  c_p.l(libinit2.o)
    0x0000013e   0x00000000   Code   RO         3040    .ARM.Collect$$libinit$$00000025  c_p.l(libinit2.o)
    0x0000013e   0x00000000   Code   RO         3044    .ARM.Collect$$libinit$$0000002C  c_p.l(libinit2.o)
    0x0000013e   0x00000000   Code   RO         3046    .ARM.Collect$$libinit$$0000002E  c_p.l(libinit2.o)
    0x0000013e   0x00000000   Code   RO         3048    .ARM.Collect$$libinit$$00000030  c_p.l(libinit2.o)
    0x0000013e   0x00000000   Code   RO         3050    .ARM.Collect$$libinit$$00000032  c_p.l(libinit2.o)
    0x0000013e   0x00000002   Code   RO         3051    .ARM.Collect$$libinit$$00000033  c_p.l(libinit2.o)
    0x00000140   0x00000002   Code   RO         3197    .ARM.Collect$$libshutdown$$00000000  c_p.l(libshutdown.o)
    0x00000142   0x00000000   Code   RO         3053    .ARM.Collect$$libshutdown$$00000002  c_p.l(libshutdown2.o)
    0x00000142   0x00000000   Code   RO         3055    .ARM.Collect$$libshutdown$$00000004  c_p.l(libshutdown2.o)
    0x00000142   0x00000000   Code   RO         3058    .ARM.Collect$$libshutdown$$00000007  c_p.l(libshutdown2.o)
    0x00000142   0x00000000   Code   RO         3061    .ARM.Collect$$libshutdown$$0000000A  c_p.l(libshutdown2.o)
    0x00000142   0x00000000   Code   RO         3063    .ARM.Collect$$libshutdown$$0000000C  c_p.l(libshutdown2.o)
    0x00000142   0x00000000   Code   RO         3066    .ARM.Collect$$libshutdown$$0000000F  c_p.l(libshutdown2.o)
    0x00000142   0x00000002   Code   RO         3067    .ARM.Collect$$libshutdown$$00000010  c_p.l(libshutdown2.o)
    0x00000144   0x00000000   Code   RO         2861    .ARM.Collect$$rtentry$$00000000  c_p.l(__rtentry.o)
    0x00000144   0x00000000   Code   RO         2878    .ARM.Collect$$rtentry$$00000002  c_p.l(__rtentry2.o)
    0x00000144   0x00000006   Code   RO         2890    .ARM.Collect$$rtentry$$00000004  c_p.l(__rtentry4.o)
    0x0000014a   0x00000000   Code   RO         2880    .ARM.Collect$$rtentry$$00000009  c_p.l(__rtentry2.o)
    0x0000014a   0x00000004   Code   RO         2881    .ARM.Collect$$rtentry$$0000000A  c_p.l(__rtentry2.o)
    0x0000014e   0x00000000   Code   RO         2883    .ARM.Collect$$rtentry$$0000000C  c_p.l(__rtentry2.o)
    0x0000014e   0x00000008   Code   RO         2884    .ARM.Collect$$rtentry$$0000000D  c_p.l(__rtentry2.o)
    0x00000156   0x00000002   Code   RO         3077    .ARM.Collect$$rtexit$$00000000  c_p.l(rtexit.o)
    0x00000158   0x00000000   Code   RO         3135    .ARM.Collect$$rtexit$$00000002  c_p.l(rtexit2.o)
    0x00000158   0x00000004   Code   RO         3136    .ARM.Collect$$rtexit$$00000003  c_p.l(rtexit2.o)
    0x0000015c   0x00000006   Code   RO         3137    .ARM.Collect$$rtexit$$00000004  c_p.l(rtexit2.o)
    0x00000162   0x00000002   PAD
    0x00000164   0x00000040   Code   RO         2744    .text               startup_skeaz1284.o
    0x000001a4   0x00000040   Code   RO         2851    .text               c_p.l(rt_memclr.o)
    0x000001e4   0x0000015a   Code   RO         2853    .text               c_p.l(aeabi_sdiv.o)
    0x0000033e   0x00000006   Code   RO         2857    .text               c_p.l(heapauxi.o)
    0x00000344   0x0000003e   Code   RO         2917    .text               c_p.l(sys_stackheap_outer.o)
    0x00000382   0x00000010   Code   RO         2991    .text               c_p.l(exit.o)
    0x00000392   0x00000002   PAD
    0x00000394   0x00000008   Code   RO         3070    .text               c_p.l(libspace.o)
    0x0000039c   0x00000002   Code   RO         3073    .text               c_p.l(use_no_semi.o)
    0x0000039e   0x00000000   Code   RO         3075    .text               c_p.l(indicate_semi.o)
    0x0000039e   0x00000002   PAD
    0x000003a0   0x0000000c   Code   RO         3132    .text               c_p.l(sys_exit.o)
    0x000003ac   0x00000002   Code   RO          333    i.ADC_IRQHandler    interrupt.o
    0x000003ae   0x00000002   PAD
    0x000003b0   0x0000003c   Code   RO          622    i.Arm_ACK           app_arm.o
    0x000003ec   0x00000010   Code   RO         1088    i.BootloaderJumpToApp  app_updata.o
    0x000003fc   0x00000004   Code   RO         2521    i.Queue_Cnt         sch_queue.o
    0x00000400   0x00000010   Code   RO         2743    .ARM.__at_0x400     startup_skeaz1284.o
    0x00000410   0x000000f8   Code   RO          620    i.ArmDataAnalyse    app_arm.o
    0x00000508   0x000000b4   Code   RO          621    i.ArmDataRxPro      app_arm.o
    0x000005bc   0x00000008   Code   RO          222    i.Bsp_Clock_Init    bsp.o
    0x000005c4   0x00000008   Code   RO          223    i.Bsp_FLASH_Init    bsp.o
    0x000005cc   0x0000000a   Code   RO          228    i.Bsp_Relocation_Int  bsp.o
    0x000005d6   0x00000002   PAD
    0x000005d8   0x00000038   Code   RO          230    i.Bsp_SysTick_Init  bsp.o
    0x00000610   0x00000020   Code   RO          232    i.Bsp_UART_Init     bsp.o
    0x00000630   0x00000034   Code   RO          234    i.Bsp_WDOG_Init     bsp.o
    0x00000664   0x00000054   Code   RO         2299    i.FEI_to_FBE_OSC    ics.o
    0x000006b8   0x0000003c   Code   RO         2301    i.FEI_to_FEE        ics.o
    0x000006f4   0x0000003c   Code   RO         2302    i.FEI_to_FEE_OSC    ics.o
    0x00000730   0x00000068   Code   RO         2125    i.FLASH_EraseSector  flash.o
    0x00000798   0x0000006c   Code   RO         2129    i.FLASH_Init        flash.o
    0x00000804   0x00000028   Code   RO         2130    i.FLASH_LaunchCMD   flash.o
    0x0000082c   0x00000080   Code   RO         2132    i.FLASH_Program1LongWord  flash.o
    0x000008ac   0x00000094   Code   RO         2133    i.FLASH_Program2LongWords  flash.o
    0x00000940   0x00000008   Code   RO          235    i.FeedDog           bsp.o
    0x00000948   0x00000098   Code   RO         1170    i.Flash_Program_U8  mw_flash.o
    0x000009e0   0x00000030   Code   RO         1882    i.GPIO_PinClear     gpio.o
    0x00000a10   0x00000198   Code   RO         1883    i.GPIO_PinInit      gpio.o
    0x00000ba8   0x00000030   Code   RO         1884    i.GPIO_PinSet       gpio.o
    0x00000bd8   0x00000018   Code   RO         2580    i.GetCheckData_Xor  sch_common.o
    0x00000bf0   0x00000078   Code   RO         1251    i.GetClockDay       mw_rtc.o
    0x00000c68   0x0000007c   Code   RO         1252    i.GetCurrentTime    mw_rtc.o
    0x00000ce4   0x00000030   Code   RO         1253    i.GetMaxDay         mw_rtc.o
    0x00000d14   0x00000014   Code   RO         2682    i.GetMessage        sch_message.o
    0x00000d28   0x00000034   Code   RO         1089    i.IAP_Pro           app_updata.o
    0x00000d5c   0x00000048   Code   RO         2304    i.ICS_Init          ics.o
    0x00000da4   0x00000058   Code   RO         2305    i.ICS_SetClkDivider  ics.o
    0x00000dfc   0x00000020   Code   RO         2306    i.ICS_Trim          ics.o
    0x00000e1c   0x00000010   Code   RO          334    i.IRQ_IRQHandler    interrupt.o
    0x00000e2c   0x0000001c   Code   RO         1090    i.In_IapMode        app_updata.o
    0x00000e48   0x0000001c   Code   RO         1091    i.In_ResetMode      app_updata.o
    0x00000e64   0x00000020   Code   RO         1092    i.Is_IapMode        app_updata.o
    0x00000e84   0x00000018   Code   RO         1093    i.Is_ResetMode      app_updata.o
    0x00000e9c   0x00000018   Code   RO            3    i.Is_Uart_Choose_PC  main.o
    0x00000eb4   0x00000018   Code   RO            4    i.Is_Uart_Choose_PC1  main.o
    0x00000ecc   0x00000018   Code   RO          335    i.KBI0_IRQHandler   interrupt.o
    0x00000ee4   0x00000016   Code   RO          676    i.LED_Ctl           mw_gpio.o
    0x00000efa   0x0000000c   Code   RO          677    i.LED_Init          mw_gpio.o
    0x00000f06   0x00000002   PAD
    0x00000f08   0x000000d8   Code   RO          623    i.M2A_TxService     app_arm.o
    0x00000fe0   0x000000f4   Code   RO         1094    i.MCU_Updata_pro    app_updata.o
    0x000010d4   0x00000044   Code   RO          485    i.NVIC_SetPriority  mw_uart.o
    0x00001118   0x00000040   Code   RO         2309    i.OSC_Init          ics.o
    0x00001158   0x0000000c   Code   RO         1095    i.Out_IapMode       app_updata.o
    0x00001164   0x0000001c   Code   RO         2684    i.PostMessage       sch_message.o
    0x00001180   0x00000054   Code   RO         2522    i.Queue_In          sch_queue.o
    0x000011d4   0x0000001c   Code   RO         2523    i.Queue_Init        sch_queue.o
    0x000011f0   0x00000050   Code   RO         2527    i.Queue_Out         sch_queue.o
    0x00001240   0x00000018   Code   RO          336    i.RTC_IRQHandler    interrupt.o
    0x00001258   0x00000044   Code   RO          430    i.SCH_Task_Execute  task.o
    0x0000129c   0x00000078   Code   RO         2452    i.SIM_Init          sim.o
    0x00001314   0x0000002c   Code   RO          679    i.SYS_Power_Ctl     mw_gpio.o
    0x00001340   0x00000010   Code   RO         1178    i.SysFlashInit      mw_flash.o
    0x00001350   0x0000005c   Code   RO          337    i.SysTick_Handler   interrupt.o
    0x000013ac   0x000000b4   Code   RO          487    i.SysUartInit       mw_uart.o
    0x00001460   0x0000001c   Code   RO         2587    i.SysWait1Us        sch_common.o
    0x0000147c   0x00000016   Code   RO         2588    i.SysWaitMs         sch_common.o
    0x00001492   0x00000010   Code   RO         2589    i.SysWaitUs         sch_common.o
    0x000014a2   0x00000002   Code   RO         2753    i.SystemInit        system_skeaz1284.o
    0x000014a4   0x00000054   Code   RO         2754    i.SystemInit_A      system_skeaz1284.o
    0x000014f8   0x00000008   Code   RO          624    i.TASK_Arm_Pro      app_arm.o
    0x00001500   0x0000003c   Code   RO          431    i.Task_100ms_Pro    task.o
    0x0000153c   0x00000014   Code   RO          436    i.Task_8ms_Pro      task.o
    0x00001550   0x0000000a   Code   RO          338    i.UART0_IRQHandler  interrupt.o
    0x0000155a   0x0000000a   Code   RO          339    i.UART1_IRQHandler  interrupt.o
    0x00001564   0x0000000a   Code   RO          340    i.UART2_IRQHandler  interrupt.o
    0x0000156e   0x00000010   Code   RO         1603    i.UART_CheckFlag    uart.o
    0x0000157e   0x00000056   Code   RO         1604    i.UART_DisableInterrupt  uart.o
    0x000015d4   0x00000052   Code   RO         1605    i.UART_EnableInterrupt  uart.o
    0x00001626   0x0000000a   Code   RO         1606    i.UART_GetChar      uart.o
    0x00001630   0x0000000c   Code   RO         1607    i.UART_GetFlags     uart.o
    0x0000163c   0x0000006c   Code   RO         1608    i.UART_Init         uart.o
    0x000016a8   0x00000044   Code   RO          488    i.UART_IntSerive    mw_uart.o
    0x000016ec   0x0000000a   Code   RO         1609    i.UART_PutChar      uart.o
    0x000016f6   0x00000002   PAD
    0x000016f8   0x0000001c   Code   RO          489    i.UartBufCnt        mw_uart.o
    0x00001714   0x0000001c   Code   RO          490    i.UartBufInit       mw_uart.o
    0x00001730   0x00000020   Code   RO          491    i.UartGetFromBuf    mw_uart.o
    0x00001750   0x00000020   Code   RO          492    i.UartPutToBuf      mw_uart.o
    0x00001770   0x0000000a   Code   RO          493    i.UartRxCnt         mw_uart.o
    0x0000177a   0x0000000e   Code   RO          494    i.UartRxData        mw_uart.o
    0x00001788   0x00000014   Code   RO          495    i.UartSendData8     mw_uart.o
    0x0000179c   0x0000000a   Code   RO          496    i.UartTxCnt         mw_uart.o
    0x000017a6   0x00000038   Code   RO          497    i.UartTxData        mw_uart.o
    0x000017de   0x00000002   PAD
    0x000017e0   0x00000014   Code   RO          499    i.UartTxIntDis      mw_uart.o
    0x000017f4   0x00000014   Code   RO          500    i.UartTxIntEn       mw_uart.o
    0x00001808   0x0000000e   Code   RO          501    i.Uart_Rx_DataPro   mw_uart.o
    0x00001816   0x00000036   Code   RO          502    i.Uart_Tx_DataPro   mw_uart.o
    0x0000184c   0x00000014   Code   RO         1096    i.Updata_Init       app_updata.o
    0x00001860   0x00000020   Code   RO         1419    i.WDOG_Enable       wdog.o
    0x00001880   0x0000001c   Code   RO         1421    i.WDOG_Feed         wdog.o
    0x0000189c   0x00000078   Code   RO         1422    i.WDOG_Init         wdog.o
    0x00001914   0x00000094   Code   RO            8    i.main              main.o
    0x000019a8   0x00000016   Code   RO         2590    i.sch_memcpy        sch_common.o
    0x000019be   0x00000012   Code   RO         2591    i.sch_memset        sch_common.o
    0x000019d0   0x0000006c   Code   RO         2246    i.sysinit           sysinit.o
    0x00001a3c   0x00000016   Code   RO         1179    i.u8_TO_u32         mw_flash.o
    0x00001a52   0x00000002   PAD
    0x00001a54   0x0000000c   Code   RO         1345    i.write_vtor        arm_cm0.o
    0x00001a60   0x00000020   Data   RO          509    .constdata          mw_uart.o
    0x00001a80   0x0000000c   Data   RO         1258    .constdata          mw_rtc.o
    0x00001a8c   0x00000020   Data   RO         3214    Region$$Table       anon$$obj.o


    Execution Region RW_IRAM1 (Base: 0x1ffff000, Size: 0x00000990, Max: 0x00004000, ABSOLUTE)

    Base Addr    Size         Type   Attr      Idx    E Section Name        Object

    0x1ffff000   0x00000002   Data   RW          437    .data               task.o
    0x1ffff002   0x00000002   PAD
    0x1ffff004   0x00000010   Data   RW          510    .data               mw_uart.o
    0x1ffff014   0x00000010   Data   RW          511    .data               mw_uart.o
    0x1ffff024   0x00000010   Data   RW          512    .data               mw_uart.o
    0x1ffff034   0x00000010   Data   RW          513    .data               mw_uart.o
    0x1ffff044   0x00000010   Data   RW          514    .data               mw_uart.o
    0x1ffff054   0x00000010   Data   RW          515    .data               mw_uart.o
    0x1ffff064   0x0000000c   Data   RW          516    .data               mw_uart.o
    0x1ffff070   0x00000001   Data   RW          626    .data               app_arm.o
    0x1ffff071   0x00000008   Data   RW         1259    .data               mw_rtc.o
    0x1ffff079   0x00000001   PAD
    0x1ffff07a   0x00000004   Data   RW         2248    .data               sysinit.o
    0x1ffff07e   0x00000002   PAD
    0x1ffff080   0x00000080   Data   RW         2686    .data               sch_message.o
    0x1ffff100   0x00000018   Zero   RW          405    .bss                system.o
    0x1ffff118   0x00000080   Zero   RW          503    .bss                mw_uart.o
    0x1ffff198   0x00000100   Zero   RW          504    .bss                mw_uart.o
    0x1ffff298   0x00000080   Zero   RW          505    .bss                mw_uart.o
    0x1ffff318   0x00000100   Zero   RW          506    .bss                mw_uart.o
    0x1ffff418   0x00000080   Zero   RW          507    .bss                mw_uart.o
    0x1ffff498   0x00000100   Zero   RW          508    .bss                mw_uart.o
    0x1ffff598   0x000000be   Zero   RW          625    .bss                app_arm.o
    0x1ffff656   0x00000002   PAD
    0x1ffff658   0x00000098   Zero   RW         1097    .bss                app_updata.o
    0x1ffff6f0   0x00000140   Zero   RW         2685    .bss                sch_message.o
    0x1ffff830   0x00000060   Zero   RW         3071    .bss                c_p.l(libspace.o)
    0x1ffff890   0x00000000   Zero   RW         2741    HEAP                startup_skeaz1284.o
    0x1ffff890   0x00000100   Zero   RW         2740    STACK               startup_skeaz1284.o


==============================================================================

Image component sizes


      Code (inc. data)   RO Data    RW Data    ZI Data      Debug   Object Name

       712         60          0          1        190       4170   app_arm.o
       456         46          0          0        152       6371   app_updata.o
        12          6          0          0          0        433   arm_cm0.o
       174         18          0          0          0       8812   bsp.o
       528         52          0          0          0       3758   flash.o
       504         22          0          0          0       1933   gpio.o
       460         42          0          0          0       5300   ics.o
       188         26          0          0          0      10412   interrupt.o
       196         14          0          0          0      98846   main.o
       190          6          0          0          0       2389   mw_flash.o
        78          6          0          0          0       1861   mw_gpio.o
       292         24         12          8          0       3453   mw_rtc.o
       654         76         32        108       1152      19821   mw_uart.o
       130          0          0          0          0       3328   sch_common.o
        48          8          0        128        320       1752   sch_message.o
       196          0          0          0          0       2648   sch_queue.o
       120          4          0          0          0       1027   sim.o
        80         44        192          0        256        900   startup_skeaz1284.o
       108         10          0          4          0        820   sysinit.o
         0          0          0          0         24       6126   system.o
        86         20          0          0          0        900   system_skeaz1284.o
       148         18          0          2          0       1714   task.o
       324         14          0          0          0       6586   uart.o
       180         38          0          0          0       1530   wdog.o

    ----------------------------------------------------------------------
      5876        554        268        256       2096     194890   Object Totals
         0          0         32          0          0          0   (incl. Generated)
        12          0          0          5          2          0   (incl. Padding)

    ----------------------------------------------------------------------

      Code (inc. data)   RO Data    RW Data    ZI Data      Debug   Library Member Name

         8          0          0          0          0         68   __main.o
         0          0          0          0          0          0   __rtentry.o
        12          0          0          0          0          0   __rtentry2.o
         6          0          0          0          0          0   __rtentry4.o
        60          8          0          0          0          0   __scatter.o
        26          0          0          0          0          0   __scatter_copy.o
        28          0          0          0          0          0   __scatter_zi.o
       346          0          0          0          0         92   aeabi_sdiv.o
        16          0          0          0          0         68   exit.o
         6          0          0          0          0        136   heapauxi.o
         0          0          0          0          0          0   indicate_semi.o
         2          0          0          0          0          0   libinit.o
         2          0          0          0          0          0   libinit2.o
         2          0          0          0          0          0   libshutdown.o
         2          0          0          0          0          0   libshutdown2.o
         8          4          0          0         96         68   libspace.o
        64          0          0          0          0        108   rt_memclr.o
         2          0          0          0          0          0   rtexit.o
        10          0          0          0          0          0   rtexit2.o
        12          4          0          0          0         60   sys_exit.o
        62          0          0          0          0         80   sys_stackheap_outer.o
         2          0          0          0          0         68   use_no_semi.o

    ----------------------------------------------------------------------
       684         16          0          0         96        748   Library Totals
         8          0          0          0          0          0   (incl. Padding)

    ----------------------------------------------------------------------

      Code (inc. data)   RO Data    RW Data    ZI Data      Debug   Library Name

       676         16          0          0         96        748   c_p.l

    ----------------------------------------------------------------------
       684         16          0          0         96        748   Library Totals

    ----------------------------------------------------------------------

==============================================================================


      Code (inc. data)   RO Data    RW Data    ZI Data      Debug   

      6560        570        268        256       2192     191182   Grand Totals
      6560        570        268        256       2192     191182   ELF Image Totals
      6560        570        268        256          0          0   ROM Totals

==============================================================================

    Total RO  Size (Code + RO Data)                 6828 (   6.67kB)
    Total RW  Size (RW Data + ZI Data)              2448 (   2.39kB)
    Total ROM Size (Code + RO Data + RW Data)       7084 (   6.92kB)

==============================================================================

