Component: ARM Compiler 5.06 update 4 (build 422) Tool: armlink [4d35d2]

==============================================================================

Section Cross References

    main.o(i.SysHardware_Init) refers to bsp.o(i.Bsp_Clock_Init) for Bsp_Clock_Init
    main.o(i.SysHardware_Init) refers to bsp.o(i.Bsp_SysTick_Init) for Bsp_SysTick_Init
    main.o(i.SysHardware_Init) refers to bsp.o(i.Bsp_GPIO_Init) for Bsp_GPIO_Init
    main.o(i.SysHardware_Init) refers to bsp.o(i.Bsp_WDOG_Init) for Bsp_WDOG_Init
    main.o(i.SysHardware_Init) refers to bsp.o(i.Bsp_UART_Init) for Bsp_UART_Init
    main.o(i.SysHardware_Init) refers to bsp.o(i.Bsp_SPI_Init) for Bsp_SPI_Init
    main.o(i.SysHardware_Init) refers to bsp.o(i.Bsp_ADC_Init) for Bsp_ADC_Init
    main.o(i.SysHardware_Init) refers to bsp.o(i.Bsp_FLASH_Init) for Bsp_FLASH_Init
    main.o(i.SysSoftware_Init) refers to system.o(i.SysDataInit) for SysDataInit
    main.o(i.SysSoftware_Init) refers to app_dsp_adau1452.o(i.DspInit) for DspInit
    main.o(i.SysSoftware_Init) refers to app_connect.o(i.Check_Uart) for Check_Uart
    main.o(i.main) refers to main.o(i.SysHardware_Init) for SysHardware_Init
    main.o(i.main) refers to main.o(i.SysSoftware_Init) for SysSoftware_Init
    main.o(i.main) refers to bsp.o(i.Bsp_Relocation_Int) for Bsp_Relocation_Int
    main.o(i.main) refers to bsp.o(i.FeedDog) for FeedDog
    main.o(i.main) refers to task.o(i.SCH_Task_Execute) for SCH_Task_Execute
    main.o(i.main) refers to app_lowpower.o(i.TASK_AccOff_Pro) for TASK_AccOff_Pro
    main.o(i.main) refers to app_connect.o(i.BT_DataRxPro) for BT_DataRxPro
    main.o(i.main) refers to app_arm.o(i.ArmDataRxPro) for ArmDataRxPro
    main.o(i.main) refers to mw_uart.o(i.UartTxData) for UartTxData
    main.o(i.main) refers to app_connect.o(.data) for Uart_CONNECT
    main.o(i.main) refers to main.o(.data) for .data
    main.o(i.main) refers to app_bt.o(.bss) for BtRxModuel
    main.o(i.main) refers to app_bt.o(.bss) for PcRxModuel_0
    bsp.o(i.Bsp_ADC_Init) refers to mw_adc.o(i.SysAdcInit) for SysAdcInit
    bsp.o(i.Bsp_Clock_Init) refers to sysinit.o(i.sysinit) for sysinit
    bsp.o(i.Bsp_FLASH_Init) refers to mw_flash.o(i.SysFlashInit) for SysFlashInit
    bsp.o(i.Bsp_GPIO_Init) refers to gpio.o(i.GPIO_DeInit) for GPIO_DeInit
    bsp.o(i.Bsp_GPIO_Init) refers to mw_gpio.o(i.GPIOInit) for GPIOInit
    bsp.o(i.Bsp_I2C_Init) refers to mw_i2c.o(i.I2C0Init) for I2C0Init
    bsp.o(i.Bsp_I2C_Init) refers to mw_i2c.o(i.I2C1Init) for I2C1Init
    bsp.o(i.Bsp_PIT_Init) refers to pit.o(i.PIT_Init) for PIT_Init
    bsp.o(i.Bsp_Relocation_Int) refers to arm_cm0.o(i.write_vtor) for write_vtor
    bsp.o(i.Bsp_SPI_Init) refers to mw_spi.o(i.SysSpiInit) for SysSpiInit
    bsp.o(i.Bsp_SysTick_Close) refers to systick.o(i.systick_disable) for systick_disable
    bsp.o(i.Bsp_UART_Init) refers to mw_uart.o(i.SysUartInit) for SysUartInit
    bsp.o(i.Bsp_WDOG_Init) refers to wdog.o(i.WDOG_Init) for WDOG_Init
    bsp.o(i.Bsp_WDOG_Init) refers to wdog.o(i.WDOG_Enable) for WDOG_Enable
    bsp.o(i.FeedDog) refers to wdog.o(i.WDOG_Feed) for WDOG_Feed
    interrupt.o(i.KBI0_IRQHandler) refers to sch_common.o(i.SysWaitMs) for SysWaitMs
    interrupt.o(i.SysTick_Handler) refers to aeabi_sdiv.o(.text) for __aeabi_uidivmod
    interrupt.o(i.SysTick_Handler) refers to system.o(.bss) for Sys
    interrupt.o(i.UART0_IRQHandler) refers to mw_uart.o(i.UART_IntSerive) for UART_IntSerive
    interrupt.o(i.UART1_IRQHandler) refers to mw_uart.o(i.UART_IntSerive) for UART_IntSerive
    interrupt.o(i.UART2_IRQHandler) refers to mw_uart.o(i.UART_IntSerive) for UART_IntSerive
    system.o(i.SysDataInit) refers to sch_common.o(i.sch_memset) for sch_memset
    system.o(i.SysDataInit) refers to system.o(.bss) for .bss
    system.o(i.SysDataInit) refers to app_power.o(.bss) for SysPower
    task.o(i.SCH_Task_Execute) refers to app_voltage.o(i.TASK_Voltage_Det) for TASK_Voltage_Det
    task.o(i.SCH_Task_Execute) refers to task.o(i.Task_8ms_Pro) for Task_8ms_Pro
    task.o(i.SCH_Task_Execute) refers to app_amp.o(i.TASK_Amp_Pro) for TASK_Amp_Pro
    task.o(i.SCH_Task_Execute) refers to task.o(i.Task_100ms_Pro) for Task_100ms_Pro
    task.o(i.SCH_Task_Execute) refers to system.o(.bss) for Sys
    task.o(i.SCH_Task_Execute) refers to app_power.o(.bss) for SysPower
    task.o(i.Task_100ms_Pro) refers to app_updata.o(i.IAP_Pro) for IAP_Pro
    task.o(i.Task_100ms_Pro) refers to app_led.o(i.TASK_LED_pro) for TASK_LED_pro
    task.o(i.Task_100ms_Pro) refers to system.o(.bss) for Sys
    task.o(i.Task_16ms_Pro) refers to app_amp.o(i.TASK_Amp_Pro) for TASK_Amp_Pro
    task.o(i.Task_4ms_Pro) refers to app_voltage.o(i.TASK_Voltage_Det) for TASK_Voltage_Det
    task.o(i.Task_8ms_Pro) refers to app_arm.o(i.TASK_Arm_Pro) for TASK_Arm_Pro
    task.o(i.Task_8ms_Pro) refers to app_bt.o(i.TASK_Bt_Pro) for TASK_Bt_Pro
    task.o(i.Task_8ms_Pro) refers to app_power.o(i.TASK_Power_Pro) for TASK_Power_Pro
[...]
    Bsp_SysTick_Init                         0x00005d15   Thumb Code    38  bsp.o(i.Bsp_SysTick_Init)
    Bsp_UART_Init                            0x00005d4d   Thumb Code    32  bsp.o(i.Bsp_UART_Init)
    Bsp_WDOG_Close                           0x00005d6d   Thumb Code     2  bsp.o(i.Bsp_WDOG_Close)
    Bsp_WDOG_Init                            0x00005d6f   Thumb Code    52  bsp.o(i.Bsp_WDOG_Init)
    BtDataAnalyse                            0x00005da5   Thumb Code  1638  app_bt.o(i.BtDataAnalyse)
    Bt_ACK                                   0x00006445   Thumb Code    50  app_bt.o(i.Bt_ACK)
    Change_Uart                              0x00006481   Thumb Code    66  app_connect.o(i.Change_Uart)
    CheckVol                                 0x000064d5   Thumb Code    46  app_dsp_single_mute.o(i.CheckVol)
    Check_Uart                               0x00006511   Thumb Code    46  app_connect.o(i.Check_Uart)
    ClearAllModeMessage                      0x0000654d   Thumb Code    20  sch_message.o(i.ClearAllModeMessage)
    ClearMessage                             0x00006561   Thumb Code    14  sch_message.o(i.ClearMessage)
    ClrKeyInfo                               0x00006575   Thumb Code    34  app_panel.o(i.ClrKeyInfo)
    DSP_IO_Init                              0x00006597   Thumb Code    40  app_dsp_driver.o(i.DSP_IO_Init)
    DSP_TEST_Init                            0x000065c1   Thumb Code    22  mw_gpio.o(i.DSP_TEST_Init)
    Debug_CMD                                0x000065dd   Thumb Code   112  app_debug.o(i.Debug_CMD)
    DspDataInit                              0x0000664d   Thumb Code    46  app_dsp_adau1452.o(i.DspDataInit)
    DspInit                                  0x0000667d   Thumb Code    38  app_dsp_adau1452.o(i.DspInit)
    DspModeNameInit                          0x000066a9   Thumb Code    32  app_dsp_adau1452.o(i.DspModeNameInit)
    Dsp_Data_Reset                           0x000066d5   Thumb Code    52  app_dsp_adau1452.o(i.Dsp_Data_Reset)
    Dsp_Delay                                0x0000670d   Thumb Code    62  app_dsp_adau1452.o(i.Dsp_Delay)
    Dsp_Delay_Init                           0x00006755   Thumb Code    30  app_dsp_adau1452.o(i.Dsp_Delay_Init)
    Dsp_EQ_Direct                            0x00006779   Thumb Code   108  app_dsp_eq.o(i.Dsp_EQ_Direct)
    Dsp_EQ_Init                              0x000067e9   Thumb Code    86  app_dsp_eq.o(i.Dsp_EQ_Init)
    Dsp_EQ_Left_Req                          0x0000684d   Thumb Code    80  app_dsp_eq.o(i.Dsp_EQ_Left_Req)
    Dsp_EQ_Reset                             0x000068a9   Thumb Code    78  app_dsp_eq.o(i.Dsp_EQ_Reset)
    Dsp_EQ_Right_Req                         0x00006901   Thumb Code    80  app_dsp_eq.o(i.Dsp_EQ_Right_Req)
    Dsp_EQ_Set                               0x0000695d   Thumb Code   280  app_dsp_eq.o(i.Dsp_EQ_Set)
    Dsp_File_TO_Flash                        0x00006a89   Thumb Code   286  app_dspdata_access.o(i.Dsp_File_TO_Flash)
    Dsp_Filter_Init                          0x00006bb1   Thumb Code    60  app_dsp_filter.o(i.Dsp_Filter_Init)
    Dsp_Filter_Reset                         0x00006bf5   Thumb Code    70  app_dsp_filter.o(i.Dsp_Filter_Reset)
    Dsp_Flash_TO_File                        0x00006c41   Thumb Code    78  app_dspdata_access.o(i.Dsp_Flash_TO_File)
    Dsp_GEN_Filter                           0x00006c99   Thumb Code   730  app_dsp_filter.o(i.Dsp_GEN_Filter)
    Dsp_Info_Data                            0x00006f81   Thumb Code   374  app_dsp_readback.o(i.Dsp_Info_Data)
    Dsp_Info_Det                             0x00007111   Thumb Code   146  app_dsp_readback.o(i.Dsp_Info_Det)
    Dsp_Load                                 0x000071b1   Thumb Code    52  app_dspdata_access.o(i.Dsp_Load)
    Dsp_Load_Mode_Name                       0x000071ed   Thumb Code    20  app_dspdata_access.o(i.Dsp_Load_Mode_Name)
    Dsp_Mix_Init                             0x00007205   Thumb Code    64  app_dsp_mix.o(i.Dsp_Mix_Init)
    Dsp_Mix_Input                            0x00007249   Thumb Code    90  app_dsp_mix.o(i.Dsp_Mix_Input)
    Dsp_Mix_Mixer                            0x000072b5   Thumb Code   124  app_dsp_mix.o(i.Dsp_Mix_Mixer)
    Dsp_Mute                                 0x00007345   Thumb Code    36  app_dsp_single_mute.o(i.Dsp_Mute)
    Dsp_Mute_A                               0x0000736d   Thumb Code   108  app_dsp_single_mute.o(i.Dsp_Mute_A)
    Dsp_Mute_Direct                          0x000073e1   Thumb Code    36  app_dsp_single_mute.o(i.Dsp_Mute_Direct)
    Dsp_Mute_Init                            0x00007409   Thumb Code    28  app_dsp_single_mute.o(i.Dsp_Mute_Init)
    Dsp_OFF                                  0x00007429   Thumb Code    74  app_dsp_adau1452.o(i.Dsp_OFF)
    Dsp_ON                                   0x00007479   Thumb Code    26  app_dsp_adau1452.o(i.Dsp_ON)
    Dsp_OutPutChl                            0x00007499   Thumb Code    58  app_dsp_adau1452.o(i.Dsp_OutPutChl)
    Dsp_OutPutChl_Init                       0x000074dd   Thumb Code    24  app_dsp_adau1452.o(i.Dsp_OutPutChl_Init)
    Dsp_PowerOnInit                          0x000074f9   Thumb Code   112  app_dsp_adau1452.o(i.Dsp_PowerOnInit)
    Dsp_ReName                               0x0000756d   Thumb Code    22  app_dsp_adau1452.o(i.Dsp_ReName)
    Dsp_ReName_Init                          0x00007589   Thumb Code    32  app_dsp_adau1452.o(i.Dsp_ReName_Init)
    Dsp_Single                               0x000075b1   Thumb Code   108  app_dsp_single_mute.o(i.Dsp_Single)
    Dsp_Single_A                             0x00007625   Thumb Code   116  app_dsp_single_mute.o(i.Dsp_Single_A)
    Dsp_Single_Init                          0x000076b1   Thumb Code    38  app_dsp_single_mute.o(i.Dsp_Single_Init)
    Dsp_SlowCloseSingle                      0x000076e1   Thumb Code   104  app_dsp_single_mute.o(i.Dsp_SlowCloseSingle)
    Dsp_Store                                0x00007759   Thumb Code    44  app_dspdata_access.o(i.Dsp_Store)
    Dsp_StoreLoadPro                         0x0000778d   Thumb Code   304  app_dspdata_access.o(i.Dsp_StoreLoadPro)
    Dsp_Store_Mode_Name                      0x000078c5   Thumb Code    20  app_dspdata_access.o(i.Dsp_Store_Mode_Name)
    Dsp_TestMode                             0x000078dd   Thumb Code   110  app_dsp_adau1452.o(i.Dsp_TestMode)
    Dsp_Unite                                0x00007955   Thumb Code   174  app_dsp_adau1452.o(i.Dsp_Unite)
    Dsp_Updata                               0x00007a09   Thumb Code   278  app_dsp_adau1452.o(i.Dsp_Updata)
    Dsp_VolUpdate                            0x00007b29   Thumb Code   102  app_dsp_single_mute.o(i.Dsp_VolUpdate)
    EQ_Algorithm                             0x00007b95   Thumb Code   426  app_dsp_eq.o(i.EQ_Algorithm)
    EmergencyPowerDown                       0x00007d65   Thumb Code    20  app_voltage.o(i.EmergencyPowerDown)
    EnterPowerOff                            0x00007d79   Thumb Code    84  app_power.o(i.EnterPowerOff)
    Eprom_IO_Init                            0x00007dd9   Thumb Code    18  app_eprom.o(i.Eprom_IO_Init)
    Eprom_RD_Data                            0x00007deb   Thumb Code    84  app_eprom.o(i.Eprom_RD_Data)
    Eprom_WR_Command                         0x00007e3f   Thumb Code    56  app_eprom.o(i.Eprom_WR_Command)
    Eprom_WR_Data                            0x00007e77   Thumb Code    78  app_eprom.o(i.Eprom_WR_Data)
    Eprom_WR_Order                           0x00007ec5   Thumb Code    26  app_eprom.o(i.Eprom_WR_Order)
    ExchangeTwoVariable_U8                   0x00007edf   Thumb Code    22  sch_common.o(i.ExchangeTwoVariable_U8)
    FEI_to_FBE_OSC                           0x00007ef5   Thumb Code    78  ics.o(i.FEI_to_FBE_OSC)
    FEI_to_FEE                               0x00007f49   Thumb Code    56  ics.o(i.FEI_to_FEE)
    FEI_to_FEE_OSC                           0x00007f85   Thumb Code    56  ics.o(i.FEI_to_FEE_OSC)
    FLASH_EraseSector                        0x00007fc1   Thumb Code    96  flash.o(i.FLASH_EraseSector)
    FLASH_Init                               0x00008029   Thumb Code    92  flash.o(i.FLASH_Init)
    FLASH_LaunchCMD                          0x00008095   Thumb Code    30  flash.o(i.FLASH_LaunchCMD)
    FLASH_Program1LongWord                   0x000080bd   Thumb Code   118  flash.o(i.FLASH_Program1LongWord)
    FLASH_Program2LongWords                  0x0000813d   Thumb Code   140  flash.o(i.FLASH_Program2LongWords)
    FeedDog                                  0x000081d1   Thumb Code     8  bsp.o(i.FeedDog)
    Filter_1st_Order_Butterworth             0x000081d9   Thumb Code   320  app_dsp_filter.o(i.Filter_1st_Order_Butterworth)
    Filter_2st_Order_Bessel                  0x00008329   Thumb Code   506  app_dsp_filter.o(i.Filter_2st_Order_Bessel)
    Filter_2st_Order_Butterworth             0x0000853d   Thumb Code   508  app_dsp_filter.o(i.Filter_2st_Order_Butterworth)
    Filter_Bypassed                          0x0000874d   Thumb Code    26  app_dsp_filter.o(i.Filter_Bypassed)
    Filter_Higher_Order_Butterworth          0x0000876d   Thumb Code   434  app_dsp_filter.o(i.Filter_Higher_Order_Butterworth)
    Flash_Dsp_RD                             0x00008939   Thumb Code   214  app_eprom.o(i.Flash_Dsp_RD)
    Flash_Dsp_WR                             0x00008a15   Thumb Code   288  app_eprom.o(i.Flash_Dsp_WR)
    Flash_Erase                              0x00008b39   Thumb Code    18  mw_flash.o(i.Flash_Erase)
    Flash_Get_DspNum                         0x00008b4d   Thumb Code    24  app_dsp_adau1452.o(i.Flash_Get_DspNum)
    Flash_Program_U8                         0x00008b69   Thumb Code   152  mw_flash.o(i.Flash_Program_U8)
    Flash_Quick_RD                           0x00008c01   Thumb Code    16  mw_flash.o(i.Flash_Quick_RD)
    Flash_Quick_RD_U8                        0x00008c11   Thumb Code    32  mw_flash.o(i.Flash_Quick_RD_U8)
    Flash_Quick_WR                           0x00008c31   Thumb Code    28  mw_flash.o(i.Flash_Quick_WR)
    Flash_Quick_WR_U8                        0x00008c4d   Thumb Code    32  mw_flash.o(i.Flash_Quick_WR_U8)
    Flash_RD_State_Clear                     0x00008c6d   Thumb Code     8  app_eprom.o(i.Flash_RD_State_Clear)
    Flash_Read                               0x00008c79   Thumb Code    16  mw_flash.o(i.Flash_Read)
    Flash_Set_DspNum                         0x00008c89   Thumb Code    14  app_dsp_adau1452.o(i.Flash_Set_DspNum)
    Flash_WR_State_Clear                     0x00008c9d   Thumb Code     8  app_eprom.o(i.Flash_WR_State_Clear)
    Flash_Write                              0x00008ca9   Thumb Code    18  mw_flash.o(i.Flash_Write)
    GPIOInit                                 0x00008cbb   Thumb Code    48  mw_gpio.o(i.GPIOInit)
    GPIO_DeInit                              0x00008ceb   Thumb Code    18  gpio.o(i.GPIO_DeInit)
    GPIO_Init                                0x00008cfd   Thumb Code   220  gpio.o(i.GPIO_Init)
    GPIO_PinClear                            0x00008de5   Thumb Code    42  gpio.o(i.GPIO_PinClear)
    GPIO_PinInit                             0x00008e15   Thumb Code   398  gpio.o(i.GPIO_PinInit)
    GPIO_PinSet                              0x00008fad   Thumb Code    42  gpio.o(i.GPIO_PinSet)
    GPIO_ReadInputPin                        0x00008fdd   Thumb Code    30  mw_gpio.o(i.GPIO_ReadInputPin)
    GetCheckData_Xor                         0x00009001   Thumb Code    24  sch_common.o(i.GetCheckData_Xor)
    GetMax                                   0x00009019   Thumb Code     8  sch_common.o(i.GetMax)
    GetMessage                               0x00009021   Thumb Code    16  sch_message.o(i.GetMessage)
    GetMin                                   0x00009035   Thumb Code     8  sch_common.o(i.GetMin)
    Get_Uart_Choose                          0x0000903d   Thumb Code    26  app_connect.o(i.Get_Uart_Choose)
    I2C1Out8Bit                              0x00009059   Thumb Code   100  mw_i2c.o(i.I2C1Out8Bit)
    I2C1Start                                0x000090c1   Thumb Code    54  mw_i2c.o(i.I2C1Start)
    I2C1Stop                                 0x000090fd   Thumb Code    82  mw_i2c.o(i.I2C1Stop)
    I2C1_IsFindAddr                          0x00009155   Thumb Code    58  mw_i2c.o(i.I2C1_IsFindAddr)
    I2C1_Tx                                  0x0000918f   Thumb Code    60  mw_i2c.o(i.I2C1_Tx)
    I2CWait                                  0x000091cb   Thumb Code    98  mw_i2c.o(i.I2CWait)
    IAP_Pro                                  0x0000922d   Thumb Code    44  app_updata.o(i.IAP_Pro)
    ICS_Init                                 0x00009259   Thumb Code    68  ics.o(i.ICS_Init)
    ICS_SetClkDivider                        0x000092a1   Thumb Code    74  ics.o(i.ICS_SetClkDivider)
    ICS_Trim                                 0x000092f9   Thumb Code    26  ics.o(i.ICS_Trim)
    IRQ_IRQHandler                           0x00009319   Thumb Code    12  interrupt.o(i.IRQ_IRQHandler)
    In_IapMode                               0x00009329   Thumb Code    12  app_updata.o(i.In_IapMode)
    Is_PASSWORD                              0x00009339   Thumb Code    44  app_bt.o(i.Is_PASSWORD)
    KBI0_IRQHandler                          0x00009369   Thumb Code    54  interrupt.o(i.KBI0_IRQHandler)
    KBI_DeInit                               0x000093a5   Thumb Code    48  kbi.o(i.KBI_DeInit)
    KBI_Init                                 0x000093e1   Thumb Code   288  kbi.o(i.KBI_Init)
    KeyScan                                  0x0000951d   Thumb Code    96  app_panel.o(i.KeyScan)
    KeyTimer                                 0x0000957d   Thumb Code    86  app_panel.o(i.KeyTimer)
    LED_Ctl                                  0x000095d3   Thumb Code    22  app_led.o(i.LED_Ctl)
    LED_IO_Init                              0x000095e9   Thumb Code    12  app_led.o(i.LED_IO_Init)
    LimitMaxMin                              0x000095f5   Thumb Code    16  sch_common.o(i.LimitMaxMin)
    M2A_TxService                            0x00009605   Thumb Code   288  app_arm.o(i.M2A_TxService)
    M2B_TxService                            0x00009731   Thumb Code  1088  app_bt.o(i.M2B_TxService)
    MUTE_Ctl                                 0x00009b71   Thumb Code    48  app_mute.o(i.MUTE_Ctl)
    OSC_Init                                 0x00009bfd   Thumb Code    60  ics.o(i.OSC_Init)
    PMC_SetMode                              0x00009c3d   Thumb Code    48  pmc.o(i.PMC_SetMode)
    PWR_IO_Init                              0x00009c6d   Thumb Code    12  mw_gpio.o(i.PWR_IO_Init)
    PostKeyCode                              0x00009c79   Thumb Code    92  app_panel.o(i.PostKeyCode)
    PostMessage                              0x00009cf1   Thumb Code    24  sch_message.o(i.PostMessage)
    PowerMessage                             0x00009d0d   Thumb Code   112  app_power.o(i.PowerMessage)
    PowerOnSystemModule                      0x00009d89   Thumb Code    48  app_power.o(i.PowerOnSystemModule)
    Queue_Cnt                                0x00009dbd   Thumb Code     4  sch_queue.o(i.Queue_Cnt)
    Queue_In                                 0x00009dc1   Thumb Code    84  sch_queue.o(i.Queue_In)
    Queue_Init                               0x00009e15   Thumb Code    28  sch_queue.o(i.Queue_Init)
    Queue_Out                                0x00009e31   Thumb Code    80  sch_queue.o(i.Queue_Out)
    ResetIO                                  0x00009e81   Thumb Code    40  app_lowpower.o(i.ResetIO)
    SCH_Task_Execute                         0x00009ead   Thumb Code    82  task.o(i.SCH_Task_Execute)
    SIGMASTUDIOTYPE                          0x00009f09   Thumb Code    30  app_dsp_adau1452.o(i.SIGMASTUDIOTYPE)
    SIGMA_READ                               0x00009f27   Thumb Code    72  app_dsp_driver.o(i.SIGMA_READ)
    SIGMA_SAFELOAD_WRITE_REGISTER            0x00009f71   Thumb Code    94  app_dsp_driver.o(i.SIGMA_SAFELOAD_WRITE_REGISTER)
    SIGMA_WRITE                              0x00009fd5   Thumb Code    72  app_dsp_driver.o(i.SIGMA_WRITE)
    SIGMA_WRITE_DELAY                        0x0000a01d   Thumb Code    56  app_dsp_driver.o(i.SIGMA_WRITE_DELAY)
    SIGMA_WRITE_REGISTER_BLOCK               0x0000a055   Thumb Code    74  app_dsp_driver.o(i.SIGMA_WRITE_REGISTER_BLOCK)
    SIM_Init                                 0x0000a0a1   Thumb Code   116  sim.o(i.SIM_Init)
    SPI0_IRQHandler                          0x0000a119   Thumb Code     2  interrupt.o(i.SPI0_IRQHandler)
    SPI1_IRQHandler                          0x0000a11b   Thumb Code     2  interrupt.o(i.SPI1_IRQHandler)
    SPI_DeInit                               0x0000a11d   Thumb Code    24  spi.o(i.SPI_DeInit)
    SPI_Init                                 0x0000a135   Thumb Code   274  spi.o(i.SPI_Init)
    SPI_RW                                   0x0000a251   Thumb Code    32  mw_spi.o(i.SPI_RW)
    SPI_SetBaudRate                          0x0000a275   Thumb Code    74  spi.o(i.SPI_SetBaudRate)
    SYS_Power_Ctl                            0x0000a2d5   Thumb Code    38  mw_gpio.o(i.SYS_Power_Ctl)
    Set_PASSWORD                             0x0000a301   Thumb Code    14  app_bt.o(i.Set_PASSWORD)
    Set_Uart_Choose                          0x0000a30f   Thumb Code    12  app_connect.o(i.Set_Uart_Choose)
    SpiBufInit                               0x0000a31d   Thumb Code    22  mw_spi.o(i.SpiBufInit)
    Start_Detect                             0x0000a339   Thumb Code    84  app_start.o(i.Start_Detect)
    Start_IO_Init                            0x0000a395   Thumb Code    12  app_start.o(i.Start_IO_Init)
    SysAdcExit                               0x0000a3a1   Thumb Code    10  mw_adc.o(i.SysAdcExit)
    SysAdcInit                               0x0000a3b1   Thumb Code    28  mw_adc.o(i.SysAdcInit)
    SysDataInit                              0x0000a3d1   Thumb Code    30  system.o(i.SysDataInit)
    SysFlashInit                             0x0000a3fd   Thumb Code    10  mw_flash.o(i.SysFlashInit)
    SysHardware_Init                         0x0000a40d   Thumb Code    36  main.o(i.SysHardware_Init)
    SysLowPowerExit                          0x0000a431   Thumb Code    24  app_lowpower.o(i.SysLowPowerExit)
    SysLowPowerInit                          0x0000a449   Thumb Code    50  app_lowpower.o(i.SysLowPowerInit)
    SysSoftware_Init                         0x0000a47b   Thumb Code    16  main.o(i.SysSoftware_Init)
    SysSpiExit                               0x0000a48d   Thumb Code    70  mw_spi.o(i.SysSpiExit)
    SysSpiInit                               0x0000a4e5   Thumb Code    92  mw_spi.o(i.SysSpiInit)
    SysTick_Handler                          0x0000a551   Thumb Code    84  interrupt.o(i.SysTick_Handler)
    SysUartExit                              0x0000a5ad   Thumb Code   140  mw_uart.o(i.SysUartExit)
    SysUartInit                              0x0000a651   Thumb Code   152  mw_uart.o(i.SysUartInit)
    SysWait1Us                               0x0000a705   Thumb Code    28  sch_common.o(i.SysWait1Us)
    SysWaitMs                                0x0000a721   Thumb Code    22  sch_common.o(i.SysWaitMs)
    SysWaitUs                                0x0000a737   Thumb Code    16  sch_common.o(i.SysWaitUs)
    SysWakeUpExit_FromACC                    0x0000a749   Thumb Code    34  app_lowpower.o(i.SysWakeUpExit_FromACC)
    SysWakeUpInit_FromACC                    0x0000a775   Thumb Code    34  app_lowpower.o(i.SysWakeUpInit_FromACC)
    SysWakeUpInit_FromKBI                    0x0000a7a5   Thumb Code    80  app_lowpower.o(i.SysWakeUpInit_FromKBI)
    SystemInit                               0x0000a7f9   Thumb Code    64  system_skeaz1284.o(i.SystemInit)
    SystemPowerUp                            0x0000a84d   Thumb Code    72  app_power.o(i.SystemPowerUp)
    TASK_AccOff_Pro                          0x0000a895   Thumb Code   156  app_lowpower.o(i.TASK_AccOff_Pro)
    TASK_Amp_Pro                             0x0000a93d   Thumb Code    74  app_amp.o(i.TASK_Amp_Pro)
    TASK_Arm_Pro                             0x0000a98d   Thumb Code    82  app_arm.o(i.TASK_Arm_Pro)
    TASK_Bt_Pro                              0x0000a9e9   Thumb Code   100  app_bt.o(i.TASK_Bt_Pro)
    TASK_Dsp_Pro                             0x0000aa59   Thumb Code    28  app_dsp_adau1452.o(i.TASK_Dsp_Pro)
    TASK_Eeprom_Pro                          0x0000aa75   Thumb Code     2  app_eprom.o(i.TASK_Eeprom_Pro)
    TASK_Key_Pro                             0x0000aa79   Thumb Code    18  app_panel.o(i.TASK_Key_Pro)
    TASK_LED_pro                             0x0000aa95   Thumb Code    54  app_led.o(i.TASK_LED_pro)
    TASK_Power_Pro                           0x0000aad5   Thumb Code   356  app_power.o(i.TASK_Power_Pro)
    TASK_Voltage_Det                         0x0000ac49   Thumb Code   132  app_voltage.o(i.TASK_Voltage_Det)
    TDF8541Init                              0x0000acd9   Thumb Code    26  app_tdf8541.o(i.TDF8541Init)
    TDF8541_AmpMute                          0x0000acfd   Thumb Code    48  app_tdf8541.o(i.TDF8541_AmpMute)
    Task_100ms_Pro                           0x0000ad35   Thumb Code    20  task.o(i.Task_100ms_Pro)
    Task_8ms_Pro                             0x0000ad4d   Thumb Code    32  task.o(i.Task_8ms_Pro)
    UART0_IRQHandler                         0x0000ad6d   Thumb Code    10  interrupt.o(i.UART0_IRQHandler)
    UART1_IRQHandler                         0x0000ad77   Thumb Code    10  interrupt.o(i.UART1_IRQHandler)
    UART2_IRQHandler                         0x0000ad81   Thumb Code    10  interrupt.o(i.UART2_IRQHandler)
    UART_CheckFlag                           0x0000ad8b   Thumb Code    16  uart.o(i.UART_CheckFlag)
    UART_DisableInterrupt                    0x0000ad9b   Thumb Code    86  uart.o(i.UART_DisableInterrupt)
    UART_EnableInterrupt                     0x0000adf1   Thumb Code    82  uart.o(i.UART_EnableInterrupt)
    UART_GetChar                             0x0000ae43   Thumb Code    10  uart.o(i.UART_GetChar)
    UART_GetFlags                            0x0000ae4d   Thumb Code    12  uart.o(i.UART_GetFlags)
    UART_Init                                0x0000ae59   Thumb Code    94  uart.o(i.UART_Init)
    UART_IntSerive                           0x0000aec5   Thumb Code    62  mw_uart.o(i.UART_IntSerive)
    UART_PutChar                             0x0000af09   Thumb Code    10  uart.o(i.UART_PutChar)
    USB_IO_Init                              0x0000af13   Thumb Code    28  mw_gpio.o(i.USB_IO_Init)
    UartBufCnt                               0x0000af31   Thumb Code    22  mw_uart.o(i.UartBufCnt)
    UartBufInit                              0x0000af4d   Thumb Code    22  mw_uart.o(i.UartBufInit)
    UartGetFromBuf                           0x0000af69   Thumb Code    28  mw_uart.o(i.UartGetFromBuf)
    UartPutToBuf                             0x0000af89   Thumb Code    28  mw_uart.o(i.UartPutToBuf)
    UartRxCnt                                0x0000afa9   Thumb Code    10  mw_uart.o(i.UartRxCnt)
    UartRxData                               0x0000afb3   Thumb Code    14  mw_uart.o(i.UartRxData)
    UartSendData8                            0x0000afc1   Thumb Code    14  mw_uart.o(i.UartSendData8)
    UartTxCnt                                0x0000afd5   Thumb Code    10  mw_uart.o(i.UartTxCnt)
    UartTxData                               0x0000afdf   Thumb Code    56  mw_uart.o(i.UartTxData)
    UartTxIntDis                             0x0000b019   Thumb Code    16  mw_uart.o(i.UartTxIntDis)
    UartTxIntEn                              0x0000b02d   Thumb Code    16  mw_uart.o(i.UartTxIntEn)
    Uart_Rx_DataPro                          0x0000b041   Thumb Code    14  mw_uart.o(i.Uart_Rx_DataPro)
    Uart_Tx_DataPro                          0x0000b04f   Thumb Code    54  mw_uart.o(i.Uart_Tx_DataPro)
    Vol_Ctl                                  0x0000b085   Thumb Code    30  app_dsp_single_mute.o(i.Vol_Ctl)
    WDOG_Enable                              0x0000b0ad   Thumb Code    20  wdog.o(i.WDOG_Enable)
    WDOG_Feed                                0x0000b0cd   Thumb Code    16  wdog.o(i.WDOG_Feed)
    WDOG_Init                                0x0000b0e9   Thumb Code   106  wdog.o(i.WDOG_Init)
    __ARM_common_ll_muluu                    0x0000b161   Thumb Code    50  rred.o(i.__ARM_common_ll_muluu)
    __ARM_common_switch8                     0x0000b193   Thumb Code    26  app_power.o(i.__ARM_common_switch8)
    __ARM_fpclassify                         0x0000b1ad   Thumb Code    40  fpclassify.o(i.__ARM_fpclassify)
    __ieee754_rem_pio2                       0x0000b1d9   Thumb Code   838  rred.o(i.__ieee754_rem_pio2)
    __kernel_cos                             0x0000b575   Thumb Code   224  cos_i.o(i.__kernel_cos)
    __kernel_poly                            0x0000b669   Thumb Code   172  poly.o(i.__kernel_poly)
    __kernel_sin                             0x0000b715   Thumb Code   222  sin_i.o(i.__kernel_sin)
    __mathlib_dbl_divzero                    0x0000b801   Thumb Code    16  dunder.o(i.__mathlib_dbl_divzero)
    __mathlib_dbl_infnan                     0x0000b815   Thumb Code    10  dunder.o(i.__mathlib_dbl_infnan)
    __mathlib_dbl_infnan2                    0x0000b81f   Thumb Code     8  dunder.o(i.__mathlib_dbl_infnan2)
    __mathlib_dbl_invalid                    0x0000b827   Thumb Code    16  dunder.o(i.__mathlib_dbl_invalid)
    __mathlib_dbl_overflow                   0x0000b839   Thumb Code    16  dunder.o(i.__mathlib_dbl_overflow)
    __mathlib_dbl_underflow                  0x0000b84d   Thumb Code    14  dunder.o(i.__mathlib_dbl_underflow)
    cos                                      0x0000b861   Thumb Code   142  cos.o(i.cos)
    default_download_IC_1                    0x0000b8f9   Thumb Code  1048  app_dsp_adau1452.o(i.default_download_IC_1)
    main                                     0x0000bd11   Thumb Code    76  main.o(i.main)
    pow                                      0x0000bd7d   Thumb Code  2548  pow.o(i.pow)
    sch_compare                              0x0000c779   Thumb Code    34  sch_common.o(i.sch_compare)
    sch_memcpy                               0x0000c79b   Thumb Code    22  sch_common.o(i.sch_memcpy)
    sch_memset                               0x0000c7b1   Thumb Code    18  sch_common.o(i.sch_memset)
    sin                                      0x0000c7c5   Thumb Code   146  sin.o(i.sin)
    sqrt                                     0x0000c861   Thumb Code    66  sqrt.o(i.sqrt)
    stop                                     0x0000c8a9   Thumb Code    14  arm_cm0.o(i.stop)
    sysinit                                  0x0000c8bd   Thumb Code    98  sysinit.o(i.sysinit)
    systick_disable                          0x0000c929   Thumb Code    12  systick.o(i.systick_disable)
    u8_TO_u32                                0x0000c939   Thumb Code    22  mw_flash.o(i.u8_TO_u32)
    wait                                     0x0000c951   Thumb Code    14  arm_cm0.o(i.wait)
    write_vtor                               0x0000c965   Thumb Code     6  arm_cm0.o(i.write_vtor)
    __aeabi_cdcmpeq                          0x0000c971   Thumb Code     0  deqf.o(x$fpl$deqf)
    _dcmpeq                                  0x0000c971   Thumb Code    94  deqf.o(x$fpl$deqf)
    __aeabi_cdcmple                          0x0000c9d5   Thumb Code     0  dlef.o(x$fpl$dleqf)
    _dcmple                                  0x0000c9d5   Thumb Code    94  dlef.o(x$fpl$dleqf)
    __aeabi_cdrcmple                         0x0000ca39   Thumb Code     0  drlef.o(x$fpl$drleqf)
    _drcmple                                 0x0000ca39   Thumb Code   100  drlef.o(x$fpl$drleqf)
    UartBufAddr                              0x0000caa0   Data          32  mw_uart.o(.constdata)
    __I$use$fp                               0x0000caa0   Number         0  usenofp.o(x$fpl$usenofp)
    VoltageTable                             0x0000cac0   Data          16  app_voltage.o(.constdata)
    AmpChipAddr                              0x0000cad0   Data           4  app_amp.o(.constdata)
    AmpDllLoader                             0x0000cad4   Data          16  app_amp.o(.constdata)
    DefaultPassword                          0x0000cae4   Data           6  app_bt.o(.constdata)
    R0_SOFT_RESET_IC_1_Default               0x0000caea   Data           2  app_dsp_adau1452.o(.constdata)
    R1_SOFT_RESET_IC_1_Default               0x0000caec   Data           2  app_dsp_adau1452.o(.constdata)
    R2_RESET_DELAY_IC_1_Default              0x0000caee   Data           2  app_dsp_adau1452.o(.constdata)
    R3_HIBERNATE_IC_1_Default                0x0000caf0   Data           2  app_dsp_adau1452.o(.constdata)
    R4_HIBERNATE_IC_1_Default                0x0000caf2   Data           2  app_dsp_adau1452.o(.constdata)
    R5_HIBERNATE_DELAY_IC_1_Default          0x0000caf4   Data           2  app_dsp_adau1452.o(.constdata)
    R6_KILL_CORE_IC_1_Default                0x0000caf6   Data           2  app_dsp_adau1452.o(.constdata)
    R7_KILL_CORE_IC_1_Default                0x0000caf8   Data           2  app_dsp_adau1452.o(.constdata)
    R8_PLL_ENABLE_IC_1_Default               0x0000cafa   Data           2  app_dsp_adau1452.o(.constdata)
    R9_PLL_CTRL0_IC_1_Default                0x0000cafc   Data           2  app_dsp_adau1452.o(.constdata)
    R10_PLL_CTRL1_IC_1_Default               0x0000cafe   Data           2  app_dsp_adau1452.o(.constdata)
    R11_PLL_CLK_SRC_IC_1_Default             0x0000cb00   Data           2  app_dsp_adau1452.o(.constdata)
    R12_MCLK_OUT_IC_1_Default                0x0000cb02   Data           2  app_dsp_adau1452.o(.constdata)
    R13_PLL_ENABLE_IC_1_Default              0x0000cb04   Data           2  app_dsp_adau1452.o(.constdata)
    R14_PLL_LOCK_DELAY_IC_1_Default          0x0000cb06   Data           2  app_dsp_adau1452.o(.constdata)
    R15_POWER_ENABLE0_IC_1_Default           0x0000cb08   Data           2  app_dsp_adau1452.o(.constdata)
    R16_POWER_ENABLE1_IC_1_Default           0x0000cb0a   Data           2  app_dsp_adau1452.o(.constdata)
    R17_ASRC_INPUT0_IC_1_Default             0x0000cb0c   Data           2  app_dsp_adau1452.o(.constdata)
    R18_ASRC_OUT_RATE0_IC_1_Default          0x0000cb0e   Data           2  app_dsp_adau1452.o(.constdata)
    R19_SOUT_SOURCE0_IC_1_Default            0x0000cb10   Data           2  app_dsp_adau1452.o(.constdata)
    R20_SOUT_SOURCE1_IC_1_Default            0x0000cb12   Data           2  app_dsp_adau1452.o(.constdata)
    R21_SOUT_SOURCE2_IC_1_Default            0x0000cb14   Data           2  app_dsp_adau1452.o(.constdata)
    R22_SOUT_SOURCE3_IC_1_Default            0x0000cb16   Data           2  app_dsp_adau1452.o(.constdata)
    R23_SOUT_SOURCE4_IC_1_Default            0x0000cb18   Data           2  app_dsp_adau1452.o(.constdata)
    R24_SOUT_SOURCE5_IC_1_Default            0x0000cb1a   Data           2  app_dsp_adau1452.o(.constdata)
    R25_SOUT_SOURCE6_IC_1_Default            0x0000cb1c   Data           2  app_dsp_adau1452.o(.constdata)
    R26_SOUT_SOURCE7_IC_1_Default            0x0000cb1e   Data           2  app_dsp_adau1452.o(.constdata)
    R27_SOUT_SOURCE8_IC_1_Default            0x0000cb20   Data           2  app_dsp_adau1452.o(.constdata)
    R28_SOUT_SOURCE9_IC_1_Default            0x0000cb22   Data           2  app_dsp_adau1452.o(.constdata)
    R29_SOUT_SOURCE10_IC_1_Default           0x0000cb24   Data           2  app_dsp_adau1452.o(.constdata)
    R30_SOUT_SOURCE11_IC_1_Default           0x0000cb26   Data           2  app_dsp_adau1452.o(.constdata)
    R31_SOUT_SOURCE12_IC_1_Default           0x0000cb28   Data           2  app_dsp_adau1452.o(.constdata)
    R32_SOUT_SOURCE13_IC_1_Default           0x0000cb2a   Data           2  app_dsp_adau1452.o(.constdata)
    R33_SOUT_SOURCE14_IC_1_Default           0x0000cb2c   Data           2  app_dsp_adau1452.o(.constdata)
    R34_SOUT_SOURCE15_IC_1_Default           0x0000cb2e   Data           2  app_dsp_adau1452.o(.constdata)
    R35_SOUT_SOURCE16_IC_1_Default           0x0000cb30   Data           2  app_dsp_adau1452.o(.constdata)
    R36_SOUT_SOURCE17_IC_1_Default           0x0000cb32   Data           2  app_dsp_adau1452.o(.constdata)
    R37_SOUT_SOURCE18_IC_1_Default           0x0000cb34   Data           2  app_dsp_adau1452.o(.constdata)
    R38_SOUT_SOURCE19_IC_1_Default           0x0000cb36   Data           2  app_dsp_adau1452.o(.constdata)
    R39_SOUT_SOURCE20_IC_1_Default           0x0000cb38   Data           2  app_dsp_adau1452.o(.constdata)
    R40_SOUT_SOURCE21_IC_1_Default           0x0000cb3a   Data           2  app_dsp_adau1452.o(.constdata)
    R41_SOUT_SOURCE22_IC_1_Default           0x0000cb3c   Data           2  app_dsp_adau1452.o(.constdata)
    R42_SOUT_SOURCE23_IC_1_Default           0x0000cb3e   Data           2  app_dsp_adau1452.o(.constdata)
    R43_SPDIFTX_INPUT_IC_1_Default           0x0000cb40   Data           2  app_dsp_adau1452.o(.constdata)
    R44_SERIAL_BYTE_0_0_IC_1_Default         0x0000cb42   Data           2  app_dsp_adau1452.o(.constdata)
    R45_SERIAL_BYTE_1_0_IC_1_Default         0x0000cb44   Data           2  app_dsp_adau1452.o(.constdata)
    R46_SERIAL_BYTE_2_0_IC_1_Default         0x0000cb46   Data           2  app_dsp_adau1452.o(.constdata)
    R47_SERIAL_BYTE_3_0_IC_1_Default         0x0000cb48   Data           2  app_dsp_adau1452.o(.constdata)
    R48_SERIAL_BYTE_4_0_IC_1_Default         0x0000cb4a   Data           2  app_dsp_adau1452.o(.constdata)
    R49_SERIAL_BYTE_5_0_IC_1_Default         0x0000cb4c   Data           2  app_dsp_adau1452.o(.constdata)
    R50_SERIAL_BYTE_6_0_IC_1_Default         0x0000cb4e   Data           2  app_dsp_adau1452.o(.constdata)
    R51_SERIAL_BYTE_7_0_IC_1_Default         0x0000cb50   Data           2  app_dsp_adau1452.o(.constdata)
    R52_SPDIF_RX_CTRL_IC_1_Default           0x0000cb52   Data           2  app_dsp_adau1452.o(.constdata)
    R53_SPDIF_RESTART_IC_1_Default           0x0000cb54   Data           2  app_dsp_adau1452.o(.constdata)
    R54_SPDIF_TX_EN_IC_1_Default             0x0000cb56   Data           2  app_dsp_adau1452.o(.constdata)
    R55_SPDIF_TX_CTRL_IC_1_Default           0x0000cb58   Data           2  app_dsp_adau1452.o(.constdata)
    R59_KILL_CORE_IC_1_Default               0x0000cb5a   Data           2  app_dsp_adau1452.o(.constdata)
    R60_START_ADDRESS_IC_1_Default           0x0000cb5c   Data           2  app_dsp_adau1452.o(.constdata)
    R61_START_PULSE_IC_1_Default             0x0000cb5e   Data           2  app_dsp_adau1452.o(.constdata)
    R62_START_CORE_IC_1_Default              0x0000cb60   Data           2  app_dsp_adau1452.o(.constdata)
    R63_START_CORE_IC_1_Default              0x0000cb62   Data           2  app_dsp_adau1452.o(.constdata)
    R64_START_DELAY_IC_1_Default             0x0000cb64   Data           2  app_dsp_adau1452.o(.constdata)
    R65_HIBERNATE_IC_1_Default               0x0000cb66   Data           2  app_dsp_adau1452.o(.constdata)
    DM1_DATA_Data_IC_1                       0x0000cb68   Data       33184  app_dsp_adau1452.o(.constdata)
    Program_Data_IC_1                        0x00014d08   Data        9932  app_dsp_adau1452.o(.constdata)
    Param_Data_IC_1                          0x000173d4   Data       11316  app_dsp_adau1452.o(.constdata)
    Delay_addr                               0x0001a008   Data          18  app_dsp_adau1452.o(.constdata)
    OutPutChl_addr                           0x0001a01a   Data          18  app_dsp_adau1452.o(.constdata)
    Default_ReName                           0x0001a02c   Data          72  app_dsp_adau1452.o(.constdata)
    Fs                                       0x0001a078   Data           8  app_dsp_adau1452.o(.constdata)
    pi                                       0x0001a080   Data           8  app_dsp_adau1452.o(.constdata)
    SpiBufAddr                               0x0001a088   Data          16  mw_spi.o(.constdata)
    Default_Freq                             0x0001a098   Data         128  app_dsp_eq.o(.constdata)
    EQ_Set_addr                              0x0001a118   Data          32  app_dsp_eq.o(.constdata)
    GEN_Filter_addr                          0x0001a138   Data         128  app_dsp_filter.o(.constdata)
    Mix_READBACK_addr                        0x0001a1b8   Data          16  app_dsp_readback.o(.constdata)
    Data_dbe_MaxMin                          0x0001a1c8   Data         192  app_dsp_readback.o(.constdata)
    Single_addr                              0x0001a288   Data          18  app_dsp_single_mute.o(.constdata)
    VolList                                  0x0001a29a   Data          82  app_dsp_single_mute.o(.constdata)
    Mute_addr                                0x0001a2ec   Data          18  app_dsp_single_mute.o(.constdata)
    Mix_Mixer_addr                           0x0001a2fe   Data          18  app_dsp_mix.o(.constdata)
    Mix_Mixer_Input_addr                     0x0001a310   Data          20  app_dsp_mix.o(.constdata)
    UsbVolList                               0x0001a324   Data          82  app_dsp_mix.o(.constdata)
    __mathlib_zero                           0x0001a5b0   Data           8  qnan.o(.constdata)
    Region$$Table$$Base                      0x0001a6a8   Number         0  anon$$obj.o(Region$$Table)
    Region$$Table$$Limit                     0x0001a6c8   Number         0  anon$$obj.o(Region$$Table)
    flag                                     0x1ffff000   Data           1  main.o(.data)
    UART0_TX_QUEUE                           0x1ffff004   Data          16  mw_uart.o(.data)
    UART0_RX_QUEUE                           0x1ffff014   Data          16  mw_uart.o(.data)
    UART1_TX_QUEUE                           0x1ffff024   Data          16  mw_uart.o(.data)
    UART1_RX_QUEUE                           0x1ffff034   Data          16  mw_uart.o(.data)
    UART2_TX_QUEUE                           0x1ffff044   Data          16  mw_uart.o(.data)
    UART2_RX_QUEUE                           0x1ffff054   Data          16  mw_uart.o(.data)
    Uart_Arry                                0x1ffff064   Data          12  mw_uart.o(.data)
    DSP_OFF_FLAG                             0x1ffff070   Data           1  mw_gpio.o(.data)
    DSP_TEST_Detect                          0x1ffff071   Data           2  mw_gpio.o(.data)
    GPIO_Arry                                0x1ffff074   Data          12  mw_gpio.o(.data)
    VolDet                                   0x1ffff080   Data           4  app_voltage.o(.data)
    tbl_Amp_Init                             0x1ffff084   Data           5  app_tdf8541.o(.data)
    set_query_password                       0x1ffff089   Data           1  app_bt.o(.data)
    WHEEL_CTL_Flag                           0x1ffff08a   Data           3  app_bt.o(.data)
    App_Eeprom                               0x1ffff08f   Data           4  app_eprom.o(.data)
    Spi_Arry                                 0x1ffff094   Data           8  mw_spi.o(.data)
    SongName_QUEUE                           0x1ffff09c   Data          16  app_arm.o(.data)
    AccDetect                                0x1ffff0ac   Data           2  app_start.o(.data)
    AudioDetect                              0x1ffff0ae   Data           2  app_start.o(.data)
    Uart_CONNECT                             0x1ffff0b3   Data           1  app_connect.o(.data)
    Uart_OTHER                               0x1ffff0b4   Data           1  app_connect.o(.data)
    Uart_OTHER1                              0x1ffff0b5   Data           1  app_connect.o(.data)
    Dsp_REM_Flag                             0x1ffff0bf   Data           8  app_dsp_readback.o(.data)
    Dsp_Audio_Flag                           0x1ffff0cf   Data           8  app_dsp_readback.o(.data)
    VolData                                  0x1ffff0d8   Data           1  app_dsp_single_mute.o(.data)
    AD_SW2_Info                              0x1ffff0e2   Data           7  app_panel.o(.data)
    BT_Key_Info                              0x1ffff0e9   Data           7  app_panel.o(.data)
    AD_SW2_Tab                               0x1ffff0f0   Data          64  app_panel.o(.data)
    BT_Key_Tab                               0x1ffff130   Data          18  app_panel.o(.data)
    global_pass_count                        0x1ffff142   Data           2  sysinit.o(.data)
    global_fail_count                        0x1ffff144   Data           2  sysinit.o(.data)
    MESSAGE_QUEUE                            0x1ffff148   Data          64  sch_message.o(.data)
    Sys                                      0x1ffff188   Data          16  system.o(.bss)
    Uart0_TX_buf                             0x1ffff198   Data         256  mw_uart.o(.bss)
    Uart0_RX_buf                             0x1ffff298   Data         256  mw_uart.o(.bss)
    Uart1_TX_buf                             0x1ffff398   Data         256  mw_uart.o(.bss)
    Uart1_RX_buf                             0x1ffff498   Data         256  mw_uart.o(.bss)
    Uart2_TX_buf                             0x1ffff598   Data         256  mw_uart.o(.bss)
    Uart2_RX_buf                             0x1ffff698   Data         256  mw_uart.o(.bss)
    SysPower                                 0x1ffff798   Data          10  app_power.o(.bss)
    App_Amp                                  0x1ffff7a4   Data          16  app_amp.o(.bss)
    BtTxModuel                               0x1ffff7b4   Data          86  app_bt.o(.bss)
    BtRxModuel                               0x1ffff80a   Data          82  app_bt.o(.bss)
    PcRxModuel_0                             0x1ffff85c   Data          82  app_bt.o(.bss)
    App_Dsp                                  0x1ffff8b0   Data        3596  app_dsp_adau1452.o(.bss)
    TansData                                 0x200006bc   Data        1214  app_arm.o(.bss)
    ArmModuel                                0x20000b7a   Data         308  app_arm.o(.bss)
    BT_Addr                                  0x20000cae   Data          12  app_at.o(.bss)
    Data_dbe                                 0x20000cc0   Data          64  app_dsp_readback.o(.bss)
    Queue                                    0x20000d00   Data         320  sch_message.o(.bss)
    __libspace_start                         0x20000e40   Data          96  libspace.o(.bss)
    __temporary_stack_top$libspace           0x20000ea0   Data           0  libspace.o(.bss)



==============================================================================

Memory Map of the image

  Image Entry point : 0x000040c1

  Load Region LR_IROM1 (Base: 0x00004000, Size: 0x00016850, Max: 0x0001c000, ABSOLUTE, COMPRESSED[0x00016764])

    Execution Region ER_IROM1 (Base: 0x00004000, Size: 0x000166c8, Max: 0x0001c000, ABSOLUTE)

    Base Addr    Size         Type   Attr      Idx    E Section Name        Object

    0x00004000   0x000000c0   Data   RO         4199    RESET               startup_skeaz1284.o
    0x000040c0   0x00000008   Code   RO         4310  * !!!main             c_p.l(__main.o)
    0x000040c8   0x0000003c   Code   RO         4770    !!!scatter          c_p.l(__scatter.o)
    0x00004104   0x0000001c   Code   RO         4772    !!handler_zi        c_p.l(__scatter_zi.o)
    0x00004120   0x00000002   Code   RO         4564    .ARM.Collect$$libinit$$00000000  c_p.l(libinit.o)
    0x00004122   0x00000000   Code   RO         4566    .ARM.Collect$$libinit$$00000002  c_p.l(libinit2.o)
    0x00004122   0x00000000   Code   RO         4568    .ARM.Collect$$libinit$$00000004  c_p.l(libinit2.o)
    0x00004122   0x00000000   Code   RO         4571    .ARM.Collect$$libinit$$0000000A  c_p.l(libinit2.o)
    0x00004122   0x00000000   Code   RO         4573    .ARM.Collect$$libinit$$0000000C  c_p.l(libinit2.o)
    0x00004122   0x00000000   Code   RO         4575    .ARM.Collect$$libinit$$0000000E  c_p.l(libinit2.o)
    0x00004122   0x00000000   Code   RO         4578    .ARM.Collect$$libinit$$00000011  c_p.l(libinit2.o)
    0x00004122   0x00000000   Code   RO         4580    .ARM.Collect$$libinit$$00000013  c_p.l(libinit2.o)
    0x00004122   0x00000000   Code   RO         4582    .ARM.Collect$$libinit$$00000015  c_p.l(libinit2.o)
    0x00004122   0x00000000   Code   RO         4584    .ARM.Collect$$libinit$$00000017  c_p.l(libinit2.o)
    0x00004122   0x00000000   Code   RO         4586    .ARM.Collect$$libinit$$00000019  c_p.l(libinit2.o)
    0x00004122   0x00000000   Code   RO         4588    .ARM.Collect$$libinit$$0000001B  c_p.l(libinit2.o)
    0x00004122   0x00000000   Code   RO         4590    .ARM.Collect$$libinit$$0000001D  c_p.l(libinit2.o)
    0x00004122   0x00000000   Code   RO         4592    .ARM.Collect$$libinit$$0000001F  c_p.l(libinit2.o)
    0x00004122   0x00000000   Code   RO         4594    .ARM.Collect$$libinit$$00000021  c_p.l(libinit2.o)
    0x00004122   0x00000000   Code   RO         4596    .ARM.Collect$$libinit$$00000023  c_p.l(libinit2.o)
    0x00004122   0x00000000   Code   RO         4598    .ARM.Collect$$libinit$$00000025  c_p.l(libinit2.o)
    0x00004122   0x00000000   Code   RO         4602    .ARM.Collect$$libinit$$0000002C  c_p.l(libinit2.o)
    0x00004122   0x00000000   Code   RO         4604    .ARM.Collect$$libinit$$0000002E  c_p.l(libinit2.o)
    0x00004122   0x00000000   Code   RO         4606    .ARM.Collect$$libinit$$00000030  c_p.l(libinit2.o)
    0x00004122   0x00000000   Code   RO         4608    .ARM.Collect$$libinit$$00000032  c_p.l(libinit2.o)
    0x00004122   0x00000002   Code   RO         4609    .ARM.Collect$$libinit$$00000033  c_p.l(libinit2.o)
    0x00004124   0x00000002   Code   RO         4749    .ARM.Collect$$libshutdown$$00000000  c_p.l(libshutdown.o)
    0x00004126   0x00000000   Code   RO         4611    .ARM.Collect$$libshutdown$$00000002  c_p.l(libshutdown2.o)
    0x00004126   0x00000000   Code   RO         4613    .ARM.Collect$$libshutdown$$00000004  c_p.l(libshutdown2.o)
    0x00004126   0x00000000   Code   RO         4616    .ARM.Collect$$libshutdown$$00000007  c_p.l(libshutdown2.o)
    0x00004126   0x00000000   Code   RO         4619    .ARM.Collect$$libshutdown$$0000000A  c_p.l(libshutdown2.o)
    0x00004126   0x00000000   Code   RO         4621    .ARM.Collect$$libshutdown$$0000000C  c_p.l(libshutdown2.o)
    0x00004126   0x00000000   Code   RO         4624    .ARM.Collect$$libshutdown$$0000000F  c_p.l(libshutdown2.o)
    0x00004126   0x00000002   Code   RO         4625    .ARM.Collect$$libshutdown$$00000010  c_p.l(libshutdown2.o)
    0x00004128   0x00000000   Code   RO         4365    .ARM.Collect$$rtentry$$00000000  c_p.l(__rtentry.o)
    0x00004128   0x00000000   Code   RO         4424    .ARM.Collect$$rtentry$$00000002  c_p.l(__rtentry2.o)
    0x00004128   0x00000006   Code   RO         4436    .ARM.Collect$$rtentry$$00000004  c_p.l(__rtentry4.o)
    0x0000412e   0x00000000   Code   RO         4426    .ARM.Collect$$rtentry$$00000009  c_p.l(__rtentry2.o)
    0x0000412e   0x00000004   Code   RO         4427    .ARM.Collect$$rtentry$$0000000A  c_p.l(__rtentry2.o)
    0x00004132   0x00000000   Code   RO         4429    .ARM.Collect$$rtentry$$0000000C  c_p.l(__rtentry2.o)
    0x00004132   0x00000008   Code   RO         4430    .ARM.Collect$$rtentry$$0000000D  c_p.l(__rtentry2.o)
    0x0000413a   0x00000002   Code   RO         4634    .ARM.Collect$$rtexit$$00000000  c_p.l(rtexit.o)
    0x0000413c   0x00000000   Code   RO         4692    .ARM.Collect$$rtexit$$00000002  c_p.l(rtexit2.o)
    0x0000413c   0x00000004   Code   RO         4693    .ARM.Collect$$rtexit$$00000003  c_p.l(rtexit2.o)
    0x00004140   0x00000006   Code   RO         4694    .ARM.Collect$$rtexit$$00000004  c_p.l(rtexit2.o)
    0x00004146   0x00000002   PAD
    0x00004148   0x00000038   Code   RO         4298    .emb_text           c_p.l(rt_memcpy.o)
    0x00004180   0x00000040   Code   RO         4201    .text               startup_skeaz1284.o
    0x000041c0   0x00000040   Code   RO         4302    .text               c_p.l(rt_memclr.o)
    0x00004200   0x0000015a   Code   RO         4304    .text               c_p.l(aeabi_sdiv.o)
    0x0000435a   0x00000006   Code   RO         4308    .text               c_p.l(heapauxi.o)
    0x00004360   0x0000006c   Code   RO         4319    .text               fz_ps.l(dfixi.o)
    0x000043cc   0x00000016   Code   RO         4370    .text               c_p.l(_rserrno.o)
    0x000043e2   0x00000002   PAD
    0x000043e4   0x00000008   Code   RO         4443    .text               c_p.l(rt_errno_addr_intlibspace.o)
    0x000043ec   0x00000014   Code   RO         4463    .text               fz_ps.l(dnan2.o)
    0x00004400   0x00000010   Code   RO         4200    .ARM.__at_0x4400    startup_skeaz1284.o
    0x00004410   0x00000358   Code   RO         4312    .text               fz_ps.l(daddsub.o)
    0x00004768   0x00000448   Code   RO         4314    .text               fz_ps.l(ddiv.o)
    0x00004bb0   0x00000058   Code   RO         4321    .text               fz_ps.l(dflti.o)
    0x00004c08   0x00000248   Code   RO         4325    .text               fz_ps.l(dmul.o)
    0x00004e50   0x00000060   Code   RO         4329    .text               fz_ps.l(dscalbn.o)
    0x00004eb0   0x00000090   Code   RO         4383    .text               fz_ps.l(dcmpin.o)
    0x00004f40   0x00000100   Code   RO         4385    .text               fz_ps.l(dsqrt.o)
    0x00005040   0x0000002e   Code   RO         4461    .text               fz_ps.l(cmpret.o)
    0x0000506e   0x00000002   PAD
    0x00005070   0x00000008   Code   RO         4470    .text               c_p.l(libspace.o)
    0x00005078   0x0000003e   Code   RO         4475    .text               c_p.l(sys_stackheap_outer.o)
    0x000050b6   0x00000010   Code   RO         4549    .text               c_p.l(exit.o)
    0x000050c6   0x0000005e   Code   RO         4628    .text               fz_ps.l(retnan.o)
    0x00005124   0x00000002   Code   RO         4630    .text               c_p.l(use_no_semi.o)
    0x00005126   0x00000000   Code   RO         4632    .text               c_p.l(indicate_semi.o)
    0x00005126   0x00000002   PAD
    0x00005128   0x0000000c   Code   RO         4689    .text               c_p.l(sys_exit.o)
    0x00005134   0x00000056   Code   RO         4768    .text               c_p.l(__dczerorl2.o)
    0x0000518a   0x00000002   PAD
    0x0000518c   0x00000054   Code   RO         1970    i.ACC_Detect        app_start.o
    0x000051e0   0x0000001c   Code   RO         1971    i.ACC_Init          app_start.o
    0x000051fc   0x00000018   Code   RO         1912    i.AD1938_Freq       app_ad1938.o
    0x00005214   0x00000022   Code   RO         1913    i.AD1938_IO_Init    app_ad1938.o
    0x00005236   0x0000002c   Code   RO         1915    i.AD1938_WriteData  app_ad1938.o
    0x00005262   0x00000002   PAD
    0x00005264   0x00000018   Code   RO         3092    i.ADC_DeInit        adc.o
    0x0000527c   0x00000018   Code   RO          860    i.ADC_GetData       mw_adc.o
    0x00005294   0x00000002   Code   RO          404    i.ADC_IRQHandler    interrupt.o
    0x00005296   0x00000002   PAD
    0x00005298   0x00000108   Code   RO         3093    i.ADC_Init          adc.o
    0x000053a0   0x00000016   Code   RO         3095    i.ADC_PollRead      adc.o
    0x000053b6   0x00000010   Code   RO         3096    i.ADC_SelectClock   adc.o
    0x000053c6   0x00000010   Code   RO         3097    i.ADC_SelectClockDivide  adc.o
    0x000053d6   0x00000010   Code   RO         3099    i.ADC_SetChannel    adc.o
    0x000053e6   0x00000010   Code   RO         3100    i.ADC_SetFifoLevel  adc.o
    0x000053f6   0x00000010   Code   RO         3101    i.ADC_SetMode       adc.o
    0x00005406   0x00000024   Code   RO          785    i.AMP_IO_Init       mw_gpio.o
    0x0000542a   0x0000001c   Code   RO          786    i.ARM_IO_Init       mw_gpio.o
    0x00005446   0x00000002   PAD
    0x00005448   0x00000050   Code   RO         1972    i.AUDIO_Detect      app_start.o
    0x00005498   0x00000018   Code   RO         1087    i.Amp8541_DLL_Loader  app_tdf8541.o
    0x000054b0   0x00000018   Code   RO         1201    i.AmpMute           app_amp.o
    0x000054c8   0x00000058   Code   RO         1202    i.AmpTypeCheck      app_amp.o
    0x00005520   0x00000008   Code   RO          931    i.AppJumpToBootloader  app_updata.o
    0x00005528   0x0000028c   Code   RO         1861    i.ArmDataAnalyse    app_arm.o
    0x000057b4   0x000000a8   Code   RO         1862    i.ArmDataRxPro      app_arm.o
    0x0000585c   0x00000034   Code   RO         1863    i.Arm_ACK           app_arm.o
    0x00005890   0x000001d4   Code   RO         2055    i.AtDataAnalyse     app_at.o
    0x00005a64   0x0000001e   Code   RO          554    i.AudioMute         app_mute.o
    0x00005a82   0x00000002   PAD
    0x00005a84   0x0000001c   Code   RO         1973    i.Audio_Init        app_start.o
    0x00005aa0   0x00000180   Code   RO         2082    i.BT_DataRxPro      app_connect.o
    0x00005c20   0x0000000c   Code   RO          787    i.BT_IO_Init        mw_gpio.o
    0x00005c2c   0x0000007c   Code   RO         2536    i.BT_Key_Scan       app_panel.o
    0x00005ca8   0x00000008   Code   RO          285    i.Bsp_ADC_Init      bsp.o
    0x00005cb0   0x00000008   Code   RO          287    i.Bsp_Clock_Init    bsp.o
    0x00005cb8   0x00000008   Code   RO          288    i.Bsp_FLASH_Init    bsp.o
    0x00005cc0   0x00000024   Code   RO          289    i.Bsp_GPIO_Init     bsp.o
    0x00005ce4   0x0000000c   Code   RO          293    i.Bsp_Relocation_Int  bsp.o
    0x00005cf0   0x0000001c   Code   RO          294    i.Bsp_SPI_Init      bsp.o
    0x00005d0c   0x00000008   Code   RO          295    i.Bsp_SysTick_Close  bsp.o
    0x00005d14   0x00000038   Code   RO          296    i.Bsp_SysTick_Init  bsp.o
    0x00005d4c   0x00000020   Code   RO          298    i.Bsp_UART_Init     bsp.o
    0x00005d6c   0x00000002   Code   RO          299    i.Bsp_WDOG_Close    bsp.o
    0x00005d6e   0x00000034   Code   RO          300    i.Bsp_WDOG_Init     bsp.o
    0x00005da2   0x00000002   PAD
    0x00005da4   0x000006a0   Code   RO         1240    i.BtDataAnalyse     app_bt.o
    0x00006444   0x0000003c   Code   RO         1241    i.Bt_ACK            app_bt.o
    0x00006480   0x00000054   Code   RO         2083    i.Change_Uart       app_connect.o
    0x000064d4   0x0000003c   Code   RO         2406    i.CheckVol          app_dsp_single_mute.o
    0x00006510   0x0000003c   Code   RO         2084    i.Check_Uart        app_connect.o
    0x0000654c   0x00000014   Code   RO         4137    i.ClearAllModeMessage  sch_message.o
    0x00006560   0x00000014   Code   RO         4138    i.ClearMessage      sch_message.o
    0x00006574   0x00000022   Code   RO         2538    i.ClrKeyInfo        app_panel.o
    0x00006596   0x00000028   Code   RO         2188    i.DSP_IO_Init       app_dsp_driver.o
    0x000065be   0x00000002   PAD
    0x000065c0   0x0000001c   Code   RO          788    i.DSP_TEST_Init     mw_gpio.o
    0x000065dc   0x00000070   Code   RO         1950    i.Debug_CMD         app_debug.o
    0x0000664c   0x0000002e   Code   RO         1304    i.DspDataInit       app_dsp_adau1452.o
    0x0000667a   0x00000002   PAD
    0x0000667c   0x0000002c   Code   RO         1306    i.DspInit           app_dsp_adau1452.o
    0x000066a8   0x0000002c   Code   RO         1307    i.DspModeNameInit   app_dsp_adau1452.o
    0x000066d4   0x00000038   Code   RO         1308    i.Dsp_Data_Reset    app_dsp_adau1452.o
    0x0000670c   0x00000048   Code   RO         1309    i.Dsp_Delay         app_dsp_adau1452.o
    0x00006754   0x00000024   Code   RO         1310    i.Dsp_Delay_Init    app_dsp_adau1452.o
    0x00006778   0x00000070   Code   RO         2238    i.Dsp_EQ_Direct     app_dsp_eq.o
    0x000067e8   0x00000064   Code   RO         2239    i.Dsp_EQ_Init       app_dsp_eq.o
    0x0000684c   0x0000005c   Code   RO         2240    i.Dsp_EQ_Left_Req   app_dsp_eq.o
    0x000068a8   0x00000058   Code   RO         2241    i.Dsp_EQ_Reset      app_dsp_eq.o
    0x00006900   0x0000005c   Code   RO         2242    i.Dsp_EQ_Right_Req  app_dsp_eq.o
    0x0000695c   0x0000012c   Code   RO         2243    i.Dsp_EQ_Set        app_dsp_eq.o
    0x00006a88   0x00000128   Code   RO         2132    i.Dsp_File_TO_Flash  app_dspdata_access.o
    0x00006bb0   0x00000044   Code   RO         2298    i.Dsp_Filter_Init   app_dsp_filter.o
    0x00006bf4   0x0000004c   Code   RO         2299    i.Dsp_Filter_Reset  app_dsp_filter.o
    0x00006c40   0x00000058   Code   RO         2133    i.Dsp_Flash_TO_File  app_dspdata_access.o
    0x00006c98   0x000002e8   Code   RO         2300    i.Dsp_GEN_Filter    app_dsp_filter.o
    0x00006f80   0x00000190   Code   RO         2375    i.Dsp_Info_Data     app_dsp_readback.o
    0x00007110   0x000000a0   Code   RO         2376    i.Dsp_Info_Det      app_dsp_readback.o
    0x000071b0   0x0000003c   Code   RO         2134    i.Dsp_Load          app_dspdata_access.o
    0x000071ec   0x00000018   Code   RO         2135    i.Dsp_Load_Mode_Name  app_dspdata_access.o
    0x00007204   0x00000044   Code   RO         2493    i.Dsp_Mix_Init      app_dsp_mix.o
    0x00007248   0x0000006c   Code   RO         2494    i.Dsp_Mix_Input     app_dsp_mix.o
    0x000072b4   0x00000090   Code   RO         2495    i.Dsp_Mix_Mixer     app_dsp_mix.o
    0x00007344   0x00000028   Code   RO         2407    i.Dsp_Mute          app_dsp_single_mute.o
    0x0000736c   0x00000074   Code   RO         2408    i.Dsp_Mute_A        app_dsp_single_mute.o
    0x000073e0   0x00000028   Code   RO         2409    i.Dsp_Mute_Direct   app_dsp_single_mute.o
    0x00007408   0x00000020   Code   RO         2410    i.Dsp_Mute_Init     app_dsp_single_mute.o
    0x00007428   0x00000050   Code   RO         1311    i.Dsp_OFF           app_dsp_adau1452.o
    0x00007478   0x00000020   Code   RO         1312    i.Dsp_ON            app_dsp_adau1452.o
    0x00007498   0x00000044   Code   RO         1313    i.Dsp_OutPutChl     app_dsp_adau1452.o
    0x000074dc   0x0000001c   Code   RO         1314    i.Dsp_OutPutChl_Init  app_dsp_adau1452.o
    0x000074f8   0x00000074   Code   RO         1315    i.Dsp_PowerOnInit   app_dsp_adau1452.o
    0x0000756c   0x0000001c   Code   RO         1316    i.Dsp_ReName        app_dsp_adau1452.o
    0x00007588   0x00000028   Code   RO         1317    i.Dsp_ReName_Init   app_dsp_adau1452.o
    0x000075b0   0x00000074   Code   RO         2411    i.Dsp_Single        app_dsp_single_mute.o
    0x00007624   0x0000008c   Code   RO         2412    i.Dsp_Single_A      app_dsp_single_mute.o
    0x000076b0   0x00000030   Code   RO         2413    i.Dsp_Single_Init   app_dsp_single_mute.o
    0x000076e0   0x00000078   Code   RO         2414    i.Dsp_SlowCloseSingle  app_dsp_single_mute.o
    0x00007758   0x00000034   Code   RO         2136    i.Dsp_Store         app_dspdata_access.o
    0x0000778c   0x00000138   Code   RO         2137    i.Dsp_StoreLoadPro  app_dspdata_access.o
    0x000078c4   0x00000018   Code   RO         2138    i.Dsp_Store_Mode_Name  app_dspdata_access.o
    0x000078dc   0x00000078   Code   RO         1318    i.Dsp_TestMode      app_dsp_adau1452.o
    0x00007954   0x000000b4   Code   RO         1319    i.Dsp_Unite         app_dsp_adau1452.o
    0x00007a08   0x00000120   Code   RO         1320    i.Dsp_Updata        app_dsp_adau1452.o
    0x00007b28   0x0000006c   Code   RO         2415    i.Dsp_VolUpdate     app_dsp_single_mute.o
    0x00007b94   0x000001d0   Code   RO         2244    i.EQ_Algorithm      app_dsp_eq.o
    0x00007d64   0x00000014   Code   RO          892    i.EmergencyPowerDown  app_voltage.o
    0x00007d78   0x00000060   Code   RO          727    i.EnterPowerOff     app_power.o
    0x00007dd8   0x00000012   Code   RO         1464    i.Eprom_IO_Init     app_eprom.o
    0x00007dea   0x00000054   Code   RO         1465    i.Eprom_RD_Data     app_eprom.o
    0x00007e3e   0x00000038   Code   RO         1467    i.Eprom_WR_Command  app_eprom.o
    0x00007e76   0x0000004e   Code   RO         1468    i.Eprom_WR_Data     app_eprom.o
    0x00007ec4   0x0000001a   Code   RO         1469    i.Eprom_WR_Order    app_eprom.o
    0x00007ede   0x00000016   Code   RO         3996    i.ExchangeTwoVariable_U8  sch_common.o
    0x00007ef4   0x00000054   Code   RO         3596    i.FEI_to_FBE_OSC    ics.o
    0x00007f48   0x0000003c   Code   RO         3598    i.FEI_to_FEE        ics.o
    0x00007f84   0x0000003c   Code   RO         3599    i.FEI_to_FEE_OSC    ics.o
    0x00007fc0   0x00000068   Code   RO         3422    i.FLASH_EraseSector  flash.o
    0x00008028   0x0000006c   Code   RO         3426    i.FLASH_Init        flash.o
    0x00008094   0x00000028   Code   RO         3427    i.FLASH_LaunchCMD   flash.o
    0x000080bc   0x00000080   Code   RO         3429    i.FLASH_Program1LongWord  flash.o
    0x0000813c   0x00000094   Code   RO         3430    i.FLASH_Program2LongWords  flash.o
    0x000081d0   0x00000008   Code   RO          301    i.FeedDog           bsp.o
    0x000081d8   0x00000150   Code   RO         2301    i.Filter_1st_Order_Butterworth  app_dsp_filter.o
    0x00008328   0x00000214   Code   RO         2302    i.Filter_2st_Order_Bessel  app_dsp_filter.o
    0x0000853c   0x00000210   Code   RO         2303    i.Filter_2st_Order_Butterworth  app_dsp_filter.o
    0x0000874c   0x00000020   Code   RO         2304    i.Filter_Bypassed   app_dsp_filter.o
    0x0000876c   0x000001cc   Code   RO         2305    i.Filter_Higher_Order_Butterworth  app_dsp_filter.o
    0x00008938   0x000000dc   Code   RO         1472    i.Flash_Dsp_RD      app_eprom.o
    0x00008a14   0x00000124   Code   RO         1474    i.Flash_Dsp_WR      app_eprom.o
    0x00008b38   0x00000012   Code   RO          974    i.Flash_Erase       mw_flash.o
    0x00008b4a   0x00000002   PAD
    0x00008b4c   0x0000001c   Code   RO         1321    i.Flash_Get_DspNum  app_dsp_adau1452.o
    0x00008b68   0x00000098   Code   RO          976    i.Flash_Program_U8  mw_flash.o
    0x00008c00   0x00000010   Code   RO          977    i.Flash_Quick_RD    mw_flash.o
    0x00008c10   0x00000020   Code   RO          978    i.Flash_Quick_RD_U8  mw_flash.o
    0x00008c30   0x0000001c   Code   RO          980    i.Flash_Quick_WR    mw_flash.o
    0x00008c4c   0x00000020   Code   RO          981    i.Flash_Quick_WR_U8  mw_flash.o
    0x00008c6c   0x0000000c   Code   RO         1475    i.Flash_RD_State_Clear  app_eprom.o
    0x00008c78   0x00000010   Code   RO          984    i.Flash_Read        mw_flash.o
    0x00008c88   0x00000014   Code   RO         1322    i.Flash_Set_DspNum  app_dsp_adau1452.o
    0x00008c9c   0x0000000c   Code   RO         1476    i.Flash_WR_State_Clear  app_eprom.o
    0x00008ca8   0x00000012   Code   RO          988    i.Flash_Write       mw_flash.o
    0x00008cba   0x00000030   Code   RO          790    i.GPIOInit          mw_gpio.o
    0x00008cea   0x00000012   Code   RO         3177    i.GPIO_DeInit       gpio.o
    0x00008cfc   0x000000e8   Code   RO         3178    i.GPIO_Init         gpio.o
    0x00008de4   0x00000030   Code   RO         3179    i.GPIO_PinClear     gpio.o
    0x00008e14   0x00000198   Code   RO         3180    i.GPIO_PinInit      gpio.o
    0x00008fac   0x00000030   Code   RO         3181    i.GPIO_PinSet       gpio.o
    0x00008fdc   0x00000024   Code   RO          791    i.GPIO_ReadInputPin  mw_gpio.o
    0x00009000   0x00000018   Code   RO         4000    i.GetCheckData_Xor  sch_common.o
    0x00009018   0x00000008   Code   RO         4001    i.GetMax            sch_common.o
    0x00009020   0x00000014   Code   RO         4139    i.GetMessage        sch_message.o
    0x00009034   0x00000008   Code   RO         4002    i.GetMin            sch_common.o
    0x0000903c   0x0000001a   Code   RO         2085    i.Get_Uart_Choose   app_connect.o
    0x00009056   0x00000002   PAD
    0x00009058   0x00000068   Code   RO         1713    i.I2C1Out8Bit       mw_i2c.o
    0x000090c0   0x0000003c   Code   RO         1714    i.I2C1Start         mw_i2c.o
    0x000090fc   0x00000058   Code   RO         1715    i.I2C1Stop          mw_i2c.o
    0x00009154   0x0000003a   Code   RO         1716    i.I2C1_IsFindAddr   mw_i2c.o
    0x0000918e   0x0000003c   Code   RO         1719    i.I2C1_Tx           mw_i2c.o
    0x000091ca   0x00000062   Code   RO         1721    i.I2CWait           mw_i2c.o
    0x0000922c   0x0000002c   Code   RO          932    i.IAP_Pro           app_updata.o
    0x00009258   0x00000048   Code   RO         3601    i.ICS_Init          ics.o
    0x000092a0   0x00000058   Code   RO         3602    i.ICS_SetClkDivider  ics.o
    0x000092f8   0x00000020   Code   RO         3603    i.ICS_Trim          ics.o
    0x00009318   0x00000010   Code   RO          405    i.IRQ_IRQHandler    interrupt.o
    0x00009328   0x00000010   Code   RO          933    i.In_IapMode        app_updata.o
    0x00009338   0x00000030   Code   RO         1242    i.Is_PASSWORD       app_bt.o
    0x00009368   0x0000003c   Code   RO          406    i.KBI0_IRQHandler   interrupt.o
    0x000093a4   0x0000003c   Code   RO         3892    i.KBI_DeInit        kbi.o
    0x000093e0   0x0000013c   Code   RO         3893    i.KBI_Init          kbi.o
    0x0000951c   0x00000060   Code   RO         2541    i.KeyScan           app_panel.o
    0x0000957c   0x00000056   Code   RO         2542    i.KeyTimer          app_panel.o
    0x000095d2   0x00000016   Code   RO         2022    i.LED_Ctl           app_led.o
    0x000095e8   0x0000000c   Code   RO         2023    i.LED_IO_Init       app_led.o
    0x000095f4   0x00000010   Code   RO         4007    i.LimitMaxMin       sch_common.o
    0x00009604   0x0000012c   Code   RO         1864    i.M2A_TxService     app_arm.o
    0x00009730   0x00000440   Code   RO         1243    i.M2B_TxService     app_bt.o
    0x00009b70   0x00000034   Code   RO          555    i.MUTE_Ctl          app_mute.o
    0x00009ba4   0x00000014   Code   RO         3818    i.NVIC_EnableIRQ    spi.o
    0x00009bb8   0x00000044   Code   RO          592    i.NVIC_SetPriority  mw_uart.o
    0x00009bfc   0x00000040   Code   RO         3606    i.OSC_Init          ics.o
    0x00009c3c   0x00000030   Code   RO         3788    i.PMC_SetMode       pmc.o
    0x00009c6c   0x0000000c   Code   RO          792    i.PWR_IO_Init       mw_gpio.o
    0x00009c78   0x00000078   Code   RO         2545    i.PostKeyCode       app_panel.o
    0x00009cf0   0x0000001c   Code   RO         4141    i.PostMessage       sch_message.o
    0x00009d0c   0x0000007c   Code   RO          728    i.PowerMessage      app_power.o
    0x00009d88   0x00000034   Code   RO          730    i.PowerOnSystemModule  app_power.o
    0x00009dbc   0x00000004   Code   RO         3938    i.Queue_Cnt         sch_queue.o
    0x00009dc0   0x00000054   Code   RO         3939    i.Queue_In          sch_queue.o
    0x00009e14   0x0000001c   Code   RO         3940    i.Queue_Init        sch_queue.o
    0x00009e30   0x00000050   Code   RO         3944    i.Queue_Out         sch_queue.o
    0x00009e80   0x0000002c   Code   RO         1128    i.ResetIO           app_lowpower.o
    0x00009eac   0x0000005c   Code   RO          501    i.SCH_Task_Execute  task.o
    0x00009f08   0x0000001e   Code   RO         1324    i.SIGMASTUDIOTYPE   app_dsp_adau1452.o
    0x00009f26   0x00000048   Code   RO         2189    i.SIGMA_READ        app_dsp_driver.o
    0x00009f6e   0x00000002   PAD
    0x00009f70   0x00000064   Code   RO         2190    i.SIGMA_SAFELOAD_WRITE_REGISTER  app_dsp_driver.o
    0x00009fd4   0x00000048   Code   RO         2191    i.SIGMA_WRITE       app_dsp_driver.o
    0x0000a01c   0x00000038   Code   RO         2192    i.SIGMA_WRITE_DELAY  app_dsp_driver.o
    0x0000a054   0x0000004a   Code   RO         2193    i.SIGMA_WRITE_REGISTER_BLOCK  app_dsp_driver.o
    0x0000a09e   0x00000002   PAD
    0x0000a0a0   0x00000078   Code   RO         3749    i.SIM_Init          sim.o
    0x0000a118   0x00000002   Code   RO          407    i.SPI0_IRQHandler   interrupt.o
    0x0000a11a   0x00000002   Code   RO          408    i.SPI1_IRQHandler   interrupt.o
    0x0000a11c   0x00000018   Code   RO         3821    i.SPI_DeInit        spi.o
    0x0000a134   0x0000011c   Code   RO         3822    i.SPI_Init          spi.o
    0x0000a250   0x00000024   Code   RO         1574    i.SPI_RW            mw_spi.o
    0x0000a274   0x0000004a   Code   RO         3823    i.SPI_SetBaudRate   spi.o
    0x0000a2be   0x00000014   Code   RO         3825    i.SPI_SetClockPhase  spi.o
    0x0000a2d2   0x00000002   PAD
    0x0000a2d4   0x0000002c   Code   RO          793    i.SYS_Power_Ctl     mw_gpio.o
    0x0000a300   0x0000000e   Code   RO         1244    i.Set_PASSWORD      app_bt.o
    0x0000a30e   0x0000000c   Code   RO         2086    i.Set_Uart_Choose   app_connect.o
    0x0000a31a   0x00000002   PAD
    0x0000a31c   0x0000001c   Code   RO         1576    i.SpiBufInit        mw_spi.o
    0x0000a338   0x0000005c   Code   RO         1974    i.Start_Detect      app_start.o
    0x0000a394   0x0000000c   Code   RO         1975    i.Start_IO_Init     app_start.o
    0x0000a3a0   0x00000010   Code   RO          861    i.SysAdcExit        mw_adc.o
    0x0000a3b0   0x00000020   Code   RO          862    i.SysAdcInit        mw_adc.o
    0x0000a3d0   0x0000002c   Code   RO          475    i.SysDataInit       system.o
    0x0000a3fc   0x00000010   Code   RO          989    i.SysFlashInit      mw_flash.o
    0x0000a40c   0x00000024   Code   RO            3    i.SysHardware_Init  main.o
    0x0000a430   0x00000018   Code   RO         1129    i.SysLowPowerExit   app_lowpower.o
    0x0000a448   0x00000032   Code   RO         1130    i.SysLowPowerInit   app_lowpower.o
    0x0000a47a   0x00000010   Code   RO            4    i.SysSoftware_Init  main.o
    0x0000a48a   0x00000002   PAD
    0x0000a48c   0x00000058   Code   RO         1589    i.SysSpiExit        mw_spi.o
    0x0000a4e4   0x0000006c   Code   RO         1590    i.SysSpiInit        mw_spi.o
    0x0000a550   0x0000005c   Code   RO          409    i.SysTick_Handler   interrupt.o
    0x0000a5ac   0x000000a4   Code   RO          593    i.SysUartExit       mw_uart.o
    0x0000a650   0x000000b4   Code   RO          594    i.SysUartInit       mw_uart.o
    0x0000a704   0x0000001c   Code   RO         4010    i.SysWait1Us        sch_common.o
    0x0000a720   0x00000016   Code   RO         4011    i.SysWaitMs         sch_common.o
    0x0000a736   0x00000010   Code   RO         4012    i.SysWaitUs         sch_common.o
    0x0000a746   0x00000002   PAD
    0x0000a748   0x0000002c   Code   RO         1131    i.SysWakeUpExit_FromACC  app_lowpower.o
    0x0000a774   0x00000030   Code   RO         1134    i.SysWakeUpInit_FromACC  app_lowpower.o
    0x0000a7a4   0x00000054   Code   RO         1135    i.SysWakeUpInit_FromKBI  app_lowpower.o
    0x0000a7f8   0x00000054   Code   RO         4210    i.SystemInit        system_skeaz1284.o
    0x0000a84c   0x00000048   Code   RO          731    i.SystemPowerUp     app_power.o
    0x0000a894   0x000000a8   Code   RO         1137    i.TASK_AccOff_Pro   app_lowpower.o
    0x0000a93c   0x00000050   Code   RO         1203    i.TASK_Amp_Pro      app_amp.o
    0x0000a98c   0x0000005c   Code   RO         1865    i.TASK_Arm_Pro      app_arm.o
    0x0000a9e8   0x00000070   Code   RO         1245    i.TASK_Bt_Pro       app_bt.o
    0x0000aa58   0x0000001c   Code   RO         1325    i.TASK_Dsp_Pro      app_dsp_adau1452.o
    0x0000aa74   0x00000002   Code   RO         1477    i.TASK_Eeprom_Pro   app_eprom.o
    0x0000aa76   0x00000002   PAD
    0x0000aa78   0x0000001c   Code   RO         2548    i.TASK_Key_Pro      app_panel.o
    0x0000aa94   0x00000040   Code   RO         2024    i.TASK_LED_pro      app_led.o
    0x0000aad4   0x00000174   Code   RO          732    i.TASK_Power_Pro    app_power.o
    0x0000ac48   0x00000090   Code   RO          893    i.TASK_Voltage_Det  app_voltage.o
    0x0000acd8   0x00000024   Code   RO         1089    i.TDF8541Init       app_tdf8541.o
    0x0000acfc   0x00000038   Code   RO         1090    i.TDF8541_AmpMute   app_tdf8541.o
    0x0000ad34   0x00000018   Code   RO          502    i.Task_100ms_Pro    task.o
    0x0000ad4c   0x00000020   Code   RO          507    i.Task_8ms_Pro      task.o
    0x0000ad6c   0x0000000a   Code   RO          410    i.UART0_IRQHandler  interrupt.o
    0x0000ad76   0x0000000a   Code   RO          411    i.UART1_IRQHandler  interrupt.o
    0x0000ad80   0x0000000a   Code   RO          412    i.UART2_IRQHandler  interrupt.o
    0x0000ad8a   0x00000010   Code   RO         2900    i.UART_CheckFlag    uart.o
    0x0000ad9a   0x00000056   Code   RO         2901    i.UART_DisableInterrupt  uart.o
    0x0000adf0   0x00000052   Code   RO         2902    i.UART_EnableInterrupt  uart.o
    0x0000ae42   0x0000000a   Code   RO         2903    i.UART_GetChar      uart.o
    0x0000ae4c   0x0000000c   Code   RO         2904    i.UART_GetFlags     uart.o
    0x0000ae58   0x0000006c   Code   RO         2905    i.UART_Init         uart.o
    0x0000aec4   0x00000044   Code   RO          595    i.UART_IntSerive    mw_uart.o
    0x0000af08   0x0000000a   Code   RO         2906    i.UART_PutChar      uart.o
    0x0000af12   0x0000001c   Code   RO          794    i.USB_IO_Init       mw_gpio.o
    0x0000af2e   0x00000002   PAD
    0x0000af30   0x0000001c   Code   RO          596    i.UartBufCnt        mw_uart.o
    0x0000af4c   0x0000001c   Code   RO          597    i.UartBufInit       mw_uart.o
    0x0000af68   0x00000020   Code   RO          598    i.UartGetFromBuf    mw_uart.o
    0x0000af88   0x00000020   Code   RO          599    i.UartPutToBuf      mw_uart.o
    0x0000afa8   0x0000000a   Code   RO          600    i.UartRxCnt         mw_uart.o
    0x0000afb2   0x0000000e   Code   RO          601    i.UartRxData        mw_uart.o
    0x0000afc0   0x00000014   Code   RO          602    i.UartSendData8     mw_uart.o
    0x0000afd4   0x0000000a   Code   RO          603    i.UartTxCnt         mw_uart.o
    0x0000afde   0x00000038   Code   RO          604    i.UartTxData        mw_uart.o
    0x0000b016   0x00000002   PAD
    0x0000b018   0x00000014   Code   RO          606    i.UartTxIntDis      mw_uart.o
    0x0000b02c   0x00000014   Code   RO          607    i.UartTxIntEn       mw_uart.o
    0x0000b040   0x0000000e   Code   RO          608    i.Uart_Rx_DataPro   mw_uart.o
    0x0000b04e   0x00000036   Code   RO          609    i.Uart_Tx_DataPro   mw_uart.o
    0x0000b084   0x00000028   Code   RO         2416    i.Vol_Ctl           app_dsp_single_mute.o
    0x0000b0ac   0x00000020   Code   RO         2719    i.WDOG_Enable       wdog.o
    0x0000b0cc   0x0000001c   Code   RO         2721    i.WDOG_Feed         wdog.o
    0x0000b0e8   0x00000078   Code   RO         2722    i.WDOG_Init         wdog.o
    0x0000b160   0x00000032   Code   RO         4415    i.__ARM_common_ll_muluu  m_ps.l(rred.o)
    0x0000b192   0x0000001a   Code   RO          774    i.__ARM_common_switch8  app_power.o
    0x0000b1ac   0x0000002c   Code   RO         4405    i.__ARM_fpclassify  m_ps.l(fpclassify.o)
    0x0000b1d8   0x0000039c   Code   RO         4410    i.__ieee754_rem_pio2  m_ps.l(rred.o)
    0x0000b574   0x000000f4   Code   RO         4388    i.__kernel_cos      m_ps.l(cos_i.o)
    0x0000b668   0x000000ac   Code   RO         4407    i.__kernel_poly     m_ps.l(poly.o)
    0x0000b714   0x000000ec   Code   RO         4417    i.__kernel_sin      m_ps.l(sin_i.o)
    0x0000b800   0x00000014   Code   RO         4391    i.__mathlib_dbl_divzero  m_ps.l(dunder.o)
    0x0000b814   0x0000000a   Code   RO         4392    i.__mathlib_dbl_infnan  m_ps.l(dunder.o)
    0x0000b81e   0x00000008   Code   RO         4393    i.__mathlib_dbl_infnan2  m_ps.l(dunder.o)
    0x0000b826   0x00000010   Code   RO         4394    i.__mathlib_dbl_invalid  m_ps.l(dunder.o)
    0x0000b836   0x00000002   PAD
    0x0000b838   0x00000014   Code   RO         4395    i.__mathlib_dbl_overflow  m_ps.l(dunder.o)
    0x0000b84c   0x00000014   Code   RO         4397    i.__mathlib_dbl_underflow  m_ps.l(dunder.o)
    0x0000b860   0x00000098   Code   RO         4332    i.cos               m_ps.l(cos.o)
    0x0000b8f8   0x00000418   Code   RO         1326    i.default_download_IC_1  app_dsp_adau1452.o
    0x0000bd10   0x0000006c   Code   RO            5    i.main              main.o
    0x0000bd7c   0x000009fc   Code   RO         4340    i.pow               m_ps.l(pow.o)
    0x0000c778   0x00000022   Code   RO         4013    i.sch_compare       sch_common.o
    0x0000c79a   0x00000016   Code   RO         4014    i.sch_memcpy        sch_common.o
    0x0000c7b0   0x00000012   Code   RO         4015    i.sch_memset        sch_common.o
    0x0000c7c2   0x00000002   PAD
    0x0000c7c4   0x0000009c   Code   RO         4350    i.sin               m_ps.l(sin.o)
    0x0000c860   0x00000048   Code   RO         4358    i.sqrt              m_ps.l(sqrt.o)
    0x0000c8a8   0x00000014   Code   RO         2643    i.stop              arm_cm0.o
    0x0000c8bc   0x0000006c   Code   RO         3543    i.sysinit           sysinit.o
    0x0000c928   0x00000010   Code   RO         2676    i.systick_disable   systick.o
    0x0000c938   0x00000016   Code   RO          990    i.u8_TO_u32         mw_flash.o
    0x0000c94e   0x00000002   PAD
    0x0000c950   0x00000014   Code   RO         2644    i.wait              arm_cm0.o
    0x0000c964   0x0000000c   Code   RO         2645    i.write_vtor        arm_cm0.o
    0x0000c970   0x00000064   Code   RO         4317    x$fpl$deqf          fz_ps.l(deqf.o)
    0x0000c9d4   0x00000064   Code   RO         4323    x$fpl$dleqf         fz_ps.l(dlef.o)
    0x0000ca38   0x00000068   Code   RO         4327    x$fpl$drleqf        fz_ps.l(drlef.o)
    0x0000caa0   0x00000000   Code   RO         4387    x$fpl$usenofp       fz_ps.l(usenofp.o)
    0x0000caa0   0x00000020   Data   RO          616    .constdata          mw_uart.o
    0x0000cac0   0x00000010   Data   RO          895    .constdata          app_voltage.o
    0x0000cad0   0x00000014   Data   RO         1205    .constdata          app_amp.o
    0x0000cae4   0x00000006   Data   RO         1249    .constdata          app_bt.o
    0x0000caea   0x0000d58a   Data   RO         1328    .constdata          app_dsp_adau1452.o
    0x0001a074   0x00000004   PAD
    0x0001a078   0x00000008   Data   RO         1329    .constdata          app_dsp_adau1452.o
    0x0001a080   0x00000008   Data   RO         1330    .constdata          app_dsp_adau1452.o
    0x0001a088   0x00000010   Data   RO         1591    .constdata          mw_spi.o
    0x0001a098   0x000000a0   Data   RO         2245    .constdata          app_dsp_eq.o
    0x0001a138   0x00000080   Data   RO         2308    .constdata          app_dsp_filter.o
    0x0001a1b8   0x000000d0   Data   RO         2378    .constdata          app_dsp_readback.o
    0x0001a288   0x00000076   Data   RO         2417    .constdata          app_dsp_single_mute.o
    0x0001a2fe   0x00000078   Data   RO         2497    .constdata          app_dsp_mix.o
    0x0001a376   0x00000002   PAD
    0x0001a378   0x00000100   Data   RO         3895    .constdata          kbi.o
    0x0001a478   0x00000080   Data   RO         4315    .constdata          fz_ps.l(ddiv.o)
    0x0001a4f8   0x00000088   Data   RO         4341    .constdata          m_ps.l(pow.o)
    0x0001a580   0x00000030   Data   RO         4389    .constdata          m_ps.l(cos_i.o)
    0x0001a5b0   0x00000008   Data   RO         4409    .constdata          m_ps.l(qnan.o)
    0x0001a5b8   0x000000c8   Data   RO         4412    .constdata          m_ps.l(rred.o)
    0x0001a680   0x00000028   Data   RO         4418    .constdata          m_ps.l(sin_i.o)
    0x0001a6a8   0x00000020   Data   RO         4766    Region$$Table       anon$$obj.o


    Execution Region RW_IRAM1 (Base: 0x1ffff000, Size: 0x000023a0, Max: 0x00004000, ABSOLUTE, COMPRESSED[0x0000009c])

    Base Addr    Size         Type   Attr      Idx    E Section Name        Object

    0x1ffff000   0x00000001   Data   RW            6    .data               main.o
    0x1ffff001   0x00000003   PAD
    0x1ffff004   0x00000010   Data   RW          617    .data               mw_uart.o
    0x1ffff014   0x00000010   Data   RW          618    .data               mw_uart.o
    0x1ffff024   0x00000010   Data   RW          619    .data               mw_uart.o
    0x1ffff034   0x00000010   Data   RW          620    .data               mw_uart.o
    0x1ffff044   0x00000010   Data   RW          621    .data               mw_uart.o
    0x1ffff054   0x00000010   Data   RW          622    .data               mw_uart.o
    0x1ffff064   0x0000000c   Data   RW          623    .data               mw_uart.o
    0x1ffff070   0x00000010   Data   RW          795    .data               mw_gpio.o
    0x1ffff080   0x00000004   Data   RW          896    .data               app_voltage.o
    0x1ffff084   0x00000005   Data   RW         1091    .data               app_tdf8541.o
    0x1ffff089   0x00000004   Data   RW         1250    .data               app_bt.o
    0x1ffff08d   0x00000006   Data   RW         1478    .data               app_eprom.o
    0x1ffff093   0x00000001   PAD
    0x1ffff094   0x00000008   Data   RW         1592    .data               mw_spi.o
    0x1ffff09c   0x00000010   Data   RW         1867    .data               app_arm.o
    0x1ffff0ac   0x00000004   Data   RW         1976    .data               app_start.o
    0x1ffff0b0   0x00000002   Data   RW         2025    .data               app_led.o
    0x1ffff0b2   0x00000001   Data   RW         2057    .data               app_at.o
    0x1ffff0b3   0x00000003   Data   RW         2087    .data               app_connect.o
    0x1ffff0b6   0x00000006   Data   RW         2139    .data               app_dspdata_access.o
    0x1ffff0bc   0x00000002   Data   RW         2246    .data               app_dsp_eq.o
    0x1ffff0be   0x00000019   Data   RW         2379    .data               app_dsp_readback.o
    0x1ffff0d7   0x00000001   PAD
    0x1ffff0d8   0x00000004   Data   RW         2418    .data               app_dsp_single_mute.o
    0x1ffff0dc   0x00000066   Data   RW         2550    .data               app_panel.o
    0x1ffff142   0x00000004   Data   RW         3545    .data               sysinit.o
    0x1ffff146   0x00000002   PAD
    0x1ffff148   0x00000040   Data   RW         4143    .data               sch_message.o
    0x1ffff188   0x00000010   Zero   RW          476    .bss                system.o
    0x1ffff198   0x00000100   Zero   RW          610    .bss                mw_uart.o
    0x1ffff298   0x00000100   Zero   RW          611    .bss                mw_uart.o
    0x1ffff398   0x00000100   Zero   RW          612    .bss                mw_uart.o
    0x1ffff498   0x00000100   Zero   RW          613    .bss                mw_uart.o
    0x1ffff598   0x00000100   Zero   RW          614    .bss                mw_uart.o
    0x1ffff698   0x00000100   Zero   RW          615    .bss                mw_uart.o
    0x1ffff798   0x0000000a   Zero   RW          733    .bss                app_power.o
    0x1ffff7a2   0x00000002   PAD
    0x1ffff7a4   0x00000010   Zero   RW         1204    .bss                app_amp.o
    0x1ffff7b4   0x000000a8   Zero   RW         1246    .bss                app_bt.o
    0x1ffff85c   0x00000052   Zero   RW         1247    .bss                app_bt.o
    0x1ffff8ae   0x00000002   PAD
    0x1ffff8b0   0x00000e0c   Zero   RW         1327    .bss                app_dsp_adau1452.o
    0x200006bc   0x000005f2   Zero   RW         1866    .bss                app_arm.o
    0x20000cae   0x0000000c   Zero   RW         2056    .bss                app_at.o
    0x20000cba   0x00000006   PAD
    0x20000cc0   0x00000040   Zero   RW         2377    .bss                app_dsp_readback.o
    0x20000d00   0x00000140   Zero   RW         4142    .bss                sch_message.o
    0x20000e40   0x00000060   Zero   RW         4471    .bss                c_p.l(libspace.o)
    0x20000ea0   0x00000000   Zero   RW         4198    HEAP                startup_skeaz1284.o
    0x20000ea0   0x00000500   Zero   RW         4197    STACK               startup_skeaz1284.o


==============================================================================

Image component sizes


      Code (inc. data)   RO Data    RW Data    ZI Data      Debug   Object Name

       390         20          0          0          0      14715   adc.o
       102          0          0          0          0       1774   app_ad1938.o
       192         28         20          0         16       2863   app_amp.o
      1264         88          0         16       1522       6533   app_arm.o
       468        148          0          1         12       1246   app_at.o
      3018        238          6          4        250       8462   app_bt.o
       566         40          0          3          0       4121   app_connect.o
       112         10          0          0          0        544   app_debug.o
      2432        166      54682          0       3596      21754   app_dsp_adau1452.o
       414          6          0          0          0       4206   app_dsp_driver.o
      1248        110        160          2          0       5353   app_dsp_eq.o
      2776        122        128          0          0       7608   app_dsp_filter.o
       320         42        120          0          0       2708   app_dsp_mix.o
       560         50        208         25         64       2324   app_dsp_readback.o
       860        108        118          4          0       7183   app_dsp_single_mute.o
       856         70          0          6          0       4847   app_dspdata_access.o
       800         76          0          6          0       9106   app_eprom.o
        98         10          0          2          0       1675   app_led.o
       462         44          0          0          0       9812   app_lowpower.o
        82          4          0          0          0       1543   app_mute.o
       488         48          0        102          0       6199   app_panel.o
       742         60          0          0         10       4348   app_power.o
       324         38          0          4          0       3293   app_start.o
       116         30          0          5          0       1868   app_tdf8541.o
        68          4          0          0          0       1615   app_updata.o
       164         12         16          4          0       2282   app_voltage.o
        52         18          0          0          0       1207   arm_cm0.o
       258         30          0          0          0      10915   bsp.o
       528         52          0          0          0       3782   flash.o
       754         34          0          0          0       3483   gpio.o
       460         42          0          0          0       5336   ics.o
       204         18          0          0          0       5391   interrupt.o
       376         40        256          0          0       2152   kbi.o
       160         32          0          1          0     115450   main.o
        72         16          0          0          0       1664   mw_adc.o
       350          6          0          0          0       6195   mw_flash.o
       272         18          0         16          0       7452   mw_gpio.o
       468         16          0          0          0       3519   mw_i2c.o
       260         44         16          8          0       9922   mw_spi.o
       818        100         32        108       1536      20615   mw_uart.o
        48          0          0          0          0        886   pmc.o
       218          0          0          0          0       6087   sch_common.o
        88         14          0         64        320       2654   sch_message.o
       196          0          0          0          0       2668   sch_queue.o
       120          4          0          0          0       1035   sim.o
       422         16          0          0          0       6422   spi.o
        80         44        192          0       1280        908   startup_skeaz1284.o
       108         10          0          4          0        828   sysinit.o
        44         14          0          0         16       5788   system.o
        84         20          0          0          0        477   system_skeaz1284.o
        16          4          0          0          0        406   systick.o
       148         14          0          0          0       1776   task.o
       324         14          0          0          0       6622   uart.o
       180         38          0          0          0       1542   wdog.o

    ----------------------------------------------------------------------
     26070       2230      55992        392       8632     373164   Object Totals
         0          0         32          0          0          0   (incl. Generated)
        40          0          6          7         10          0   (incl. Padding)

    ----------------------------------------------------------------------

      Code (inc. data)   RO Data    RW Data    ZI Data      Debug   Library Member Name

        86          0          0          0          0          0   __dczerorl2.o
         8          0          0          0          0         68   __main.o
         0          0          0          0          0          0   __rtentry.o
        12          0          0          0          0          0   __rtentry2.o
         6          0          0          0          0          0   __rtentry4.o
        60          8          0          0          0          0   __scatter.o
        28          0          0          0          0          0   __scatter_zi.o
        22          0          0          0          0         92   _rserrno.o
       346          0          0          0          0         92   aeabi_sdiv.o
        16          0          0          0          0         68   exit.o
         6          0          0          0          0        136   heapauxi.o
         0          0          0          0          0          0   indicate_semi.o
         2          0          0          0          0          0   libinit.o
         2          0          0          0          0          0   libinit2.o
         2          0          0          0          0          0   libshutdown.o
         2          0          0          0          0          0   libshutdown2.o
         8          4          0          0         96         68   libspace.o
         8          4          0          0          0         68   rt_errno_addr_intlibspace.o
        64          0          0          0          0        108   rt_memclr.o
        56          0          0          0          0         68   rt_memcpy.o
         2          0          0          0          0          0   rtexit.o
        10          0          0          0          0          0   rtexit2.o
        12          4          0          0          0         60   sys_exit.o
        62          0          0          0          0         80   sys_stackheap_outer.o
         2          0          0          0          0         68   use_no_semi.o
        46          0          0          0          0         60   cmpret.o
       856         20          0          0          0        208   daddsub.o
       144          4          0          0          0         76   dcmpin.o
      1096         26        128          0          0        112   ddiv.o
       100          4          0          0          0         92   deqf.o
       108         10          0          0          0         72   dfixi.o
        88          0          0          0          0         92   dflti.o
       100          4          0          0          0         92   dlef.o
       584         26          0          0          0         84   dmul.o
        20          6          0          0          0         68   dnan2.o
       104          4          0          0          0        104   drlef.o
        96         12          0          0          0         72   dscalbn.o
       256          8          0          0          0         76   dsqrt.o
        94          0          0          0          0         68   retnan.o
         0          0          0          0          0          0   usenofp.o
       152         10          0          0          0        104   cos.o
       244         20         48          0          0         92   cos_i.o
        94         14          0          0          0        408   dunder.o
        44          4          0          0          0         60   fpclassify.o
       172          0          0          0          0         76   poly.o
      2556        196        136          0          0        240   pow.o
         0          0          8          0          0          0   qnan.o
       974         86        200          0          0        200   rred.o
       156         10          0          0          0        104   sin.o
       236         14         40          0          0        100   sin_i.o
        72          6          0          0          0         76   sqrt.o

    ----------------------------------------------------------------------
      9226        504        560          0         96       3712   Library Totals
        12          0          0          0          0          0   (incl. Padding)

    ----------------------------------------------------------------------

      Code (inc. data)   RO Data    RW Data    ZI Data      Debug   Library Name

       822         20          0          0         96        976   c_p.l
      3692        124        128          0          0       1276   fz_ps.l
      4700        360        432          0          0       1460   m_ps.l

    ----------------------------------------------------------------------
      9226        504        560          0         96       3712   Library Totals

    ----------------------------------------------------------------------

==============================================================================


      Code (inc. data)   RO Data    RW Data    ZI Data      Debug   

     35296       2734      56552        392       8728     362968   Grand Totals
     35296       2734      56552        156       8728     362968   ELF Image Totals (compressed)
     35296       2734      56552        156          0          0   ROM Totals

==============================================================================

    Total RO  Size (Code + RO Data)                91848 (  89.70kB)
    Total RW  Size (RW Data + ZI Data)              9120 (   8.91kB)
    Total ROM Size (Code + RO Data + RW Data)      92004 (  89.85kB)

==============================================================================

