Component: ARM Compiler 5.06 update 4 (build 422) Tool: armlink [4d35d2]

==============================================================================

Section Cross References

    main.o(i.SysHardware_Init) refers to bsp.o(i.Bsp_Clock_Init) for Bsp_Clock_Init
    main.o(i.SysHardware_Init) refers to bsp.o(i.Bsp_SysTick_Init) for Bsp_SysTick_Init
    main.o(i.SysHardware_Init) refers to bsp.o(i.Bsp_GPIO_Init) for Bsp_GPIO_Init
    main.o(i.SysHardware_Init) refers to bsp.o(i.Bsp_WDOG_Init) for Bsp_WDOG_Init
    main.o(i.SysHardware_Init) refers to bsp.o(i.Bsp_UART_Init) for Bsp_UART_Init
    main.o(i.SysHardware_Init) refers to bsp.o(i.Bsp_SPI_Init) for Bsp_SPI_Init
    main.o(i.SysHardware_Init) refers to bsp.o(i.Bsp_ADC_Init) for Bsp_ADC_Init
    main.o(i.SysHardware_Init) refers to bsp.o(i.Bsp_FLASH_Init) for Bsp_FLASH_Init
    main.o(i.SysSoftware_Init) refers to system.o(i.SysDataInit) for SysDataInit
    main.o(i.SysSoftware_Init) refers to app_dsp_adau1452.o(i.DspInit) for DspInit
    main.o(i.SysSoftware_Init) refers to app_connect.o(i.Check_Uart) for Check_Uart
    main.o(i.main) refers to main.o(i.SysHardware_Init) for SysHardware_Init
    main.o(i.main) refers to main.o(i.SysSoftware_Init) for SysSoftware_Init
    main.o(i.main) refers to bsp.o(i.Bsp_Relocation_Int) for Bsp_Relocation_Int
    main.o(i.main) refers to bsp.o(i.FeedDog) for FeedDog
    main.o(i.main) refers to task.o(i.SCH_Task_Execute) for SCH_Task_Execute
    main.o(i.main) refers to app_lowpower.o(i.TASK_AccOff_Pro) for TASK_AccOff_Pro
    main.o(i.main) refers to app_connect.o(i.BT_DataRxPro) for BT_DataRxPro
    main.o(i.main) refers to app_arm.o(i.ArmDataRxPro) for ArmDataRxPro
    main.o(i.main) refers to mw_uart.o(i.UartTxData) for UartTxData
    main.o(i.main) refers to app_bt.o(.bss) for BtRxModuel
    main.o(i.main) refers to app_connect.o(.data) for Uart_CONNECT
    main.o(i.main) refers to main.o(.data) for flag
    bsp.o(i.Bsp_ADC_Init) refers to mw_adc.o(i.SysAdcInit) for SysAdcInit
    bsp.o(i.Bsp_Clock_Init) refers to sysinit.o(i.sysinit) for sysinit
    bsp.o(i.Bsp_FLASH_Init) refers to mw_flash.o(i.SysFlashInit) for SysFlashInit
    bsp.o(i.Bsp_GPIO_Init) refers to gpio.o(i.GPIO_DeInit) for GPIO_DeInit
    bsp.o(i.Bsp_GPIO_Init) refers to mw_gpio.o(i.GPIOInit) for GPIOInit
    bsp.o(i.Bsp_I2C_Init) refers to mw_i2c.o(i.I2C0Init) for I2C0Init
    bsp.o(i.Bsp_I2C_Init) refers to mw_i2c.o(i.I2C1Init) for I2C1Init
    bsp.o(i.Bsp_PIT_Init) refers to pit.o(i.PIT_Init) for PIT_Init
    bsp.o(i.Bsp_Relocation_Int) refers to arm_cm0.o(i.write_vtor) for write_vtor
    bsp.o(i.Bsp_SPI_Init) refers to mw_spi.o(i.SysSpiInit) for SysSpiInit
    bsp.o(i.Bsp_SysTick_Close) refers to systick.o(i.systick_disable) for systick_disable
    bsp.o(i.Bsp_SysTick_Init) refers to bsp.o(i.NVIC_SetPriority) for NVIC_SetPriority
    bsp.o(i.Bsp_UART_Init) refers to mw_uart.o(i.SysUartInit) for SysUartInit
    bsp.o(i.Bsp_WDOG_Init) refers to wdog.o(i.WDOG_Init) for WDOG_Init
    bsp.o(i.Bsp_WDOG_Init) refers to wdog.o(i.WDOG_Enable) for WDOG_Enable
    bsp.o(i.FeedDog) refers to wdog.o(i.WDOG_Feed) for WDOG_Feed
    interrupt.o(i.KBI0_IRQHandler) refers to sch_common.o(i.SysWaitMs) for SysWaitMs
    interrupt.o(i.SysTick_Handler) refers to aeabi_sdiv.o(.text) for __aeabi_uidivmod
    interrupt.o(i.SysTick_Handler) refers to system.o(.bss) for Sys
    interrupt.o(i.UART0_IRQHandler) refers to mw_uart.o(i.UART_IntSerive) for UART_IntSerive
    interrupt.o(i.UART1_IRQHandler) refers to mw_uart.o(i.UART_IntSerive) for UART_IntSerive
    interrupt.o(i.UART2_IRQHandler) refers to mw_uart.o(i.UART_IntSerive) for UART_IntSerive
    system.o(i.SysDataInit) refers to sch_common.o(i.sch_memset) for sch_memset
    system.o(i.SysDataInit) refers to mw_gpio.o(i.GPIO_ReadInputPin) for GPIO_ReadInputPin
    system.o(i.SysDataInit) refers to system.o(.bss) for Sys
    system.o(i.SysDataInit) refers to app_start.o(.data) for AccDetect
    system.o(i.SysDataInit) refers to app_power.o(.bss) for SysPower
    task.o(i.SCH_Task_Execute) refers to task.o(i.Task_4ms_Pro) for Task_4ms_Pro
    task.o(i.SCH_Task_Execute) refers to task.o(i.Task_8ms_Pro) for Task_8ms_Pro
    task.o(i.SCH_Task_Execute) refers to task.o(i.Task_16ms_Pro) for Task_16ms_Pro
    task.o(i.SCH_Task_Execute) refers to task.o(i.Task_100ms_Pro) for Task_100ms_Pro
    task.o(i.SCH_Task_Execute) refers to system.o(.bss) for Sys
    task.o(i.SCH_Task_Execute) refers to app_power.o(.bss) for SysPower
    task.o(i.Task_100ms_Pro) refers to app_updata.o(i.IAP_Pro) for IAP_Pro
    task.o(i.Task_100ms_Pro) refers to app_led.o(i.TASK_LED_pro) for TASK_LED_pro
    task.o(i.Task_100ms_Pro) refers to system.o(.bss) for Sys
    task.o(i.Task_16ms_Pro) refers to app_amp.o(i.TASK_Amp_Pro) for TASK_Amp_Pro
    task.o(i.Task_4ms_Pro) refers to app_voltage.o(i.TASK_Voltage_Det) for TASK_Voltage_Det
    task.o(i.Task_8ms_Pro) refers to app_arm.o(i.TASK_Arm_Pro) for TASK_Arm_Pro
[...]
    ClearMessage                             0x00006ee1   Thumb Code    16  sch_message.o(i.ClearMessage)
    ClrKeyInfo                               0x00006ef5   Thumb Code    38  app_panel.o(i.ClrKeyInfo)
    DSP_IO_Init                              0x00006f1b   Thumb Code    40  app_dsp_driver.o(i.DSP_IO_Init)
    DSP_TEST_Init                            0x00006f45   Thumb Code    22  mw_gpio.o(i.DSP_TEST_Init)
    Debug_CMD                                0x00006f61   Thumb Code   144  app_debug.o(i.Debug_CMD)
    DspDataInit                              0x00006ff1   Thumb Code    48  app_dsp_adau1452.o(i.DspDataInit)
    DspInit                                  0x00007021   Thumb Code    40  app_dsp_adau1452.o(i.DspInit)
    DspModeNameInit                          0x0000704d   Thumb Code    30  app_dsp_adau1452.o(i.DspModeNameInit)
    Dsp_Data_Reset                           0x00007075   Thumb Code    52  app_dsp_adau1452.o(i.Dsp_Data_Reset)
    Dsp_Delay                                0x000070ad   Thumb Code    70  app_dsp_adau1452.o(i.Dsp_Delay)
    Dsp_Delay_Init                           0x000070fd   Thumb Code    24  app_dsp_adau1452.o(i.Dsp_Delay_Init)
    Dsp_EQ_Direct                            0x00007119   Thumb Code   146  app_dsp_eq.o(i.Dsp_EQ_Direct)
    Dsp_EQ_Init                              0x000071b1   Thumb Code   192  app_dsp_eq.o(i.Dsp_EQ_Init)
    Dsp_EQ_Left_Req                          0x0000727d   Thumb Code   142  app_dsp_eq.o(i.Dsp_EQ_Left_Req)
    Dsp_EQ_Reset                             0x00007319   Thumb Code    90  app_dsp_eq.o(i.Dsp_EQ_Reset)
    Dsp_EQ_Right_Req                         0x0000737d   Thumb Code   142  app_dsp_eq.o(i.Dsp_EQ_Right_Req)
    Dsp_EQ_Set                               0x00007419   Thumb Code   348  app_dsp_eq.o(i.Dsp_EQ_Set)
    Dsp_File_TO_Flash                        0x00007589   Thumb Code   422  app_dspdata_access.o(i.Dsp_File_TO_Flash)
    Dsp_Filter_Init                          0x00007741   Thumb Code   162  app_dsp_filter.o(i.Dsp_Filter_Init)
    Dsp_Filter_Reset                         0x000077ed   Thumb Code    80  app_dsp_filter.o(i.Dsp_Filter_Reset)
    Dsp_Flash_TO_File                        0x00007841   Thumb Code    94  app_dspdata_access.o(i.Dsp_Flash_TO_File)
    Dsp_GEN_Filter                           0x000078a9   Thumb Code   986  app_dsp_filter.o(i.Dsp_GEN_Filter)
    Dsp_Info_Data                            0x00007c95   Thumb Code   458  app_dsp_readback.o(i.Dsp_Info_Data)
    Dsp_Info_Det                             0x00007e85   Thumb Code   210  app_dsp_readback.o(i.Dsp_Info_Det)
    Dsp_Load                                 0x00007f6d   Thumb Code    56  app_dspdata_access.o(i.Dsp_Load)
    Dsp_Load_Mode_Name                       0x00007fb1   Thumb Code    22  app_dspdata_access.o(i.Dsp_Load_Mode_Name)
    Dsp_Mix_Init                             0x00007fcd   Thumb Code    66  app_dsp_mix.o(i.Dsp_Mix_Init)
    Dsp_Mix_Input                            0x00008015   Thumb Code   112  app_dsp_mix.o(i.Dsp_Mix_Input)
    Dsp_Mix_Mixer                            0x00008095   Thumb Code   148  app_dsp_mix.o(i.Dsp_Mix_Mixer)
    Dsp_Mute                                 0x0000813d   Thumb Code    34  app_dsp_single_mute.o(i.Dsp_Mute)
    Dsp_Mute_A                               0x00008165   Thumb Code   118  app_dsp_single_mute.o(i.Dsp_Mute_A)
    Dsp_Mute_Direct                          0x000081e5   Thumb Code    34  app_dsp_single_mute.o(i.Dsp_Mute_Direct)
    Dsp_Mute_Init                            0x0000820d   Thumb Code    20  app_dsp_single_mute.o(i.Dsp_Mute_Init)
    Dsp_OFF                                  0x00008225   Thumb Code    82  app_dsp_adau1452.o(i.Dsp_OFF)
    Dsp_ON                                   0x0000827d   Thumb Code    28  app_dsp_adau1452.o(i.Dsp_ON)
    Dsp_OutPutChl                            0x0000829d   Thumb Code    58  app_dsp_adau1452.o(i.Dsp_OutPutChl)
    Dsp_OutPutChl_Init                       0x000082e1   Thumb Code    18  app_dsp_adau1452.o(i.Dsp_OutPutChl_Init)
    Dsp_PowerOnInit                          0x000082f9   Thumb Code   154  app_dsp_adau1452.o(i.Dsp_PowerOnInit)
    Dsp_ReName                               0x00008399   Thumb Code    30  app_dsp_adau1452.o(i.Dsp_ReName)
    Dsp_ReName_Init                          0x000083bd   Thumb Code    34  app_dsp_adau1452.o(i.Dsp_ReName_Init)
    Dsp_Single                               0x000083e9   Thumb Code   118  app_dsp_single_mute.o(i.Dsp_Single)
    Dsp_Single_A                             0x00008465   Thumb Code   146  app_dsp_single_mute.o(i.Dsp_Single_A)
    Dsp_Single_Init                          0x00008511   Thumb Code    44  app_dsp_single_mute.o(i.Dsp_Single_Init)
    Dsp_SlowCloseSingle                      0x00008541   Thumb Code   206  app_dsp_single_mute.o(i.Dsp_SlowCloseSingle)
    Dsp_Store                                0x00008625   Thumb Code    48  app_dspdata_access.o(i.Dsp_Store)
    Dsp_StoreLoadPro                         0x00008661   Thumb Code   476  app_dspdata_access.o(i.Dsp_StoreLoadPro)
    Dsp_Store_Mode_Name                      0x00008845   Thumb Code    22  app_dspdata_access.o(i.Dsp_Store_Mode_Name)
    Dsp_TestMode                             0x00008861   Thumb Code   120  app_dsp_adau1452.o(i.Dsp_TestMode)
    Dsp_Unite                                0x000088e1   Thumb Code   178  app_dsp_adau1452.o(i.Dsp_Unite)
    Dsp_Updata                               0x0000899d   Thumb Code   292  app_dsp_adau1452.o(i.Dsp_Updata)
    Dsp_VolUpdate                            0x00008ad1   Thumb Code   108  app_dsp_single_mute.o(i.Dsp_VolUpdate)
    EQ_Algorithm                             0x00008b41   Thumb Code   536  app_dsp_eq.o(i.EQ_Algorithm)
    EmergencyPowerDown                       0x00008d7d   Thumb Code    20  app_voltage.o(i.EmergencyPowerDown)
    EnterPowerOff                            0x00008d91   Thumb Code   104  app_power.o(i.EnterPowerOff)
    Eprom_IO_Init                            0x00008e05   Thumb Code    18  app_eprom.o(i.Eprom_IO_Init)
    Eprom_RD_Data                            0x00008e17   Thumb Code    84  app_eprom.o(i.Eprom_RD_Data)
    Eprom_WR_Command                         0x00008e6b   Thumb Code    56  app_eprom.o(i.Eprom_WR_Command)
    Eprom_WR_Data                            0x00008ea3   Thumb Code    82  app_eprom.o(i.Eprom_WR_Data)
    Eprom_WR_Order                           0x00008ef5   Thumb Code    26  app_eprom.o(i.Eprom_WR_Order)
    ExchangeTwoVariable_U8                   0x00008f0f   Thumb Code    26  sch_common.o(i.ExchangeTwoVariable_U8)
    FEI_to_FBE_OSC                           0x00008f29   Thumb Code   112  ics.o(i.FEI_to_FBE_OSC)
    FEI_to_FEE                               0x00008f9d   Thumb Code    84  ics.o(i.FEI_to_FEE)
    FEI_to_FEE_OSC                           0x00008ff5   Thumb Code    84  ics.o(i.FEI_to_FEE_OSC)
    FLASH_EraseSector                        0x0000904d   Thumb Code   134  flash.o(i.FLASH_EraseSector)
    FLASH_Init                               0x000090dd   Thumb Code   130  flash.o(i.FLASH_Init)
    FLASH_LaunchCMD                          0x0000916d   Thumb Code    40  flash.o(i.FLASH_LaunchCMD)
    FLASH_Program1LongWord                   0x0000919d   Thumb Code   162  flash.o(i.FLASH_Program1LongWord)
    FLASH_Program2LongWords                  0x00009249   Thumb Code   190  flash.o(i.FLASH_Program2LongWords)
    FeedDog                                  0x00009311   Thumb Code     8  bsp.o(i.FeedDog)
    Filter_1st_Order_Butterworth             0x00009319   Thumb Code   442  app_dsp_filter.o(i.Filter_1st_Order_Butterworth)
    Filter_2st_Order_Bessel                  0x000094e5   Thumb Code   654  app_dsp_filter.o(i.Filter_2st_Order_Bessel)
    Filter_2st_Order_Butterworth             0x00009789   Thumb Code   656  app_dsp_filter.o(i.Filter_2st_Order_Butterworth)
    Filter_Bypassed                          0x00009a29   Thumb Code    38  app_dsp_filter.o(i.Filter_Bypassed)
    Filter_Higher_Order_Butterworth          0x00009a55   Thumb Code   728  app_dsp_filter.o(i.Filter_Higher_Order_Butterworth)
    Flash_Dsp_RD                             0x00009d41   Thumb Code   392  app_eprom.o(i.Flash_Dsp_RD)
    Flash_Dsp_WR                             0x00009ecd   Thumb Code   486  app_eprom.o(i.Flash_Dsp_WR)
    Flash_Erase                              0x0000a0bd   Thumb Code    22  mw_flash.o(i.Flash_Erase)
    Flash_Get_DspNum                         0x0000a0d5   Thumb Code    28  app_dsp_adau1452.o(i.Flash_Get_DspNum)
    Flash_Program_U8                         0x0000a0f5   Thumb Code   200  mw_flash.o(i.Flash_Program_U8)
    Flash_Quick_RD                           0x0000a1bd   Thumb Code    24  mw_flash.o(i.Flash_Quick_RD)
    Flash_Quick_RD_U8                        0x0000a1d5   Thumb Code    36  mw_flash.o(i.Flash_Quick_RD_U8)
    Flash_Quick_WR                           0x0000a1f9   Thumb Code    30  mw_flash.o(i.Flash_Quick_WR)
    Flash_Quick_WR_U8                        0x0000a217   Thumb Code    34  mw_flash.o(i.Flash_Quick_WR_U8)
    Flash_RD_State_Clear                     0x0000a239   Thumb Code     8  app_eprom.o(i.Flash_RD_State_Clear)
    Flash_Read                               0x0000a245   Thumb Code    22  mw_flash.o(i.Flash_Read)
    Flash_Set_DspNum                         0x0000a25d   Thumb Code    14  app_dsp_adau1452.o(i.Flash_Set_DspNum)
    Flash_WR_State_Clear                     0x0000a271   Thumb Code     8  app_eprom.o(i.Flash_WR_State_Clear)
    Flash_Write                              0x0000a27d   Thumb Code    26  mw_flash.o(i.Flash_Write)
    GPIOInit                                 0x0000a297   Thumb Code    48  mw_gpio.o(i.GPIOInit)
    GPIO_DeInit                              0x0000a2c7   Thumb Code    20  gpio.o(i.GPIO_DeInit)
    GPIO_Init                                0x0000a2dd   Thumb Code   338  gpio.o(i.GPIO_Init)
    GPIO_PinClear                            0x0000a43d   Thumb Code    58  gpio.o(i.GPIO_PinClear)
    GPIO_PinInit                             0x0000a47d   Thumb Code   816  gpio.o(i.GPIO_PinInit)
    GPIO_PinSet                              0x0000a7b5   Thumb Code    58  gpio.o(i.GPIO_PinSet)
    GPIO_ReadInputPin                        0x0000a7f5   Thumb Code    54  mw_gpio.o(i.GPIO_ReadInputPin)
    GetCheckData_Xor                         0x0000a831   Thumb Code    26  sch_common.o(i.GetCheckData_Xor)
    GetMax                                   0x0000a84b   Thumb Code    14  sch_common.o(i.GetMax)
    GetMessage                               0x0000a859   Thumb Code    22  sch_message.o(i.GetMessage)
    GetMin                                   0x0000a875   Thumb Code    14  sch_common.o(i.GetMin)
    Get_Uart_Choose                          0x0000a883   Thumb Code    26  app_connect.o(i.Get_Uart_Choose)
    I2C1Out8Bit                              0x0000a89d   Thumb Code   156  mw_i2c.o(i.I2C1Out8Bit)
    I2C1Start                                0x0000a93d   Thumb Code    66  mw_i2c.o(i.I2C1Start)
    I2C1Stop                                 0x0000a985   Thumb Code   104  mw_i2c.o(i.I2C1Stop)
    I2C1_IsFindAddr                          0x0000a9f1   Thumb Code    60  mw_i2c.o(i.I2C1_IsFindAddr)
    I2C1_Tx                                  0x0000aa2d   Thumb Code    68  mw_i2c.o(i.I2C1_Tx)
    I2CWait                                  0x0000aa71   Thumb Code    98  mw_i2c.o(i.I2CWait)
    IAP_Pro                                  0x0000aad3   Thumb Code    44  app_updata.o(i.IAP_Pro)
    ICS_Init                                 0x0000ab01   Thumb Code    96  ics.o(i.ICS_Init)
    ICS_SetClkDivider                        0x0000ab65   Thumb Code   136  ics.o(i.ICS_SetClkDivider)
    ICS_Trim                                 0x0000abf9   Thumb Code    38  ics.o(i.ICS_Trim)
    IRQ_IRQHandler                           0x0000ac25   Thumb Code    14  interrupt.o(i.IRQ_IRQHandler)
    In_IapMode                               0x0000ac39   Thumb Code    12  app_updata.o(i.In_IapMode)
    Is_PASSWORD                              0x0000ac49   Thumb Code    50  app_bt.o(i.Is_PASSWORD)
    KBI0_IRQHandler                          0x0000ac81   Thumb Code    74  interrupt.o(i.KBI0_IRQHandler)
    KBI_DeInit                               0x0000acd1   Thumb Code    70  kbi.o(i.KBI_DeInit)
    KBI_Init                                 0x0000ad21   Thumb Code   402  kbi.o(i.KBI_Init)
    KeyScan                                  0x0000aecd   Thumb Code   142  app_panel.o(i.KeyScan)
    KeyTimer                                 0x0000af5b   Thumb Code   106  app_panel.o(i.KeyTimer)
    LED_Ctl                                  0x0000afc5   Thumb Code    24  app_led.o(i.LED_Ctl)
    LED_IO_Init                              0x0000afdd   Thumb Code    12  app_led.o(i.LED_IO_Init)
    LimitMaxMin                              0x0000afe9   Thumb Code    32  sch_common.o(i.LimitMaxMin)
    M2A_TxService                            0x0000b009   Thumb Code   640  app_arm.o(i.M2A_TxService)
    M2B_TxService                            0x0000b295   Thumb Code  2134  app_bt.o(i.M2B_TxService)
    MUTE_Ctl                                 0x0000baf5   Thumb Code    78  app_mute.o(i.MUTE_Ctl)
    OSC_Init                                 0x0000bc9d   Thumb Code   102  ics.o(i.OSC_Init)
    PMC_SetMode                              0x0000bd09   Thumb Code    70  pmc.o(i.PMC_SetMode)
    PWR_IO_Init                              0x0000bd4f   Thumb Code    12  mw_gpio.o(i.PWR_IO_Init)
    PostKeyCode                              0x0000bd5d   Thumb Code   158  app_panel.o(i.PostKeyCode)
    PostMessage                              0x0000be19   Thumb Code    30  sch_message.o(i.PostMessage)
    PowerMessage                             0x0000be3d   Thumb Code   146  app_power.o(i.PowerMessage)
    PowerOffSystemModule                     0x0000bedd   Thumb Code    10  app_power.o(i.PowerOffSystemModule)
    PowerOnSystemModule                      0x0000bee9   Thumb Code    48  app_power.o(i.PowerOnSystemModule)
    Queue_Cnt                                0x0000bf1d   Thumb Code     6  sch_queue.o(i.Queue_Cnt)
    Queue_In                                 0x0000bf23   Thumb Code    94  sch_queue.o(i.Queue_In)
    Queue_Init                               0x0000bf81   Thumb Code    30  sch_queue.o(i.Queue_Init)
    Queue_Out                                0x0000bf9f   Thumb Code    90  sch_queue.o(i.Queue_Out)
    ResetIO                                  0x0000bff9   Thumb Code    38  app_lowpower.o(i.ResetIO)
    SCH_Task_Execute                         0x0000c025   Thumb Code   142  task.o(i.SCH_Task_Execute)
    SIGMASTUDIOTYPE                          0x0000c0bd   Thumb Code    62  app_dsp_adau1452.o(i.SIGMASTUDIOTYPE)
    SIGMA_READ                               0x0000c101   Thumb Code    72  app_dsp_driver.o(i.SIGMA_READ)
    SIGMA_SAFELOAD_WRITE_REGISTER            0x0000c149   Thumb Code    96  app_dsp_driver.o(i.SIGMA_SAFELOAD_WRITE_REGISTER)
    SIGMA_WRITE                              0x0000c1ad   Thumb Code    76  app_dsp_driver.o(i.SIGMA_WRITE)
    SIGMA_WRITE_DELAY                        0x0000c1f9   Thumb Code    60  app_dsp_driver.o(i.SIGMA_WRITE_DELAY)
    SIGMA_WRITE_REGISTER_BLOCK               0x0000c235   Thumb Code    78  app_dsp_driver.o(i.SIGMA_WRITE_REGISTER_BLOCK)
    SIM_Init                                 0x0000c285   Thumb Code   200  sim.o(i.SIM_Init)
    SPI0_IRQHandler                          0x0000c351   Thumb Code     2  interrupt.o(i.SPI0_IRQHandler)
    SPI1_IRQHandler                          0x0000c353   Thumb Code     2  interrupt.o(i.SPI1_IRQHandler)
    SPI_DeInit                               0x0000c355   Thumb Code    26  spi.o(i.SPI_DeInit)
    SPI_Init                                 0x0000c371   Thumb Code   442  spi.o(i.SPI_Init)
    SPI_RW                                   0x0000c555   Thumb Code    62  mw_spi.o(i.SPI_RW)
    SPI_SetBaudRate                          0x0000c599   Thumb Code   106  spi.o(i.SPI_SetBaudRate)
    SYS_Power_Ctl                            0x0000c621   Thumb Code    52  mw_gpio.o(i.SYS_Power_Ctl)
    Set_PASSWORD                             0x0000c659   Thumb Code    16  app_bt.o(i.Set_PASSWORD)
    Set_Uart_Choose                          0x0000c669   Thumb Code    14  app_connect.o(i.Set_Uart_Choose)
    SpiBufInit                               0x0000c679   Thumb Code    36  mw_spi.o(i.SpiBufInit)
    Start_Detect                             0x0000c6a1   Thumb Code   196  app_start.o(i.Start_Detect)
    Start_IO_Init                            0x0000c769   Thumb Code    12  app_start.o(i.Start_IO_Init)
    SysAdcExit                               0x0000c775   Thumb Code    10  mw_adc.o(i.SysAdcExit)
    SysAdcInit                               0x0000c785   Thumb Code    32  mw_adc.o(i.SysAdcInit)
    SysDataInit                              0x0000c7a9   Thumb Code   108  system.o(i.SysDataInit)
    SysFlashInit                             0x0000c821   Thumb Code    10  mw_flash.o(i.SysFlashInit)
    SysHardware_Init                         0x0000c831   Thumb Code    36  main.o(i.SysHardware_Init)
    SysLowPowerExit                          0x0000c855   Thumb Code    24  app_lowpower.o(i.SysLowPowerExit)
    SysLowPowerInit                          0x0000c86d   Thumb Code    50  app_lowpower.o(i.SysLowPowerInit)
    SysSoftware_Init                         0x0000c89f   Thumb Code    16  main.o(i.SysSoftware_Init)
    SysSpiExit                               0x0000c8b1   Thumb Code   160  mw_spi.o(i.SysSpiExit)
    SysSpiInit                               0x0000c961   Thumb Code   242  mw_spi.o(i.SysSpiInit)
    SysTick_Handler                          0x0000ca65   Thumb Code   140  interrupt.o(i.SysTick_Handler)
    SysUartExit                              0x0000caf9   Thumb Code   204  mw_uart.o(i.SysUartExit)
    SysUartInit                              0x0000cbd9   Thumb Code   190  mw_uart.o(i.SysUartInit)
    SysWait1Us                               0x0000ccad   Thumb Code    28  sch_common.o(i.SysWait1Us)
    SysWaitMs                                0x0000ccc9   Thumb Code    24  sch_common.o(i.SysWaitMs)
    SysWaitUs                                0x0000cce1   Thumb Code    20  sch_common.o(i.SysWaitUs)
    SysWakeUpExit_FromACC                    0x0000ccf5   Thumb Code    44  app_lowpower.o(i.SysWakeUpExit_FromACC)
    SysWakeUpExit_FromKBI                    0x0000cd29   Thumb Code    10  app_lowpower.o(i.SysWakeUpExit_FromKBI)
    SysWakeUpExit_FromRTC                    0x0000cd39   Thumb Code     2  app_lowpower.o(i.SysWakeUpExit_FromRTC)
    SysWakeUpInit_FromACC                    0x0000cd3d   Thumb Code    46  app_lowpower.o(i.SysWakeUpInit_FromACC)
    SysWakeUpInit_FromKBI                    0x0000cd79   Thumb Code   118  app_lowpower.o(i.SysWakeUpInit_FromKBI)
    SysWakeUpInit_FromRTC                    0x0000cdf5   Thumb Code     2  app_lowpower.o(i.SysWakeUpInit_FromRTC)
    SystemInit                               0x0000cdf9   Thumb Code    90  system_skeaz1284.o(i.SystemInit)
    SystemPowerUp                            0x0000ce69   Thumb Code    72  app_power.o(i.SystemPowerUp)
    TASK_AccOff_Pro                          0x0000ceb1   Thumb Code   218  app_lowpower.o(i.TASK_AccOff_Pro)
    TASK_Amp_Pro                             0x0000cf95   Thumb Code   106  app_amp.o(i.TASK_Amp_Pro)
    TASK_Arm_Pro                             0x0000d005   Thumb Code   104  app_arm.o(i.TASK_Arm_Pro)
    TASK_Bt_Pro                              0x0000d075   Thumb Code   146  app_bt.o(i.TASK_Bt_Pro)
    TASK_Dsp_Pro                             0x0000d115   Thumb Code    28  app_dsp_adau1452.o(i.TASK_Dsp_Pro)
    TASK_Eeprom_Pro                          0x0000d131   Thumb Code     2  app_eprom.o(i.TASK_Eeprom_Pro)
    TASK_Key_Pro                             0x0000d135   Thumb Code    26  app_panel.o(i.TASK_Key_Pro)
    TASK_LED_pro                             0x0000d159   Thumb Code    96  app_led.o(i.TASK_LED_pro)
    TASK_Power_Pro                           0x0000d1c1   Thumb Code   620  app_power.o(i.TASK_Power_Pro)
    TASK_Voltage_Det                         0x0000d43d   Thumb Code   284  app_voltage.o(i.TASK_Voltage_Det)
    TDF8541Init                              0x0000d565   Thumb Code    28  app_tdf8541.o(i.TDF8541Init)
    TDF8541_AmpMute                          0x0000d589   Thumb Code    60  app_tdf8541.o(i.TDF8541_AmpMute)
    Task_100ms_Pro                           0x0000d5cd   Thumb Code    24  task.o(i.Task_100ms_Pro)
    Task_16ms_Pro                            0x0000d5e9   Thumb Code     8  task.o(i.Task_16ms_Pro)
    Task_4ms_Pro                             0x0000d5f1   Thumb Code     8  task.o(i.Task_4ms_Pro)
    Task_8ms_Pro                             0x0000d5f9   Thumb Code    32  task.o(i.Task_8ms_Pro)
    UART0_IRQHandler                         0x0000d619   Thumb Code    10  interrupt.o(i.UART0_IRQHandler)
    UART1_IRQHandler                         0x0000d623   Thumb Code    10  interrupt.o(i.UART1_IRQHandler)
    UART2_IRQHandler                         0x0000d62d   Thumb Code    10  interrupt.o(i.UART2_IRQHandler)
    UART_CheckFlag                           0x0000d637   Thumb Code    24  uart.o(i.UART_CheckFlag)
    UART_DisableInterrupt                    0x0000d64f   Thumb Code   112  uart.o(i.UART_DisableInterrupt)
    UART_EnableInterrupt                     0x0000d6bf   Thumb Code   112  uart.o(i.UART_EnableInterrupt)
    UART_GetChar                             0x0000d72f   Thumb Code    18  uart.o(i.UART_GetChar)
    UART_GetFlags                            0x0000d741   Thumb Code    16  uart.o(i.UART_GetFlags)
    UART_Init                                0x0000d751   Thumb Code   128  uart.o(i.UART_Init)
    UART_IntSerive                           0x0000d7dd   Thumb Code    80  mw_uart.o(i.UART_IntSerive)
    UART_PutChar                             0x0000d831   Thumb Code    16  uart.o(i.UART_PutChar)
    USB_IO_Init                              0x0000d841   Thumb Code    28  mw_gpio.o(i.USB_IO_Init)
    UartBufCnt                               0x0000d85d   Thumb Code    32  mw_uart.o(i.UartBufCnt)
    UartBufInit                              0x0000d881   Thumb Code    36  mw_uart.o(i.UartBufInit)
    UartGetFromBuf                           0x0000d8a9   Thumb Code    42  mw_uart.o(i.UartGetFromBuf)
    UartPutToBuf                             0x0000d8d9   Thumb Code    42  mw_uart.o(i.UartPutToBuf)
    UartRxCnt                                0x0000d909   Thumb Code    14  mw_uart.o(i.UartRxCnt)
    UartRxData                               0x0000d917   Thumb Code    22  mw_uart.o(i.UartRxData)
    UartSendData8                            0x0000d92d   Thumb Code    20  mw_uart.o(i.UartSendData8)
    UartTxCnt                                0x0000d945   Thumb Code    14  mw_uart.o(i.UartTxCnt)
    UartTxData                               0x0000d953   Thumb Code    72  mw_uart.o(i.UartTxData)
    UartTxIntDis                             0x0000d99d   Thumb Code    18  mw_uart.o(i.UartTxIntDis)
    UartTxIntEn                              0x0000d9b5   Thumb Code    18  mw_uart.o(i.UartTxIntEn)
    Uart_Rx_DataPro                          0x0000d9cd   Thumb Code    18  mw_uart.o(i.Uart_Rx_DataPro)
    Uart_Tx_DataPro                          0x0000d9df   Thumb Code    58  mw_uart.o(i.Uart_Tx_DataPro)
    Vol_Ctl                                  0x0000da19   Thumb Code    34  app_dsp_single_mute.o(i.Vol_Ctl)
    WDOG_Enable                              0x0000da45   Thumb Code    24  wdog.o(i.WDOG_Enable)
    WDOG_Feed                                0x0000da69   Thumb Code    16  wdog.o(i.WDOG_Feed)
    WDOG_Init                                0x0000da85   Thumb Code   168  wdog.o(i.WDOG_Init)
    __ARM_common_ll_muluu                    0x0000db39   Thumb Code    50  rred.o(i.__ARM_common_ll_muluu)
    __ARM_common_switch8                     0x0000db6b   Thumb Code    28  app_power.o(i.__ARM_common_switch8)
    __ARM_fpclassify                         0x0000db89   Thumb Code    40  fpclassify.o(i.__ARM_fpclassify)
    __ieee754_rem_pio2                       0x0000dbb5   Thumb Code   838  rred.o(i.__ieee754_rem_pio2)
    __kernel_cos                             0x0000df51   Thumb Code   224  cos_i.o(i.__kernel_cos)
    __kernel_poly                            0x0000e045   Thumb Code   172  poly.o(i.__kernel_poly)
    __kernel_sin                             0x0000e0f1   Thumb Code   222  sin_i.o(i.__kernel_sin)
    __mathlib_dbl_divzero                    0x0000e1dd   Thumb Code    16  dunder.o(i.__mathlib_dbl_divzero)
    __mathlib_dbl_infnan                     0x0000e1f1   Thumb Code    10  dunder.o(i.__mathlib_dbl_infnan)
    __mathlib_dbl_infnan2                    0x0000e1fb   Thumb Code     8  dunder.o(i.__mathlib_dbl_infnan2)
    __mathlib_dbl_invalid                    0x0000e203   Thumb Code    16  dunder.o(i.__mathlib_dbl_invalid)
    __mathlib_dbl_overflow                   0x0000e215   Thumb Code    16  dunder.o(i.__mathlib_dbl_overflow)
    __mathlib_dbl_underflow                  0x0000e229   Thumb Code    14  dunder.o(i.__mathlib_dbl_underflow)
    cos                                      0x0000e23d   Thumb Code   142  cos.o(i.cos)
    default_download_IC_1                    0x0000e2d5   Thumb Code   892  app_dsp_adau1452.o(i.default_download_IC_1)
    main                                     0x0000e779   Thumb Code    80  main.o(i.main)
    pow                                      0x0000e7e9   Thumb Code  2548  pow.o(i.pow)
    sch_compare                              0x0000f1e5   Thumb Code    40  sch_common.o(i.sch_compare)
    sch_memcpy                               0x0000f20d   Thumb Code    28  sch_common.o(i.sch_memcpy)
    sch_memset                               0x0000f229   Thumb Code    22  sch_common.o(i.sch_memset)
    sin                                      0x0000f241   Thumb Code   146  sin.o(i.sin)
    sqrt                                     0x0000f2dd   Thumb Code    66  sqrt.o(i.sqrt)
    stop                                     0x0000f325   Thumb Code    16  arm_cm0.o(i.stop)
    sysinit                                  0x0000f339   Thumb Code   118  sysinit.o(i.sysinit)
    systick_disable                          0x0000f3bd   Thumb Code    14  systick.o(i.systick_disable)
    u8_TO_u32                                0x0000f3d1   Thumb Code    34  mw_flash.o(i.u8_TO_u32)
    wait                                     0x0000f3f5   Thumb Code    16  arm_cm0.o(i.wait)
    write_vtor                               0x0000f409   Thumb Code     6  arm_cm0.o(i.write_vtor)
    __aeabi_cdcmpeq                          0x0000f415   Thumb Code     0  deqf.o(x$fpl$deqf)
    _dcmpeq                                  0x0000f415   Thumb Code    94  deqf.o(x$fpl$deqf)
    __aeabi_cdcmple                          0x0000f479   Thumb Code     0  dlef.o(x$fpl$dleqf)
    _dcmple                                  0x0000f479   Thumb Code    94  dlef.o(x$fpl$dleqf)
    __aeabi_cdrcmple                         0x0000f4dd   Thumb Code     0  drlef.o(x$fpl$drleqf)
    _drcmple                                 0x0000f4dd   Thumb Code   100  drlef.o(x$fpl$drleqf)
    UartBufAddr                              0x0000f544   Data          32  mw_uart.o(.constdata)
    __I$use$fp                               0x0000f544   Number         0  usenofp.o(x$fpl$usenofp)
    VoltageTable                             0x0000f564   Data          16  app_voltage.o(.constdata)
    AmpChipAddr                              0x0000f574   Data           4  app_amp.o(.constdata)
    AmpDllLoader                             0x0000f578   Data          16  app_amp.o(.constdata)
    DefaultPassword                          0x0000f588   Data           6  app_bt.o(.constdata)
    DM1_DATA_Data_IC_1                       0x0000f590   Data       33184  app_dsp_adau1452.o(.constdata)
    Program_Data_IC_1                        0x00017730   Data        9932  app_dsp_adau1452.o(.constdata)
    Param_Data_IC_1                          0x00019dfc   Data       11316  app_dsp_adau1452.o(.constdata)
    R0_SOFT_RESET_IC_1_Default               0x0001ca30   Data           2  app_dsp_adau1452.o(.constdata)
    R1_SOFT_RESET_IC_1_Default               0x0001ca32   Data           2  app_dsp_adau1452.o(.constdata)
    R2_RESET_DELAY_IC_1_Default              0x0001ca34   Data           2  app_dsp_adau1452.o(.constdata)
    R3_HIBERNATE_IC_1_Default                0x0001ca36   Data           2  app_dsp_adau1452.o(.constdata)
    R4_HIBERNATE_IC_1_Default                0x0001ca38   Data           2  app_dsp_adau1452.o(.constdata)
    R5_HIBERNATE_DELAY_IC_1_Default          0x0001ca3a   Data           2  app_dsp_adau1452.o(.constdata)
    R6_KILL_CORE_IC_1_Default                0x0001ca3c   Data           2  app_dsp_adau1452.o(.constdata)
    R7_KILL_CORE_IC_1_Default                0x0001ca3e   Data           2  app_dsp_adau1452.o(.constdata)
    R8_PLL_ENABLE_IC_1_Default               0x0001ca40   Data           2  app_dsp_adau1452.o(.constdata)
    R9_PLL_CTRL0_IC_1_Default                0x0001ca42   Data           2  app_dsp_adau1452.o(.constdata)
    R10_PLL_CTRL1_IC_1_Default               0x0001ca44   Data           2  app_dsp_adau1452.o(.constdata)
    R11_PLL_CLK_SRC_IC_1_Default             0x0001ca46   Data           2  app_dsp_adau1452.o(.constdata)
    R12_MCLK_OUT_IC_1_Default                0x0001ca48   Data           2  app_dsp_adau1452.o(.constdata)
    R13_PLL_ENABLE_IC_1_Default              0x0001ca4a   Data           2  app_dsp_adau1452.o(.constdata)
    R14_PLL_LOCK_DELAY_IC_1_Default          0x0001ca4c   Data           2  app_dsp_adau1452.o(.constdata)
    R15_POWER_ENABLE0_IC_1_Default           0x0001ca4e   Data           2  app_dsp_adau1452.o(.constdata)
    R16_POWER_ENABLE1_IC_1_Default           0x0001ca50   Data           2  app_dsp_adau1452.o(.constdata)
    R17_ASRC_INPUT0_IC_1_Default             0x0001ca52   Data           2  app_dsp_adau1452.o(.constdata)
    R18_ASRC_OUT_RATE0_IC_1_Default          0x0001ca54   Data           2  app_dsp_adau1452.o(.constdata)
    R19_SOUT_SOURCE0_IC_1_Default            0x0001ca56   Data           2  app_dsp_adau1452.o(.constdata)
    R20_SOUT_SOURCE1_IC_1_Default            0x0001ca58   Data           2  app_dsp_adau1452.o(.constdata)
    R21_SOUT_SOURCE2_IC_1_Default            0x0001ca5a   Data           2  app_dsp_adau1452.o(.constdata)
    R22_SOUT_SOURCE3_IC_1_Default            0x0001ca5c   Data           2  app_dsp_adau1452.o(.constdata)
    R23_SOUT_SOURCE4_IC_1_Default            0x0001ca5e   Data           2  app_dsp_adau1452.o(.constdata)
    R24_SOUT_SOURCE5_IC_1_Default            0x0001ca60   Data           2  app_dsp_adau1452.o(.constdata)
    R25_SOUT_SOURCE6_IC_1_Default            0x0001ca62   Data           2  app_dsp_adau1452.o(.constdata)
    R26_SOUT_SOURCE7_IC_1_Default            0x0001ca64   Data           2  app_dsp_adau1452.o(.constdata)
    R27_SOUT_SOURCE8_IC_1_Default            0x0001ca66   Data           2  app_dsp_adau1452.o(.constdata)
    R28_SOUT_SOURCE9_IC_1_Default            0x0001ca68   Data           2  app_dsp_adau1452.o(.constdata)
    R29_SOUT_SOURCE10_IC_1_Default           0x0001ca6a   Data           2  app_dsp_adau1452.o(.constdata)
    R30_SOUT_SOURCE11_IC_1_Default           0x0001ca6c   Data           2  app_dsp_adau1452.o(.constdata)
    R31_SOUT_SOURCE12_IC_1_Default           0x0001ca6e   Data           2  app_dsp_adau1452.o(.constdata)
    R32_SOUT_SOURCE13_IC_1_Default           0x0001ca70   Data           2  app_dsp_adau1452.o(.constdata)
    R33_SOUT_SOURCE14_IC_1_Default           0x0001ca72   Data           2  app_dsp_adau1452.o(.constdata)
    R34_SOUT_SOURCE15_IC_1_Default           0x0001ca74   Data           2  app_dsp_adau1452.o(.constdata)
    R35_SOUT_SOURCE16_IC_1_Default           0x0001ca76   Data           2  app_dsp_adau1452.o(.constdata)
    R36_SOUT_SOURCE17_IC_1_Default           0x0001ca78   Data           2  app_dsp_adau1452.o(.constdata)
    R37_SOUT_SOURCE18_IC_1_Default           0x0001ca7a   Data           2  app_dsp_adau1452.o(.constdata)
    R38_SOUT_SOURCE19_IC_1_Default           0x0001ca7c   Data           2  app_dsp_adau1452.o(.constdata)
    R39_SOUT_SOURCE20_IC_1_Default           0x0001ca7e   Data           2  app_dsp_adau1452.o(.constdata)
    R40_SOUT_SOURCE21_IC_1_Default           0x0001ca80   Data           2  app_dsp_adau1452.o(.constdata)
    R41_SOUT_SOURCE22_IC_1_Default           0x0001ca82   Data           2  app_dsp_adau1452.o(.constdata)
    R42_SOUT_SOURCE23_IC_1_Default           0x0001ca84   Data           2  app_dsp_adau1452.o(.constdata)
    R43_SPDIFTX_INPUT_IC_1_Default           0x0001ca86   Data           2  app_dsp_adau1452.o(.constdata)
    R44_SERIAL_BYTE_0_0_IC_1_Default         0x0001ca88   Data           2  app_dsp_adau1452.o(.constdata)
    R45_SERIAL_BYTE_1_0_IC_1_Default         0x0001ca8a   Data           2  app_dsp_adau1452.o(.constdata)
    R46_SERIAL_BYTE_2_0_IC_1_Default         0x0001ca8c   Data           2  app_dsp_adau1452.o(.constdata)
    R47_SERIAL_BYTE_3_0_IC_1_Default         0x0001ca8e   Data           2  app_dsp_adau1452.o(.constdata)
    R48_SERIAL_BYTE_4_0_IC_1_Default         0x0001ca90   Data           2  app_dsp_adau1452.o(.constdata)
    R49_SERIAL_BYTE_5_0_IC_1_Default         0x0001ca92   Data           2  app_dsp_adau1452.o(.constdata)
    R50_SERIAL_BYTE_6_0_IC_1_Default         0x0001ca94   Data           2  app_dsp_adau1452.o(.constdata)
    R51_SERIAL_BYTE_7_0_IC_1_Default         0x0001ca96   Data           2  app_dsp_adau1452.o(.constdata)
    R52_SPDIF_RX_CTRL_IC_1_Default           0x0001ca98   Data           2  app_dsp_adau1452.o(.constdata)
    R53_SPDIF_RESTART_IC_1_Default           0x0001ca9a   Data           2  app_dsp_adau1452.o(.constdata)
    R54_SPDIF_TX_EN_IC_1_Default             0x0001ca9c   Data           2  app_dsp_adau1452.o(.constdata)
    R55_SPDIF_TX_CTRL_IC_1_Default           0x0001ca9e   Data           2  app_dsp_adau1452.o(.constdata)
    R59_KILL_CORE_IC_1_Default               0x0001caa0   Data           2  app_dsp_adau1452.o(.constdata)
    R60_START_ADDRESS_IC_1_Default           0x0001caa2   Data           2  app_dsp_adau1452.o(.constdata)
    R61_START_PULSE_IC_1_Default             0x0001caa4   Data           2  app_dsp_adau1452.o(.constdata)
    R62_START_CORE_IC_1_Default              0x0001caa6   Data           2  app_dsp_adau1452.o(.constdata)
    R63_START_CORE_IC_1_Default              0x0001caa8   Data           2  app_dsp_adau1452.o(.constdata)
    R64_START_DELAY_IC_1_Default             0x0001caaa   Data           2  app_dsp_adau1452.o(.constdata)
    R65_HIBERNATE_IC_1_Default               0x0001caac   Data           2  app_dsp_adau1452.o(.constdata)
    Fs                                       0x0001cab0   Data           8  app_dsp_adau1452.o(.constdata)
    pi                                       0x0001cab8   Data           8  app_dsp_adau1452.o(.constdata)
    Delay_addr                               0x0001cac0   Data          18  app_dsp_adau1452.o(.constdata)
    OutPutChl_addr                           0x0001cad2   Data          18  app_dsp_adau1452.o(.constdata)
    Default_ReName                           0x0001cae4   Data          72  app_dsp_adau1452.o(.constdata)
    SpiBufAddr                               0x0001cb2c   Data          16  mw_spi.o(.constdata)
    Default_Freq                             0x0001cb3c   Data         128  app_dsp_eq.o(.constdata)
    EQ_Set_addr                              0x0001cbbc   Data          32  app_dsp_eq.o(.constdata)
    GEN_Filter_addr                          0x0001cbdc   Data         128  app_dsp_filter.o(.constdata)
    Mix_READBACK_addr                        0x0001cc60   Data          16  app_dsp_readback.o(.constdata)
    Data_dbe_MaxMin                          0x0001cc70   Data         192  app_dsp_readback.o(.constdata)
    Single_addr                              0x0001cd30   Data          18  app_dsp_single_mute.o(.constdata)
    VolList                                  0x0001cd42   Data          82  app_dsp_single_mute.o(.constdata)
    Mute_addr                                0x0001cd94   Data          18  app_dsp_single_mute.o(.constdata)
    Mix_Mixer_addr                           0x0001cda6   Data          18  app_dsp_mix.o(.constdata)
    Mix_Mixer_Input_addr                     0x0001cdb8   Data          20  app_dsp_mix.o(.constdata)
    UsbVolList                               0x0001cdcc   Data          82  app_dsp_mix.o(.constdata)
    __mathlib_zero                           0x0001d058   Data           8  qnan.o(.constdata)
    Region$$Table$$Base                      0x0001d150   Number         0  anon$$obj.o(Region$$Table)
    Region$$Table$$Limit                     0x0001d170   Number         0  anon$$obj.o(Region$$Table)
    flag                                     0x1ffff000   Data           1  main.o(.data)
    UART0_TX_QUEUE                           0x1ffff004   Data          16  mw_uart.o(.data)
    UART0_RX_QUEUE                           0x1ffff014   Data          16  mw_uart.o(.data)
    UART1_TX_QUEUE                           0x1ffff024   Data          16  mw_uart.o(.data)
    UART1_RX_QUEUE                           0x1ffff034   Data          16  mw_uart.o(.data)
    UART2_TX_QUEUE                           0x1ffff044   Data          16  mw_uart.o(.data)
    UART2_RX_QUEUE                           0x1ffff054   Data          16  mw_uart.o(.data)
    Uart_Arry                                0x1ffff064   Data          12  mw_uart.o(.data)
    GPIO_Arry                                0x1ffff070   Data          12  mw_gpio.o(.data)
    NaviGateDetect                           0x1ffff07c   Data           2  mw_gpio.o(.data)
    DSP_TEST_Detect                          0x1ffff07e   Data           2  mw_gpio.o(.data)
    DSP_OFF_FLAG                             0x1ffff080   Data           1  mw_gpio.o(.data)
    VolDet                                   0x1ffff082   Data           4  app_voltage.o(.data)
    tbl_Amp_Init                             0x1ffff086   Data           5  app_tdf8541.o(.data)
    WHEEL_CTL_Flag                           0x1ffff08b   Data           3  app_bt.o(.data)
    set_query_password                       0x1ffff08e   Data           1  app_bt.o(.data)
    App_Eeprom                               0x1ffff08f   Data           4  app_eprom.o(.data)
    Spi_Arry                                 0x1ffff098   Data           8  mw_spi.o(.data)
    SongName_QUEUE                           0x1ffff0a0   Data          16  app_arm.o(.data)
    AccDetect                                0x1ffff0b0   Data           2  app_start.o(.data)
    AudioDetect                              0x1ffff0b2   Data           2  app_start.o(.data)
    Uart_CONNECT                             0x1ffff0b7   Data           1  app_connect.o(.data)
    Uart_OTHER                               0x1ffff0b8   Data           1  app_connect.o(.data)
    Uart_OTHER1                              0x1ffff0b9   Data           1  app_connect.o(.data)
    Dsp_Audio_Flag                           0x1ffff0c2   Data           8  app_dsp_readback.o(.data)
    Dsp_REM_Flag                             0x1ffff0ca   Data           8  app_dsp_readback.o(.data)
    VolData                                  0x1ffff0dc   Data           1  app_dsp_single_mute.o(.data)
    AD_SW2_Info                              0x1ffff0e0   Data           7  app_panel.o(.data)
    AD_SW2_Tab                               0x1ffff0e8   Data          64  app_panel.o(.data)
    BT_Key_Info                              0x1ffff128   Data           7  app_panel.o(.data)
    BT_Key_Tab                               0x1ffff12f   Data          18  app_panel.o(.data)
    global_pass_count                        0x1ffff146   Data           2  sysinit.o(.data)
    global_fail_count                        0x1ffff148   Data           2  sysinit.o(.data)
    MESSAGE_QUEUE                            0x1ffff14c   Data          64  sch_message.o(.data)
    Sys                                      0x1ffff18c   Data          16  system.o(.bss)
    Uart0_TX_buf                             0x1ffff19c   Data         256  mw_uart.o(.bss)
    Uart0_RX_buf                             0x1ffff29c   Data         256  mw_uart.o(.bss)
    Uart1_TX_buf                             0x1ffff39c   Data         256  mw_uart.o(.bss)
    Uart1_RX_buf                             0x1ffff49c   Data         256  mw_uart.o(.bss)
    Uart2_TX_buf                             0x1ffff59c   Data         256  mw_uart.o(.bss)
    Uart2_RX_buf                             0x1ffff69c   Data         256  mw_uart.o(.bss)
    SysPower                                 0x1ffff79c   Data          10  app_power.o(.bss)
    App_Amp                                  0x1ffff7a8   Data          16  app_amp.o(.bss)
    BtTxModuel                               0x1ffff7b8   Data          86  app_bt.o(.bss)
    BtRxModuel                               0x1ffff80e   Data          82  app_bt.o(.bss)
    PcRxModuel_0                             0x1ffff860   Data          82  app_bt.o(.bss)
    PcRxModuel_1                             0x1ffff8b2   Data          82  app_bt.o(.bss)
    App_Dsp                                  0x1ffff904   Data        3596  app_dsp_adau1452.o(.bss)
    TansData                                 0x20000710   Data        1219  app_arm.o(.bss)
    ArmModuel                                0x20000bd3   Data         308  app_arm.o(.bss)
    BT_Addr                                  0x20000d07   Data          12  app_at.o(.bss)
    Data_dbe                                 0x20000d18   Data          64  app_dsp_readback.o(.bss)
    Queue                                    0x20000d58   Data         320  sch_message.o(.bss)
    __libspace_start                         0x20000e98   Data          96  libspace.o(.bss)
    __temporary_stack_top$libspace           0x20000ef8   Data           0  libspace.o(.bss)



==============================================================================

Memory Map of the image

  Image Entry point : 0x000040c1

  Load Region LR_IROM1 (Base: 0x00004000, Size: 0x000192fc, Max: 0x0001c000, ABSOLUTE, COMPRESSED[0x0001920c])

    Execution Region ER_IROM1 (Base: 0x00004000, Size: 0x00019170, Max: 0x0001c000, ABSOLUTE)

    Base Addr    Size         Type   Attr      Idx    E Section Name        Object

    0x00004000   0x000000c0   Data   RO         4338    RESET               startup_skeaz1284.o
    0x000040c0   0x00000008   Code   RO         4449  * !!!main             c_p.l(__main.o)
    0x000040c8   0x0000003c   Code   RO         4909    !!!scatter          c_p.l(__scatter.o)
    0x00004104   0x0000001c   Code   RO         4911    !!handler_zi        c_p.l(__scatter_zi.o)
    0x00004120   0x00000002   Code   RO         4703    .ARM.Collect$$libinit$$00000000  c_p.l(libinit.o)
    0x00004122   0x00000000   Code   RO         4705    .ARM.Collect$$libinit$$00000002  c_p.l(libinit2.o)
    0x00004122   0x00000000   Code   RO         4707    .ARM.Collect$$libinit$$00000004  c_p.l(libinit2.o)
    0x00004122   0x00000000   Code   RO         4710    .ARM.Collect$$libinit$$0000000A  c_p.l(libinit2.o)
    0x00004122   0x00000000   Code   RO         4712    .ARM.Collect$$libinit$$0000000C  c_p.l(libinit2.o)
    0x00004122   0x00000000   Code   RO         4714    .ARM.Collect$$libinit$$0000000E  c_p.l(libinit2.o)
    0x00004122   0x00000000   Code   RO         4717    .ARM.Collect$$libinit$$00000011  c_p.l(libinit2.o)
    0x00004122   0x00000000   Code   RO         4719    .ARM.Collect$$libinit$$00000013  c_p.l(libinit2.o)
    0x00004122   0x00000000   Code   RO         4721    .ARM.Collect$$libinit$$00000015  c_p.l(libinit2.o)
    0x00004122   0x00000000   Code   RO         4723    .ARM.Collect$$libinit$$00000017  c_p.l(libinit2.o)
    0x00004122   0x00000000   Code   RO         4725    .ARM.Collect$$libinit$$00000019  c_p.l(libinit2.o)
    0x00004122   0x00000000   Code   RO         4727    .ARM.Collect$$libinit$$0000001B  c_p.l(libinit2.o)
    0x00004122   0x00000000   Code   RO         4729    .ARM.Collect$$libinit$$0000001D  c_p.l(libinit2.o)
    0x00004122   0x00000000   Code   RO         4731    .ARM.Collect$$libinit$$0000001F  c_p.l(libinit2.o)
    0x00004122   0x00000000   Code   RO         4733    .ARM.Collect$$libinit$$00000021  c_p.l(libinit2.o)
    0x00004122   0x00000000   Code   RO         4735    .ARM.Collect$$libinit$$00000023  c_p.l(libinit2.o)
    0x00004122   0x00000000   Code   RO         4737    .ARM.Collect$$libinit$$00000025  c_p.l(libinit2.o)
    0x00004122   0x00000000   Code   RO         4741    .ARM.Collect$$libinit$$0000002C  c_p.l(libinit2.o)
    0x00004122   0x00000000   Code   RO         4743    .ARM.Collect$$libinit$$0000002E  c_p.l(libinit2.o)
    0x00004122   0x00000000   Code   RO         4745    .ARM.Collect$$libinit$$00000030  c_p.l(libinit2.o)
    0x00004122   0x00000000   Code   RO         4747    .ARM.Collect$$libinit$$00000032  c_p.l(libinit2.o)
    0x00004122   0x00000002   Code   RO         4748    .ARM.Collect$$libinit$$00000033  c_p.l(libinit2.o)
    0x00004124   0x00000002   Code   RO         4888    .ARM.Collect$$libshutdown$$00000000  c_p.l(libshutdown.o)
    0x00004126   0x00000000   Code   RO         4750    .ARM.Collect$$libshutdown$$00000002  c_p.l(libshutdown2.o)
    0x00004126   0x00000000   Code   RO         4752    .ARM.Collect$$libshutdown$$00000004  c_p.l(libshutdown2.o)
    0x00004126   0x00000000   Code   RO         4755    .ARM.Collect$$libshutdown$$00000007  c_p.l(libshutdown2.o)
    0x00004126   0x00000000   Code   RO         4758    .ARM.Collect$$libshutdown$$0000000A  c_p.l(libshutdown2.o)
    0x00004126   0x00000000   Code   RO         4760    .ARM.Collect$$libshutdown$$0000000C  c_p.l(libshutdown2.o)
    0x00004126   0x00000000   Code   RO         4763    .ARM.Collect$$libshutdown$$0000000F  c_p.l(libshutdown2.o)
    0x00004126   0x00000002   Code   RO         4764    .ARM.Collect$$libshutdown$$00000010  c_p.l(libshutdown2.o)
    0x00004128   0x00000000   Code   RO         4502    .ARM.Collect$$rtentry$$00000000  c_p.l(__rtentry.o)
    0x00004128   0x00000000   Code   RO         4563    .ARM.Collect$$rtentry$$00000002  c_p.l(__rtentry2.o)
    0x00004128   0x00000006   Code   RO         4575    .ARM.Collect$$rtentry$$00000004  c_p.l(__rtentry4.o)
    0x0000412e   0x00000000   Code   RO         4565    .ARM.Collect$$rtentry$$00000009  c_p.l(__rtentry2.o)
    0x0000412e   0x00000004   Code   RO         4566    .ARM.Collect$$rtentry$$0000000A  c_p.l(__rtentry2.o)
    0x00004132   0x00000000   Code   RO         4568    .ARM.Collect$$rtentry$$0000000C  c_p.l(__rtentry2.o)
    0x00004132   0x00000008   Code   RO         4569    .ARM.Collect$$rtentry$$0000000D  c_p.l(__rtentry2.o)
    0x0000413a   0x00000002   Code   RO         4773    .ARM.Collect$$rtexit$$00000000  c_p.l(rtexit.o)
    0x0000413c   0x00000000   Code   RO         4831    .ARM.Collect$$rtexit$$00000002  c_p.l(rtexit2.o)
    0x0000413c   0x00000004   Code   RO         4832    .ARM.Collect$$rtexit$$00000003  c_p.l(rtexit2.o)
    0x00004140   0x00000006   Code   RO         4833    .ARM.Collect$$rtexit$$00000004  c_p.l(rtexit2.o)
    0x00004146   0x00000002   PAD
    0x00004148   0x00000038   Code   RO         4437    .emb_text           c_p.l(rt_memcpy.o)
    0x00004180   0x00000040   Code   RO         4340    .text               startup_skeaz1284.o
    0x000041c0   0x00000040   Code   RO         4441    .text               c_p.l(rt_memclr.o)
    0x00004200   0x0000015a   Code   RO         4443    .text               c_p.l(aeabi_sdiv.o)
    0x0000435a   0x00000006   Code   RO         4447    .text               c_p.l(heapauxi.o)
    0x00004360   0x0000006c   Code   RO         4458    .text               fz_ps.l(dfixi.o)
    0x000043cc   0x00000016   Code   RO         4507    .text               c_p.l(_rserrno.o)
    0x000043e2   0x00000002   PAD
    0x000043e4   0x00000008   Code   RO         4582    .text               c_p.l(rt_errno_addr_intlibspace.o)
    0x000043ec   0x00000014   Code   RO         4602    .text               fz_ps.l(dnan2.o)
    0x00004400   0x00000010   Code   RO         4339    .ARM.__at_0x4400    startup_skeaz1284.o
    0x00004410   0x00000358   Code   RO         4451    .text               fz_ps.l(daddsub.o)
    0x00004768   0x00000448   Code   RO         4453    .text               fz_ps.l(ddiv.o)
    0x00004bb0   0x00000058   Code   RO         4460    .text               fz_ps.l(dflti.o)
    0x00004c08   0x00000248   Code   RO         4464    .text               fz_ps.l(dmul.o)
    0x00004e50   0x00000090   Code   RO         4520    .text               fz_ps.l(dcmpin.o)
    0x00004ee0   0x00000060   Code   RO         4522    .text               fz_ps.l(dscalbn.o)
    0x00004f40   0x00000100   Code   RO         4524    .text               fz_ps.l(dsqrt.o)
    0x00005040   0x0000002e   Code   RO         4600    .text               fz_ps.l(cmpret.o)
    0x0000506e   0x00000002   PAD
    0x00005070   0x00000008   Code   RO         4609    .text               c_p.l(libspace.o)
    0x00005078   0x0000003e   Code   RO         4614    .text               c_p.l(sys_stackheap_outer.o)
    0x000050b6   0x00000010   Code   RO         4688    .text               c_p.l(exit.o)
    0x000050c6   0x0000005e   Code   RO         4767    .text               fz_ps.l(retnan.o)
    0x00005124   0x00000002   Code   RO         4769    .text               c_p.l(use_no_semi.o)
    0x00005126   0x00000000   Code   RO         4771    .text               c_p.l(indicate_semi.o)
    0x00005126   0x00000002   PAD
    0x00005128   0x0000000c   Code   RO         4828    .text               c_p.l(sys_exit.o)
    0x00005134   0x00000056   Code   RO         4907    .text               c_p.l(__dczerorl2.o)
    0x0000518a   0x00000002   PAD
    0x0000518c   0x00000080   Code   RO         2024    i.ACC_Detect        app_start.o
    0x0000520c   0x0000001c   Code   RO         2025    i.ACC_Init          app_start.o
    0x00005228   0x0000002e   Code   RO         1966    i.AD1938_Freq       app_ad1938.o
    0x00005256   0x00000022   Code   RO         1967    i.AD1938_IO_Init    app_ad1938.o
    0x00005278   0x0000002c   Code   RO         1969    i.AD1938_WriteData  app_ad1938.o
    0x000052a4   0x00000020   Code   RO         3199    i.ADC_DeInit        adc.o
    0x000052c4   0x00000018   Code   RO          882    i.ADC_GetData       mw_adc.o
    0x000052dc   0x00000002   Code   RO          410    i.ADC_IRQHandler    interrupt.o
    0x000052de   0x00000002   PAD
    0x000052e0   0x000001a8   Code   RO         3200    i.ADC_Init          adc.o
    0x00005488   0x00000024   Code   RO         3202    i.ADC_PollRead      adc.o
    0x000054ac   0x00000010   Code   RO         3203    i.ADC_SelectClock   adc.o
    0x000054bc   0x00000016   Code   RO         3204    i.ADC_SelectClockDivide  adc.o
    0x000054d2   0x00000010   Code   RO         3206    i.ADC_SetChannel    adc.o
    0x000054e2   0x00000010   Code   RO         3207    i.ADC_SetFifoLevel  adc.o
    0x000054f2   0x00000016   Code   RO         3208    i.ADC_SetMode       adc.o
    0x00005508   0x00000024   Code   RO          802    i.AMP_IO_Init       mw_gpio.o
    0x0000552c   0x0000001c   Code   RO          803    i.ARM_IO_Init       mw_gpio.o
    0x00005548   0x00000074   Code   RO         2026    i.AUDIO_Detect      app_start.o
    0x000055bc   0x00000018   Code   RO         1113    i.Amp8541_DLL_Loader  app_tdf8541.o
    0x000055d4   0x00000024   Code   RO         1231    i.AmpMute           app_amp.o
    0x000055f8   0x00000080   Code   RO         1232    i.AmpTypeCheck      app_amp.o
    0x00005678   0x0000000a   Code   RO          953    i.AppJumpToBootloader  app_updata.o
    0x00005682   0x00000002   PAD
    0x00005684   0x00000448   Code   RO         1915    i.ArmDataAnalyse    app_arm.o
    0x00005acc   0x000000f0   Code   RO         1916    i.ArmDataRxPro      app_arm.o
    0x00005bbc   0x00000034   Code   RO         1917    i.Arm_ACK           app_arm.o
    0x00005bf0   0x0000024c   Code   RO         2110    i.AtDataAnalyse     app_at.o
    0x00005e3c   0x00000024   Code   RO          564    i.AudioMute         app_mute.o
    0x00005e60   0x0000001c   Code   RO         2027    i.Audio_Init        app_start.o
    0x00005e7c   0x00000218   Code   RO         2137    i.BT_DataRxPro      app_connect.o
    0x00006094   0x0000000c   Code   RO          804    i.BT_IO_Init        mw_gpio.o
    0x000060a0   0x00000094   Code   RO         2593    i.BT_Key_Scan       app_panel.o
    0x00006134   0x00000008   Code   RO          286    i.Bsp_ADC_Init      bsp.o
    0x0000613c   0x00000008   Code   RO          288    i.Bsp_Clock_Init    bsp.o
    0x00006144   0x00000008   Code   RO          289    i.Bsp_FLASH_Init    bsp.o
    0x0000614c   0x00000024   Code   RO          290    i.Bsp_GPIO_Init     bsp.o
    0x00006170   0x0000000c   Code   RO          294    i.Bsp_Relocation_Int  bsp.o
    0x0000617c   0x00000018   Code   RO          295    i.Bsp_SPI_Init      bsp.o
    0x00006194   0x00000008   Code   RO          296    i.Bsp_SysTick_Close  bsp.o
    0x0000619c   0x00000038   Code   RO          297    i.Bsp_SysTick_Init  bsp.o
    0x000061d4   0x00000022   Code   RO          299    i.Bsp_UART_Init     bsp.o
    0x000061f6   0x00000002   Code   RO          300    i.Bsp_WDOG_Close    bsp.o
    0x000061f8   0x00000064   Code   RO          301    i.Bsp_WDOG_Init     bsp.o
    0x0000625c   0x00000b28   Code   RO         1270    i.BtDataAnalyse     app_bt.o
    0x00006d84   0x0000003c   Code   RO         1271    i.Bt_ACK            app_bt.o
    0x00006dc0   0x00000070   Code   RO         2138    i.Change_Uart       app_connect.o
    0x00006e30   0x00000040   Code   RO         2463    i.CheckVol          app_dsp_single_mute.o
    0x00006e70   0x00000058   Code   RO         2139    i.Check_Uart        app_connect.o
    0x00006ec8   0x00000018   Code   RO         4276    i.ClearAllModeMessage  sch_message.o
    0x00006ee0   0x00000014   Code   RO         4277    i.ClearMessage      sch_message.o
    0x00006ef4   0x00000026   Code   RO         2595    i.ClrKeyInfo        app_panel.o
    0x00006f1a   0x00000028   Code   RO         2245    i.DSP_IO_Init       app_dsp_driver.o
    0x00006f42   0x00000002   PAD
    0x00006f44   0x0000001c   Code   RO          805    i.DSP_TEST_Init     mw_gpio.o
    0x00006f60   0x00000090   Code   RO         2004    i.Debug_CMD         app_debug.o
    0x00006ff0   0x00000030   Code   RO         1332    i.DspDataInit       app_dsp_adau1452.o
    0x00007020   0x0000002c   Code   RO         1334    i.DspInit           app_dsp_adau1452.o
    0x0000704c   0x00000028   Code   RO         1335    i.DspModeNameInit   app_dsp_adau1452.o
    0x00007074   0x00000038   Code   RO         1336    i.Dsp_Data_Reset    app_dsp_adau1452.o
    0x000070ac   0x00000050   Code   RO         1337    i.Dsp_Delay         app_dsp_adau1452.o
    0x000070fc   0x0000001c   Code   RO         1338    i.Dsp_Delay_Init    app_dsp_adau1452.o
    0x00007118   0x00000098   Code   RO         2295    i.Dsp_EQ_Direct     app_dsp_eq.o
    0x000071b0   0x000000cc   Code   RO         2296    i.Dsp_EQ_Init       app_dsp_eq.o
    0x0000727c   0x0000009c   Code   RO         2297    i.Dsp_EQ_Left_Req   app_dsp_eq.o
    0x00007318   0x00000064   Code   RO         2298    i.Dsp_EQ_Reset      app_dsp_eq.o
    0x0000737c   0x0000009c   Code   RO         2299    i.Dsp_EQ_Right_Req  app_dsp_eq.o
    0x00007418   0x00000170   Code   RO         2300    i.Dsp_EQ_Set        app_dsp_eq.o
    0x00007588   0x000001b8   Code   RO         2188    i.Dsp_File_TO_Flash  app_dspdata_access.o
    0x00007740   0x000000ac   Code   RO         2355    i.Dsp_Filter_Init   app_dsp_filter.o
    0x000077ec   0x00000054   Code   RO         2356    i.Dsp_Filter_Reset  app_dsp_filter.o
    0x00007840   0x00000068   Code   RO         2189    i.Dsp_Flash_TO_File  app_dspdata_access.o
    0x000078a8   0x000003ec   Code   RO         2357    i.Dsp_GEN_Filter    app_dsp_filter.o
    0x00007c94   0x000001f0   Code   RO         2432    i.Dsp_Info_Data     app_dsp_readback.o
    0x00007e84   0x000000e8   Code   RO         2433    i.Dsp_Info_Det      app_dsp_readback.o
    0x00007f6c   0x00000044   Code   RO         2190    i.Dsp_Load          app_dspdata_access.o
    0x00007fb0   0x0000001c   Code   RO         2191    i.Dsp_Load_Mode_Name  app_dspdata_access.o
    0x00007fcc   0x00000048   Code   RO         2550    i.Dsp_Mix_Init      app_dsp_mix.o
    0x00008014   0x00000080   Code   RO         2551    i.Dsp_Mix_Input     app_dsp_mix.o
    0x00008094   0x000000a8   Code   RO         2552    i.Dsp_Mix_Mixer     app_dsp_mix.o
    0x0000813c   0x00000028   Code   RO         2464    i.Dsp_Mute          app_dsp_single_mute.o
    0x00008164   0x00000080   Code   RO         2465    i.Dsp_Mute_A        app_dsp_single_mute.o
    0x000081e4   0x00000028   Code   RO         2466    i.Dsp_Mute_Direct   app_dsp_single_mute.o
    0x0000820c   0x00000018   Code   RO         2467    i.Dsp_Mute_Init     app_dsp_single_mute.o
    0x00008224   0x00000058   Code   RO         1339    i.Dsp_OFF           app_dsp_adau1452.o
    0x0000827c   0x00000020   Code   RO         1340    i.Dsp_ON            app_dsp_adau1452.o
    0x0000829c   0x00000044   Code   RO         1341    i.Dsp_OutPutChl     app_dsp_adau1452.o
    0x000082e0   0x00000018   Code   RO         1342    i.Dsp_OutPutChl_Init  app_dsp_adau1452.o
    0x000082f8   0x000000a0   Code   RO         1343    i.Dsp_PowerOnInit   app_dsp_adau1452.o
    0x00008398   0x00000024   Code   RO         1344    i.Dsp_ReName        app_dsp_adau1452.o
    0x000083bc   0x0000002c   Code   RO         1345    i.Dsp_ReName_Init   app_dsp_adau1452.o
    0x000083e8   0x0000007c   Code   RO         2468    i.Dsp_Single        app_dsp_single_mute.o
    0x00008464   0x000000ac   Code   RO         2469    i.Dsp_Single_A      app_dsp_single_mute.o
    0x00008510   0x00000030   Code   RO         2470    i.Dsp_Single_Init   app_dsp_single_mute.o
    0x00008540   0x000000e4   Code   RO         2471    i.Dsp_SlowCloseSingle  app_dsp_single_mute.o
    0x00008624   0x0000003c   Code   RO         2192    i.Dsp_Store         app_dspdata_access.o
    0x00008660   0x000001e4   Code   RO         2193    i.Dsp_StoreLoadPro  app_dspdata_access.o
    0x00008844   0x0000001c   Code   RO         2194    i.Dsp_Store_Mode_Name  app_dspdata_access.o
    0x00008860   0x00000080   Code   RO         1346    i.Dsp_TestMode      app_dsp_adau1452.o
    0x000088e0   0x000000bc   Code   RO         1347    i.Dsp_Unite         app_dsp_adau1452.o
    0x0000899c   0x00000134   Code   RO         1348    i.Dsp_Updata        app_dsp_adau1452.o
    0x00008ad0   0x00000070   Code   RO         2472    i.Dsp_VolUpdate     app_dsp_single_mute.o
    0x00008b40   0x0000023c   Code   RO         2301    i.EQ_Algorithm      app_dsp_eq.o
    0x00008d7c   0x00000014   Code   RO          914    i.EmergencyPowerDown  app_voltage.o
    0x00008d90   0x00000074   Code   RO          744    i.EnterPowerOff     app_power.o
    0x00008e04   0x00000012   Code   RO         1495    i.Eprom_IO_Init     app_eprom.o
    0x00008e16   0x00000054   Code   RO         1496    i.Eprom_RD_Data     app_eprom.o
    0x00008e6a   0x00000038   Code   RO         1498    i.Eprom_WR_Command  app_eprom.o
    0x00008ea2   0x00000052   Code   RO         1499    i.Eprom_WR_Data     app_eprom.o
    0x00008ef4   0x0000001a   Code   RO         1500    i.Eprom_WR_Order    app_eprom.o
    0x00008f0e   0x0000001a   Code   RO         4132    i.ExchangeTwoVariable_U8  sch_common.o
    0x00008f28   0x00000074   Code   RO         3717    i.FEI_to_FBE_OSC    ics.o
    0x00008f9c   0x00000058   Code   RO         3719    i.FEI_to_FEE        ics.o
    0x00008ff4   0x00000058   Code   RO         3720    i.FEI_to_FEE_OSC    ics.o
    0x0000904c   0x00000090   Code   RO         3543    i.FLASH_EraseSector  flash.o
    0x000090dc   0x00000090   Code   RO         3547    i.FLASH_Init        flash.o
    0x0000916c   0x00000030   Code   RO         3548    i.FLASH_LaunchCMD   flash.o
    0x0000919c   0x000000ac   Code   RO         3550    i.FLASH_Program1LongWord  flash.o
    0x00009248   0x000000c8   Code   RO         3551    i.FLASH_Program2LongWords  flash.o
    0x00009310   0x00000008   Code   RO          302    i.FeedDog           bsp.o
    0x00009318   0x000001cc   Code   RO         2358    i.Filter_1st_Order_Butterworth  app_dsp_filter.o
    0x000094e4   0x000002a4   Code   RO         2359    i.Filter_2st_Order_Bessel  app_dsp_filter.o
    0x00009788   0x000002a0   Code   RO         2360    i.Filter_2st_Order_Butterworth  app_dsp_filter.o
    0x00009a28   0x0000002c   Code   RO         2361    i.Filter_Bypassed   app_dsp_filter.o
    0x00009a54   0x000002ec   Code   RO         2362    i.Filter_Higher_Order_Butterworth  app_dsp_filter.o
    0x00009d40   0x0000018c   Code   RO         1503    i.Flash_Dsp_RD      app_eprom.o
    0x00009ecc   0x000001f0   Code   RO         1505    i.Flash_Dsp_WR      app_eprom.o
    0x0000a0bc   0x00000016   Code   RO          997    i.Flash_Erase       mw_flash.o
    0x0000a0d2   0x00000002   PAD
    0x0000a0d4   0x00000020   Code   RO         1349    i.Flash_Get_DspNum  app_dsp_adau1452.o
    0x0000a0f4   0x000000c8   Code   RO          999    i.Flash_Program_U8  mw_flash.o
    0x0000a1bc   0x00000018   Code   RO         1000    i.Flash_Quick_RD    mw_flash.o
    0x0000a1d4   0x00000024   Code   RO         1001    i.Flash_Quick_RD_U8  mw_flash.o
    0x0000a1f8   0x0000001e   Code   RO         1003    i.Flash_Quick_WR    mw_flash.o
    0x0000a216   0x00000022   Code   RO         1004    i.Flash_Quick_WR_U8  mw_flash.o
    0x0000a238   0x0000000c   Code   RO         1506    i.Flash_RD_State_Clear  app_eprom.o
    0x0000a244   0x00000016   Code   RO         1007    i.Flash_Read        mw_flash.o
    0x0000a25a   0x00000002   PAD
    0x0000a25c   0x00000014   Code   RO         1350    i.Flash_Set_DspNum  app_dsp_adau1452.o
    0x0000a270   0x0000000c   Code   RO         1507    i.Flash_WR_State_Clear  app_eprom.o
    0x0000a27c   0x0000001a   Code   RO         1011    i.Flash_Write       mw_flash.o
    0x0000a296   0x00000030   Code   RO          807    i.GPIOInit          mw_gpio.o
    0x0000a2c6   0x00000014   Code   RO         3288    i.GPIO_DeInit       gpio.o
    0x0000a2da   0x00000002   PAD
    0x0000a2dc   0x00000160   Code   RO         3289    i.GPIO_Init         gpio.o
    0x0000a43c   0x00000040   Code   RO         3290    i.GPIO_PinClear     gpio.o
    0x0000a47c   0x00000338   Code   RO         3291    i.GPIO_PinInit      gpio.o
    0x0000a7b4   0x00000040   Code   RO         3292    i.GPIO_PinSet       gpio.o
    0x0000a7f4   0x0000003c   Code   RO          808    i.GPIO_ReadInputPin  mw_gpio.o
    0x0000a830   0x0000001a   Code   RO         4136    i.GetCheckData_Xor  sch_common.o
    0x0000a84a   0x0000000e   Code   RO         4137    i.GetMax            sch_common.o
    0x0000a858   0x0000001c   Code   RO         4278    i.GetMessage        sch_message.o
    0x0000a874   0x0000000e   Code   RO         4138    i.GetMin            sch_common.o
    0x0000a882   0x0000001a   Code   RO         2140    i.Get_Uart_Choose   app_connect.o
    0x0000a89c   0x000000a0   Code   RO         1767    i.I2C1Out8Bit       mw_i2c.o
    0x0000a93c   0x00000048   Code   RO         1768    i.I2C1Start         mw_i2c.o
    0x0000a984   0x0000006c   Code   RO         1769    i.I2C1Stop          mw_i2c.o
    0x0000a9f0   0x0000003c   Code   RO         1770    i.I2C1_IsFindAddr   mw_i2c.o
    0x0000aa2c   0x00000044   Code   RO         1773    i.I2C1_Tx           mw_i2c.o
    0x0000aa70   0x00000062   Code   RO         1775    i.I2CWait           mw_i2c.o
    0x0000aad2   0x0000002c   Code   RO          954    i.IAP_Pro           app_updata.o
    0x0000aafe   0x00000002   PAD
    0x0000ab00   0x00000064   Code   RO         3722    i.ICS_Init          ics.o
    0x0000ab64   0x00000094   Code   RO         3723    i.ICS_SetClkDivider  ics.o
    0x0000abf8   0x0000002c   Code   RO         3724    i.ICS_Trim          ics.o
    0x0000ac24   0x00000014   Code   RO          411    i.IRQ_IRQHandler    interrupt.o
    0x0000ac38   0x00000010   Code   RO          955    i.In_IapMode        app_updata.o
    0x0000ac48   0x00000038   Code   RO         1272    i.Is_PASSWORD       app_bt.o
    0x0000ac80   0x00000050   Code   RO          412    i.KBI0_IRQHandler   interrupt.o
    0x0000acd0   0x00000050   Code   RO         4018    i.KBI_DeInit        kbi.o
    0x0000ad20   0x000001ac   Code   RO         4019    i.KBI_Init          kbi.o
    0x0000aecc   0x0000008e   Code   RO         2598    i.KeyScan           app_panel.o
    0x0000af5a   0x0000006a   Code   RO         2599    i.KeyTimer          app_panel.o
    0x0000afc4   0x00000018   Code   RO         2077    i.LED_Ctl           app_led.o
    0x0000afdc   0x0000000c   Code   RO         2078    i.LED_IO_Init       app_led.o
    0x0000afe8   0x00000020   Code   RO         4143    i.LimitMaxMin       sch_common.o
    0x0000b008   0x0000028c   Code   RO         1918    i.M2A_TxService     app_arm.o
    0x0000b294   0x00000860   Code   RO         1273    i.M2B_TxService     app_bt.o
    0x0000baf4   0x00000054   Code   RO          565    i.MUTE_Ctl          app_mute.o
    0x0000bb48   0x00000014   Code   RO          602    i.NVIC_DisableIRQ   mw_uart.o
    0x0000bb5c   0x00000014   Code   RO         4021    i.NVIC_DisableIRQ   kbi.o
    0x0000bb70   0x00000014   Code   RO          603    i.NVIC_EnableIRQ    mw_uart.o
    0x0000bb84   0x00000014   Code   RO         3939    i.NVIC_EnableIRQ    spi.o
    0x0000bb98   0x00000014   Code   RO         4022    i.NVIC_EnableIRQ    kbi.o
    0x0000bbac   0x00000078   Code   RO          303    i.NVIC_SetPriority  bsp.o
    0x0000bc24   0x00000078   Code   RO          604    i.NVIC_SetPriority  mw_uart.o
    0x0000bc9c   0x0000006c   Code   RO         3727    i.OSC_Init          ics.o
    0x0000bd08   0x00000046   Code   RO         3909    i.PMC_SetMode       pmc.o
    0x0000bd4e   0x0000000c   Code   RO          809    i.PWR_IO_Init       mw_gpio.o
    0x0000bd5a   0x00000002   PAD
    0x0000bd5c   0x000000bc   Code   RO         2602    i.PostKeyCode       app_panel.o
    0x0000be18   0x00000024   Code   RO         4280    i.PostMessage       sch_message.o
    0x0000be3c   0x000000a0   Code   RO          745    i.PowerMessage      app_power.o
    0x0000bedc   0x0000000a   Code   RO          746    i.PowerOffSystemModule  app_power.o
    0x0000bee6   0x00000002   PAD
    0x0000bee8   0x00000034   Code   RO          747    i.PowerOnSystemModule  app_power.o
    0x0000bf1c   0x00000006   Code   RO         4074    i.Queue_Cnt         sch_queue.o
    0x0000bf22   0x0000005e   Code   RO         4075    i.Queue_In          sch_queue.o
    0x0000bf80   0x0000001e   Code   RO         4076    i.Queue_Init        sch_queue.o
    0x0000bf9e   0x0000005a   Code   RO         4080    i.Queue_Out         sch_queue.o
    0x0000bff8   0x0000002c   Code   RO         1154    i.ResetIO           app_lowpower.o
    0x0000c024   0x00000098   Code   RO          508    i.SCH_Task_Execute  task.o
    0x0000c0bc   0x00000044   Code   RO         1352    i.SIGMASTUDIOTYPE   app_dsp_adau1452.o
    0x0000c100   0x00000048   Code   RO         2246    i.SIGMA_READ        app_dsp_driver.o
    0x0000c148   0x00000064   Code   RO         2247    i.SIGMA_SAFELOAD_WRITE_REGISTER  app_dsp_driver.o
    0x0000c1ac   0x0000004c   Code   RO         2248    i.SIGMA_WRITE       app_dsp_driver.o
    0x0000c1f8   0x0000003c   Code   RO         2249    i.SIGMA_WRITE_DELAY  app_dsp_driver.o
    0x0000c234   0x0000004e   Code   RO         2250    i.SIGMA_WRITE_REGISTER_BLOCK  app_dsp_driver.o
    0x0000c282   0x00000002   PAD
    0x0000c284   0x000000cc   Code   RO         3870    i.SIM_Init          sim.o
    0x0000c350   0x00000002   Code   RO          413    i.SPI0_IRQHandler   interrupt.o
    0x0000c352   0x00000002   Code   RO          414    i.SPI1_IRQHandler   interrupt.o
    0x0000c354   0x0000001a   Code   RO         3942    i.SPI_DeInit        spi.o
    0x0000c36e   0x00000002   PAD
    0x0000c370   0x000001c4   Code   RO         3943    i.SPI_Init          spi.o
    0x0000c534   0x0000000a   Code   RO         1605    i.SPI_IsSPRF        mw_spi.o
    0x0000c53e   0x0000000a   Code   RO         1606    i.SPI_IsSPTEF       mw_spi.o
    0x0000c548   0x0000000a   Code   RO         3944    i.SPI_ModfEnable    spi.o
    0x0000c552   0x00000002   PAD
    0x0000c554   0x00000044   Code   RO         1607    i.SPI_RW            mw_spi.o
    0x0000c598   0x0000006a   Code   RO         3945    i.SPI_SetBaudRate   spi.o
    0x0000c602   0x00000018   Code   RO         3947    i.SPI_SetClockPhase  spi.o
    0x0000c61a   0x00000004   Code   RO         1608    i.SPI_WriteDataReg  mw_spi.o
    0x0000c61e   0x00000002   PAD
    0x0000c620   0x00000038   Code   RO          810    i.SYS_Power_Ctl     mw_gpio.o
    0x0000c658   0x00000010   Code   RO         1274    i.Set_PASSWORD      app_bt.o
    0x0000c668   0x0000000e   Code   RO         2141    i.Set_Uart_Choose   app_connect.o
    0x0000c676   0x00000002   PAD
    0x0000c678   0x00000028   Code   RO         1610    i.SpiBufInit        mw_spi.o
    0x0000c6a0   0x000000c8   Code   RO         2028    i.Start_Detect      app_start.o
    0x0000c768   0x0000000c   Code   RO         2029    i.Start_IO_Init     app_start.o
    0x0000c774   0x00000010   Code   RO          883    i.SysAdcExit        mw_adc.o
    0x0000c784   0x00000024   Code   RO          884    i.SysAdcInit        mw_adc.o
    0x0000c7a8   0x00000078   Code   RO          481    i.SysDataInit       system.o
    0x0000c820   0x00000010   Code   RO         1012    i.SysFlashInit      mw_flash.o
    0x0000c830   0x00000024   Code   RO            3    i.SysHardware_Init  main.o
    0x0000c854   0x00000018   Code   RO         1155    i.SysLowPowerExit   app_lowpower.o
    0x0000c86c   0x00000032   Code   RO         1156    i.SysLowPowerInit   app_lowpower.o
    0x0000c89e   0x00000010   Code   RO            4    i.SysSoftware_Init  main.o
    0x0000c8ae   0x00000002   PAD
    0x0000c8b0   0x000000b0   Code   RO         1623    i.SysSpiExit        mw_spi.o
    0x0000c960   0x00000104   Code   RO         1624    i.SysSpiInit        mw_spi.o
    0x0000ca64   0x00000094   Code   RO          415    i.SysTick_Handler   interrupt.o
    0x0000caf8   0x000000e0   Code   RO          605    i.SysUartExit       mw_uart.o
    0x0000cbd8   0x000000d4   Code   RO          606    i.SysUartInit       mw_uart.o
    0x0000ccac   0x0000001c   Code   RO         4146    i.SysWait1Us        sch_common.o
    0x0000ccc8   0x00000018   Code   RO         4147    i.SysWaitMs         sch_common.o
    0x0000cce0   0x00000014   Code   RO         4148    i.SysWaitUs         sch_common.o
    0x0000ccf4   0x00000034   Code   RO         1157    i.SysWakeUpExit_FromACC  app_lowpower.o
    0x0000cd28   0x00000010   Code   RO         1158    i.SysWakeUpExit_FromKBI  app_lowpower.o
    0x0000cd38   0x00000002   Code   RO         1159    i.SysWakeUpExit_FromRTC  app_lowpower.o
    0x0000cd3a   0x00000002   PAD
    0x0000cd3c   0x0000003c   Code   RO         1160    i.SysWakeUpInit_FromACC  app_lowpower.o
    0x0000cd78   0x0000007c   Code   RO         1161    i.SysWakeUpInit_FromKBI  app_lowpower.o
    0x0000cdf4   0x00000002   Code   RO         1162    i.SysWakeUpInit_FromRTC  app_lowpower.o
    0x0000cdf6   0x00000002   PAD
    0x0000cdf8   0x00000070   Code   RO         4349    i.SystemInit        system_skeaz1284.o
    0x0000ce68   0x00000048   Code   RO          748    i.SystemPowerUp     app_power.o
    0x0000ceb0   0x000000e4   Code   RO         1163    i.TASK_AccOff_Pro   app_lowpower.o
    0x0000cf94   0x00000070   Code   RO         1233    i.TASK_Amp_Pro      app_amp.o
    0x0000d004   0x00000070   Code   RO         1919    i.TASK_Arm_Pro      app_arm.o
    0x0000d074   0x000000a0   Code   RO         1275    i.TASK_Bt_Pro       app_bt.o
    0x0000d114   0x0000001c   Code   RO         1353    i.TASK_Dsp_Pro      app_dsp_adau1452.o
    0x0000d130   0x00000002   Code   RO         1508    i.TASK_Eeprom_Pro   app_eprom.o
    0x0000d132   0x00000002   PAD
    0x0000d134   0x00000024   Code   RO         2605    i.TASK_Key_Pro      app_panel.o
    0x0000d158   0x00000068   Code   RO         2079    i.TASK_LED_pro      app_led.o
    0x0000d1c0   0x0000027c   Code   RO          749    i.TASK_Power_Pro    app_power.o
    0x0000d43c   0x00000128   Code   RO          915    i.TASK_Voltage_Det  app_voltage.o
    0x0000d564   0x00000024   Code   RO         1115    i.TDF8541Init       app_tdf8541.o
    0x0000d588   0x00000044   Code   RO         1116    i.TDF8541_AmpMute   app_tdf8541.o
    0x0000d5cc   0x0000001c   Code   RO          509    i.Task_100ms_Pro    task.o
    0x0000d5e8   0x00000008   Code   RO          510    i.Task_16ms_Pro     task.o
    0x0000d5f0   0x00000008   Code   RO          513    i.Task_4ms_Pro      task.o
    0x0000d5f8   0x00000020   Code   RO          514    i.Task_8ms_Pro      task.o
    0x0000d618   0x0000000a   Code   RO          416    i.UART0_IRQHandler  interrupt.o
    0x0000d622   0x0000000a   Code   RO          417    i.UART1_IRQHandler  interrupt.o
    0x0000d62c   0x0000000a   Code   RO          418    i.UART2_IRQHandler  interrupt.o
    0x0000d636   0x00000018   Code   RO         2977    i.UART_CheckFlag    uart.o
    0x0000d64e   0x00000070   Code   RO         2978    i.UART_DisableInterrupt  uart.o
    0x0000d6be   0x00000070   Code   RO         2979    i.UART_EnableInterrupt  uart.o
    0x0000d72e   0x00000012   Code   RO         2980    i.UART_GetChar      uart.o
    0x0000d740   0x00000010   Code   RO         2981    i.UART_GetFlags     uart.o
    0x0000d750   0x0000008c   Code   RO         2982    i.UART_Init         uart.o
    0x0000d7dc   0x00000054   Code   RO          607    i.UART_IntSerive    mw_uart.o
    0x0000d830   0x00000010   Code   RO         2983    i.UART_PutChar      uart.o
    0x0000d840   0x0000001c   Code   RO          811    i.USB_IO_Init       mw_gpio.o
    0x0000d85c   0x00000024   Code   RO          608    i.UartBufCnt        mw_uart.o
    0x0000d880   0x00000028   Code   RO          609    i.UartBufInit       mw_uart.o
    0x0000d8a8   0x00000030   Code   RO          610    i.UartGetFromBuf    mw_uart.o
    0x0000d8d8   0x00000030   Code   RO          611    i.UartPutToBuf      mw_uart.o
    0x0000d908   0x0000000e   Code   RO          612    i.UartRxCnt         mw_uart.o
    0x0000d916   0x00000016   Code   RO          613    i.UartRxData        mw_uart.o
    0x0000d92c   0x00000018   Code   RO          614    i.UartSendData8     mw_uart.o
    0x0000d944   0x0000000e   Code   RO          615    i.UartTxCnt         mw_uart.o
    0x0000d952   0x00000048   Code   RO          616    i.UartTxData        mw_uart.o
    0x0000d99a   0x00000002   PAD
    0x0000d99c   0x00000018   Code   RO          618    i.UartTxIntDis      mw_uart.o
    0x0000d9b4   0x00000018   Code   RO          619    i.UartTxIntEn       mw_uart.o
    0x0000d9cc   0x00000012   Code   RO          620    i.Uart_Rx_DataPro   mw_uart.o
    0x0000d9de   0x0000003a   Code   RO          621    i.Uart_Tx_DataPro   mw_uart.o
    0x0000da18   0x0000002c   Code   RO         2473    i.Vol_Ctl           app_dsp_single_mute.o
    0x0000da44   0x00000024   Code   RO         2776    i.WDOG_Enable       wdog.o
    0x0000da68   0x0000001c   Code   RO         2778    i.WDOG_Feed         wdog.o
    0x0000da84   0x000000b4   Code   RO         2779    i.WDOG_Init         wdog.o
    0x0000db38   0x00000032   Code   RO         4554    i.__ARM_common_ll_muluu  m_ps.l(rred.o)
    0x0000db6a   0x0000001c   Code   RO          792    i.__ARM_common_switch8  app_power.o
    0x0000db86   0x00000002   PAD
    0x0000db88   0x0000002c   Code   RO         4544    i.__ARM_fpclassify  m_ps.l(fpclassify.o)
    0x0000dbb4   0x0000039c   Code   RO         4549    i.__ieee754_rem_pio2  m_ps.l(rred.o)
    0x0000df50   0x000000f4   Code   RO         4527    i.__kernel_cos      m_ps.l(cos_i.o)
    0x0000e044   0x000000ac   Code   RO         4546    i.__kernel_poly     m_ps.l(poly.o)
    0x0000e0f0   0x000000ec   Code   RO         4556    i.__kernel_sin      m_ps.l(sin_i.o)
    0x0000e1dc   0x00000014   Code   RO         4530    i.__mathlib_dbl_divzero  m_ps.l(dunder.o)
    0x0000e1f0   0x0000000a   Code   RO         4531    i.__mathlib_dbl_infnan  m_ps.l(dunder.o)
    0x0000e1fa   0x00000008   Code   RO         4532    i.__mathlib_dbl_infnan2  m_ps.l(dunder.o)
    0x0000e202   0x00000010   Code   RO         4533    i.__mathlib_dbl_invalid  m_ps.l(dunder.o)
    0x0000e212   0x00000002   PAD
    0x0000e214   0x00000014   Code   RO         4534    i.__mathlib_dbl_overflow  m_ps.l(dunder.o)
    0x0000e228   0x00000014   Code   RO         4536    i.__mathlib_dbl_underflow  m_ps.l(dunder.o)
    0x0000e23c   0x00000098   Code   RO         4469    i.cos               m_ps.l(cos.o)
    0x0000e2d4   0x000004a4   Code   RO         1354    i.default_download_IC_1  app_dsp_adau1452.o
    0x0000e778   0x00000070   Code   RO            5    i.main              main.o
    0x0000e7e8   0x000009fc   Code   RO         4477    i.pow               m_ps.l(pow.o)
    0x0000f1e4   0x00000028   Code   RO         4149    i.sch_compare       sch_common.o
    0x0000f20c   0x0000001c   Code   RO         4150    i.sch_memcpy        sch_common.o
    0x0000f228   0x00000016   Code   RO         4151    i.sch_memset        sch_common.o
    0x0000f23e   0x00000002   PAD
    0x0000f240   0x0000009c   Code   RO         4487    i.sin               m_ps.l(sin.o)
    0x0000f2dc   0x00000048   Code   RO         4495    i.sqrt              m_ps.l(sqrt.o)
    0x0000f324   0x00000014   Code   RO         2702    i.stop              arm_cm0.o
    0x0000f338   0x00000084   Code   RO         3664    i.sysinit           sysinit.o
    0x0000f3bc   0x00000014   Code   RO         2735    i.systick_disable   systick.o
    0x0000f3d0   0x00000022   Code   RO         1013    i.u8_TO_u32         mw_flash.o
    0x0000f3f2   0x00000002   PAD
    0x0000f3f4   0x00000014   Code   RO         2703    i.wait              arm_cm0.o
    0x0000f408   0x0000000c   Code   RO         2704    i.write_vtor        arm_cm0.o
    0x0000f414   0x00000064   Code   RO         4456    x$fpl$deqf          fz_ps.l(deqf.o)
    0x0000f478   0x00000064   Code   RO         4462    x$fpl$dleqf         fz_ps.l(dlef.o)
    0x0000f4dc   0x00000068   Code   RO         4466    x$fpl$drleqf        fz_ps.l(drlef.o)
    0x0000f544   0x00000000   Code   RO         4526    x$fpl$usenofp       fz_ps.l(usenofp.o)
    0x0000f544   0x00000020   Data   RO          623    .constdata          mw_uart.o
    0x0000f564   0x00000010   Data   RO          917    .constdata          app_voltage.o
    0x0000f574   0x00000014   Data   RO         1235    .constdata          app_amp.o
    0x0000f588   0x00000006   Data   RO         1277    .constdata          app_bt.o
    0x0000f58e   0x00000002   PAD
    0x0000f590   0x0000d59c   Data   RO         1356    .constdata          app_dsp_adau1452.o
    0x0001cb2c   0x00000010   Data   RO         1625    .constdata          mw_spi.o
    0x0001cb3c   0x000000a0   Data   RO         2302    .constdata          app_dsp_eq.o
    0x0001cbdc   0x00000080   Data   RO         2365    .constdata          app_dsp_filter.o
    0x0001cc5c   0x00000004   PAD
    0x0001cc60   0x000000d0   Data   RO         2435    .constdata          app_dsp_readback.o
    0x0001cd30   0x00000076   Data   RO         2474    .constdata          app_dsp_single_mute.o
    0x0001cda6   0x00000078   Data   RO         2554    .constdata          app_dsp_mix.o
    0x0001ce1e   0x00000002   PAD
    0x0001ce20   0x00000100   Data   RO         4023    .constdata          kbi.o
    0x0001cf20   0x00000080   Data   RO         4454    .constdata          fz_ps.l(ddiv.o)
    0x0001cfa0   0x00000088   Data   RO         4478    .constdata          m_ps.l(pow.o)
    0x0001d028   0x00000030   Data   RO         4528    .constdata          m_ps.l(cos_i.o)
    0x0001d058   0x00000008   Data   RO         4548    .constdata          m_ps.l(qnan.o)
    0x0001d060   0x000000c8   Data   RO         4551    .constdata          m_ps.l(rred.o)
    0x0001d128   0x00000028   Data   RO         4557    .constdata          m_ps.l(sin_i.o)
    0x0001d150   0x00000020   Data   RO         4905    Region$$Table       anon$$obj.o


    Execution Region RW_IRAM1 (Base: 0x1ffff000, Size: 0x000023f8, Max: 0x00004000, ABSOLUTE, COMPRESSED[0x0000009c])

    Base Addr    Size         Type   Attr      Idx    E Section Name        Object

    0x1ffff000   0x00000001   Data   RW            6    .data               main.o
    0x1ffff001   0x00000003   PAD
    0x1ffff004   0x0000006c   Data   RW          624    .data               mw_uart.o
    0x1ffff070   0x00000011   Data   RW          812    .data               mw_gpio.o
    0x1ffff081   0x00000001   PAD
    0x1ffff082   0x00000004   Data   RW          918    .data               app_voltage.o
    0x1ffff086   0x00000005   Data   RW         1117    .data               app_tdf8541.o
    0x1ffff08b   0x00000004   Data   RW         1278    .data               app_bt.o
    0x1ffff08f   0x00000006   Data   RW         1509    .data               app_eprom.o
    0x1ffff095   0x00000003   PAD
    0x1ffff098   0x00000008   Data   RW         1626    .data               mw_spi.o
    0x1ffff0a0   0x00000010   Data   RW         1921    .data               app_arm.o
    0x1ffff0b0   0x00000004   Data   RW         2030    .data               app_start.o
    0x1ffff0b4   0x00000002   Data   RW         2080    .data               app_led.o
    0x1ffff0b6   0x00000001   Data   RW         2112    .data               app_at.o
    0x1ffff0b7   0x00000003   Data   RW         2142    .data               app_connect.o
    0x1ffff0ba   0x00000006   Data   RW         2195    .data               app_dspdata_access.o
    0x1ffff0c0   0x00000002   Data   RW         2303    .data               app_dsp_eq.o
    0x1ffff0c2   0x00000019   Data   RW         2436    .data               app_dsp_readback.o
    0x1ffff0db   0x00000001   PAD
    0x1ffff0dc   0x00000004   Data   RW         2475    .data               app_dsp_single_mute.o
    0x1ffff0e0   0x00000066   Data   RW         2607    .data               app_panel.o
    0x1ffff146   0x00000004   Data   RW         3666    .data               sysinit.o
    0x1ffff14a   0x00000002   PAD
    0x1ffff14c   0x00000040   Data   RW         4282    .data               sch_message.o
    0x1ffff18c   0x00000010   Zero   RW          482    .bss                system.o
    0x1ffff19c   0x00000600   Zero   RW          622    .bss                mw_uart.o
    0x1ffff79c   0x0000000a   Zero   RW          750    .bss                app_power.o
    0x1ffff7a6   0x00000002   PAD
    0x1ffff7a8   0x00000010   Zero   RW         1234    .bss                app_amp.o
    0x1ffff7b8   0x0000014c   Zero   RW         1276    .bss                app_bt.o
    0x1ffff904   0x00000e0c   Zero   RW         1355    .bss                app_dsp_adau1452.o
    0x20000710   0x000005f7   Zero   RW         1920    .bss                app_arm.o
    0x20000d07   0x0000000c   Zero   RW         2111    .bss                app_at.o
    0x20000d13   0x00000005   PAD
    0x20000d18   0x00000040   Zero   RW         2434    .bss                app_dsp_readback.o
    0x20000d58   0x00000140   Zero   RW         4281    .bss                sch_message.o
    0x20000e98   0x00000060   Zero   RW         4610    .bss                c_p.l(libspace.o)
    0x20000ef8   0x00000000   Zero   RW         4337    HEAP                startup_skeaz1284.o
    0x20000ef8   0x00000500   Zero   RW         4336    STACK               startup_skeaz1284.o


==============================================================================

Image component sizes


      Code (inc. data)   RO Data    RW Data    ZI Data      Debug   Object Name

       584         18          0          0          0      14967   adc.o
       124          0          0          0          0       1514   app_ad1938.o
       276         32         20          0         16       2907   app_amp.o
      2152         92          0         16       1527       6697   app_arm.o
       588        150          0          1         12       1294   app_at.o
      5292        280          6          4        332       7870   app_bt.o
       776         54          0          3          0       4135   app_connect.o
       144         10          0          0          0        556   app_debug.o
      2708        434      54684          0       3596      21724   app_dsp_adau1452.o
       426          4          0          0          0       4198   app_dsp_driver.o
      1708        112        160          2          0       5337   app_dsp_eq.o
      3860        114        128          0          0       7632   app_dsp_filter.o
       368         42        120          0          0       2692   app_dsp_mix.o
       728         70        208         25         64       2268   app_dsp_readback.o
      1024        112        118          4          0       7207   app_dsp_single_mute.o
      1212         90          0          6          0       4589   app_dspdata_access.o
      1184         80          0          6          0       8930   app_eprom.o
       140          8          0          2          0       1395   app_led.o
       602         50          0          0          0      10716   app_lowpower.o
       120          6          0          0          0       1555   app_mute.o
       658         52          0        102          0       6127   app_panel.o
      1074         62          0          0         10       4480   app_power.o
       512         32          0          4          0       3023   app_start.o
       128         28          0          5          0       1900   app_tdf8541.o
        70          4          0          0          0       1289   app_updata.o
       316         12         16          4          0       2290   app_voltage.o
        52         14          0          0          0       1227   arm_cm0.o
       424         32          0          0          0      11475   bsp.o
       708         52          0          0          0       3490   flash.o
      1324         34          0          0          0       3347   gpio.o
       692         40          0          0          0       5348   ics.o
       284         20          0          0          0       5455   interrupt.o
       548         48        256          0          0       2612   kbi.o
       164         32          0          1          0     115340   main.o
        76         14          0          0          0       1716   mw_adc.o
       444          6          0          0          0       6261   mw_flash.o
       308         16          0         17          0       7576   mw_gpio.o
       566         14          0          0          0       3527   mw_i2c.o
       568         44         16          8          0      10606   mw_spi.o
      1122        104         32        108       1536      21547   mw_uart.o
        70          0          0          0          0        898   pmc.o
       274          0          0          0          0       6037   sch_common.o
       108         16          0         64        320       2738   sch_message.o
       220          0          0          0          0       2668   sch_queue.o
       204          4          0          0          0        995   sim.o
       638         16          0          0          0       6794   spi.o
        80         44        192          0       1280        920   startup_skeaz1284.o
       132         14          0          4          0        840   sysinit.o
       120         12          0          0         16       5832   system.o
       112         22          0          0          0        489   system_skeaz1284.o
        20          6          0          0          0        414   systick.o
       228         14          0          0          0       2238   task.o
       438         12          0          0          0       6570   uart.o
       244         36          0          0          0       1542   wdog.o

    ----------------------------------------------------------------------
     36986       2614      55996        396       8716     375794   Object Totals
         0          0         32          0          0          0   (incl. Generated)
        44          0          8         10          7          0   (incl. Padding)

    ----------------------------------------------------------------------

      Code (inc. data)   RO Data    RW Data    ZI Data      Debug   Library Member Name

        86          0          0          0          0          0   __dczerorl2.o
         8          0          0          0          0         68   __main.o
         0          0          0          0          0          0   __rtentry.o
        12          0          0          0          0          0   __rtentry2.o
         6          0          0          0          0          0   __rtentry4.o
        60          8          0          0          0          0   __scatter.o
        28          0          0          0          0          0   __scatter_zi.o
        22          0          0          0          0         92   _rserrno.o
       346          0          0          0          0         92   aeabi_sdiv.o
        16          0          0          0          0         68   exit.o
         6          0          0          0          0        136   heapauxi.o
         0          0          0          0          0          0   indicate_semi.o
         2          0          0          0          0          0   libinit.o
         2          0          0          0          0          0   libinit2.o
         2          0          0          0          0          0   libshutdown.o
         2          0          0          0          0          0   libshutdown2.o
         8          4          0          0         96         68   libspace.o
         8          4          0          0          0         68   rt_errno_addr_intlibspace.o
        64          0          0          0          0        108   rt_memclr.o
        56          0          0          0          0         68   rt_memcpy.o
         2          0          0          0          0          0   rtexit.o
        10          0          0          0          0          0   rtexit2.o
        12          4          0          0          0         60   sys_exit.o
        62          0          0          0          0         80   sys_stackheap_outer.o
         2          0          0          0          0         68   use_no_semi.o
        46          0          0          0          0         60   cmpret.o
       856         20          0          0          0        208   daddsub.o
       144          4          0          0          0         76   dcmpin.o
      1096         26        128          0          0        112   ddiv.o
       100          4          0          0          0         92   deqf.o
       108         10          0          0          0         72   dfixi.o
        88          0          0          0          0         92   dflti.o
       100          4          0          0          0         92   dlef.o
       584         26          0          0          0         84   dmul.o
        20          6          0          0          0         68   dnan2.o
       104          4          0          0          0        104   drlef.o
        96         12          0          0          0         72   dscalbn.o
       256          8          0          0          0         76   dsqrt.o
        94          0          0          0          0         68   retnan.o
         0          0          0          0          0          0   usenofp.o
       152         10          0          0          0        104   cos.o
       244         20         48          0          0         92   cos_i.o
        94         14          0          0          0        408   dunder.o
        44          4          0          0          0         60   fpclassify.o
       172          0          0          0          0         76   poly.o
      2556        196        136          0          0        240   pow.o
         0          0          8          0          0          0   qnan.o
       974         86        200          0          0        200   rred.o
       156         10          0          0          0        104   sin.o
       236         14         40          0          0        100   sin_i.o
        72          6          0          0          0         76   sqrt.o

    ----------------------------------------------------------------------
      9226        504        560          0         96       3712   Library Totals
        12          0          0          0          0          0   (incl. Padding)

    ----------------------------------------------------------------------

      Code (inc. data)   RO Data    RW Data    ZI Data      Debug   Library Name

       822         20          0          0         96        976   c_p.l
      3692        124        128          0          0       1276   fz_ps.l
      4700        360        432          0          0       1460   m_ps.l

    ----------------------------------------------------------------------
      9226        504        560          0         96       3712   Library Totals

    ----------------------------------------------------------------------

==============================================================================


      Code (inc. data)   RO Data    RW Data    ZI Data      Debug   

     46212       3118      56556        396       8812     364850   Grand Totals
     46212       3118      56556        156       8812     364850   ELF Image Totals (compressed)
     46212       3118      56556        156          0          0   ROM Totals

==============================================================================

    Total RO  Size (Code + RO Data)               102768 ( 100.36kB)
    Total RW  Size (RW Data + ZI Data)              9208 (   8.99kB)
    Total ROM Size (Code + RO Data + RW Data)     102924 ( 100.51kB)

==============================================================================

